******************************************************************************
                  TI ARM Linker PC v20.2.2                     
******************************************************************************
>> Linked Mon Apr 19 07:36:21 2021

OUTPUT FILE NAME:   <Game_Controller.out>
ENTRY POINT SYMBOL: "_c_int00_noargs"  address: 00012ddd


MEMORY CONFIGURATION

         name            origin    length      used     unused   attr    fill
----------------------  --------  ---------  --------  --------  ----  --------
  FLASH                 00000000   00040000  00013d5e  0002c2a2  R  X
  SRAM                  20000000   00008000  00007e24  000001dc  RW X


SEGMENT ALLOCATION MAP

run origin  load origin   length   init length attrs members
----------  ----------- ---------- ----------- ----- -------
00000000    00000000    00013d60   00013d60    r-x
  00000000    00000000    0000026c   0000026c    r-- .intvecs
  0000026c    0000026c    00012f6a   00012f6a    r-x .text
  000131d8    000131d8    00000980   00000980    r-- .const
  00013b58    00013b58    00000208   00000208    r-- .cinit
20000000    20000000    00007e28   00000000    rw-
  20000000    20000000    0000026c   00000000    rw- .vtable
  2000026c    2000026c    000073e0   00000000    rw- .bss
  2000764c    2000764c    000005c8   00000000    rw- .data
  20007c18    20007c18    00000200   00000000    rw- .stack
  20007e18    20007e18    00000010   00000000    rw- .sysmem


SECTION ALLOCATION MAP

 output                                  attributes/
section   page    origin      length       input sections
--------  ----  ----------  ----------   ----------------
.intvecs   0    00000000    0000026c     
                  00000000    0000026c     tm4c123gh6pm_startup_ccs.obj (.intvecs)

.text      0    0000026c    00012f6a     
                  0000026c    00001df0     tasks.obj (.text)
                  0000205c    000015ba     usb.obj (.text)
                  00003616    00000002     rtsv7M4_T_le_v4SPD16_eabi.lib : _lock.c.obj (.text:_nop)
                  00003618    000011f4     usbdenum.obj (.text)
                  0000480c    00001058     queue.obj (.text)
                  00005864    00000ef4     sysctl.obj (.text)
                  00006758    00000e64     usbdma.obj (.text)
                  000075bc    00000d10     usbdhid.obj (.text)
                  000082cc    00000b88     gpio.obj (.text)
                  00008e54    00000a4e     rtsv7M4_T_le_v4SPD16_eabi.lib : _printfi.c.obj (.text:__TI_printfi)
                  000098a2    00000002                                   : div0.asm.obj (.text)
                  000098a4    000007c2     adc.obj (.text)
                  0000a066    00000002     --HOLE-- [fill = 0]
                  0000a068    00000718     pwm.obj (.text)
                  0000a780    0000069c     i2c.obj (.text)
                  0000ae1c    00000618     uart.obj (.text)
                  0000b434    00000538     I2C_task.obj (.text)
                  0000b96c    000004e0     udma.obj (.text)
                  0000be4c    000004a8     uartstdio.obj (.text)
                  0000c2f4    0000049c     usbmode.obj (.text)
                  0000c790    000003fc     console_task.obj (.text)
                  0000cb8c    000003f4     usblib.lib : usbhostenum.obj (.text:USBHostIntHandlerInternal)
                  0000cf80    000003c0     interrupt.obj (.text)
                  0000d340    00000388     usbdconfig.obj (.text)
                  0000d6c8    00000346     ssi.obj (.text)
                  0000da0e    00000002     --HOLE-- [fill = 0]
                  0000da10    00000324     lcd_task.obj (.text)
                  0000dd34    00000300     usb_task.obj (.text)
                  0000e034    000002de     usbdcdesc.obj (.text)
                  0000e312    00000002     --HOLE-- [fill = 0]
                  0000e314    000002dc     usbdhidgamepad.obj (.text)
                  0000e5f0    0000028c     port.obj (.text)
                  0000e87c    00000270     rtsv7M4_T_le_v4SPD16_eabi.lib : _printfi.c.obj (.text:_pconv_a)
                  0000eaec    00000214     ADC_task.obj (.text)
                  0000ed00    000001f8     main.obj (.text)
                  0000eef8    000001d2     usbdesc.obj (.text)
                  0000f0ca    00000002     --HOLE-- [fill = 0]
                  0000f0cc    000001d0     rtsv7M4_T_le_v4SPD16_eabi.lib : _printfi.c.obj (.text:_pconv_g)
                  0000f29c    000001c0     heap_2.obj (.text)
                  0000f45c    000001bc     logger.obj (.text)
                  0000f618    000001b6     rtsv7M4_T_le_v4SPD16_eabi.lib : fd_add_t2.asm.obj (.text)
                  0000f7ce    00000002     --HOLE-- [fill = 0]
                  0000f7d0    00000190     usblib.lib : usbhostenum.obj (.text:ProcessUSBDeviceStateMachine)
                  0000f960    00000190     light_temp_task.obj (.text)
                  0000faf0    00000188     buttons.obj (.text)
                  0000fc78    0000017c     control_page.obj (.text)
                  0000fdf4    00000174     usblib.lib : usbhostenum.obj (.text:USBHCDInitInternal)
                  0000ff68    00000174                : usbhhub.obj (.text:USBHHubMain)
                  000100dc    00000144     GPOs.obj (.text)
                  00010220    0000013c     rtsv7M4_T_le_v4SPD16_eabi.lib : _printfi.c.obj (.text:_pconv_e)
                  0001035c    00000136                                   : fd_div_t2.asm.obj (.text)
                  00010492    00000002     --HOLE-- [fill = 0]
                  00010494    00000130     homepage.obj (.text)
                  000105c4    0000012a     list.obj (.text)
                  000106ee    00000002     --HOLE-- [fill = 0]
                  000106f0    00000124     rtsv7M4_T_le_v4SPD16_eabi.lib : _printfi.c.obj (.text:fcvt)
                  00010814    00000118     buzzer_lcdbl.obj (.text)
                  0001092c    00000114     rtsv7M4_T_le_v4SPD16_eabi.lib : fputs.c.obj (.text:fputs)
                  00010a40    00000110                                   : s_scalbn.c.obj (.text:scalbn)
                  00010b50    00000104     console_uart.obj (.text)
                  00010c54    00000100     usblib.lib : usbhostenum.obj (.text:USBHCDEnumHandler)
                  00010d54    00000100     rtsv7M4_T_le_v4SPD16_eabi.lib : memory.c.obj (.text:aligned_alloc)
                  00010e54    000000fc                                   : fd_mul_t2.asm.obj (.text)
                  00010f50    000000f0     usblib.lib : usbhostenum.obj (.text:USBHCDControlTransfer)
                  00011040    000000f0                : usbhostenum.obj (.text:USBHCDInit)
                  00011130    000000ec     board_task.obj (.text)
                  0001121c    000000ec     usbtick.obj (.text)
                  00011308    000000e4     rtsv7M4_T_le_v4SPD16_eabi.lib : memory.c.obj (.text:free)
                  000113ec    000000e0     usblib.lib : usbhostenum.obj (.text:USBHCDMain)
                  000114cc    000000dc     rtsv7M4_T_le_v4SPD16_eabi.lib : setvbuf.c.obj (.text:setvbuf)
                  000115a8    000000da     portasm.obj (.text)
                  00011682    00000002     --HOLE-- [fill = 0]
                  00011684    000000d2     text_controls.obj (.text)
                  00011756    000000c8     usbulpi.obj (.text)
                  0001181e    00000002     --HOLE-- [fill = 0]
                  00011820    000000c0     fpu.obj (.text)
                  000118e0    000000b1     rtsv7M4_T_le_v4SPD16_eabi.lib : _printfi.c.obj (.text:_ltostr)
                  00011991    00000003     --HOLE-- [fill = 0]
                  00011994    0000009c     usblib.lib : usbhostenum.obj (.text:USBHCDDeviceDisconnected)
                  00011a30    0000009c                : usbhostenum.obj (.text:USBHCDFeatureSet)
                  00011acc    0000009c     rtsv7M4_T_le_v4SPD16_eabi.lib : memcpy_t2.asm.obj (.text)
                  00011b68    00000096                                   : ull_div_t2.asm.obj (.text)
                  00011bfe    00000002     --HOLE-- [fill = 0]
                  00011c00    00000090     usblib.lib : usbhostenum.obj (.text:USBHCDOpenDriver)
                  00011c90    00000086     rtsv7M4_T_le_v4SPD16_eabi.lib : fd_cmp_t2.asm.obj (.text:__aeabi_cdcmple)
                  00011d16    00000086                                   : fd_cmp_t2.asm.obj (.text:__aeabi_cdrcmple)
                  00011d9c    0000007c                                   : fflush.c.obj (.text:fflush)
                  00011e18    0000007a                                   : memset_t2.asm.obj (.text)
                  00011e92    00000074     usblib.lib : usbhostenum.obj (.text:USBHCDGetConfigDescriptor)
                  00011f06    00000002     --HOLE-- [fill = 0]
                  00011f08    00000074     rtsv7M4_T_le_v4SPD16_eabi.lib : fclose.c.obj (.text:__TI_closefile)
                  00011f7c    00000070                                   : memory.c.obj (.text:split)
                  00011fec    0000006e                                   : _printfi.c.obj (.text:_mcpy)
                  0001205a    00000002     --HOLE-- [fill = 0]
                  0001205c    0000006c                                   : hostrename.c.obj (.text:HOSTrename)
                  000120c8    00000068                                   : hostlseek.c.obj (.text:HOSTlseek)
                  00012130    00000068                                   : copy_decompress_lzss.c.obj (.text:decompress:lzss:__TI_decompress_lzss)
                  00012198    00000064     usblib.lib : usbhostenum.obj (.text:USBHostCheckPipes)
                  000121fc    00000064     rtsv7M4_T_le_v4SPD16_eabi.lib : s_frexp.c.obj (.text:frexp)
                  00012260    00000064                                   : fseek.c.obj (.text:fseek)
                  000122c4    00000062                                   : _io_perm.c.obj (.text:__TI_wrt_ok)
                  00012326    00000002     --HOLE-- [fill = 0]
                  00012328    00000060                                   : hostopen.c.obj (.text:HOSTopen)
                  00012388    0000005c     usblib.lib : usbhostenum.obj (.text:ConfigDescAlloc)
                  000123e4    0000005c                : usbhostenum.obj (.text:USBHCDGetDeviceDescriptor)
                  00012440    0000005c     rtsv7M4_T_le_v4SPD16_eabi.lib : close.c.obj (.text:close)
                  0001249c    00000058                                   : hostread.c.obj (.text:HOSTread)
                  000124f4    00000058                                   : hostwrite.c.obj (.text:HOSTwrite)
                  0001254c    00000058     usblib.lib : usbhostenum.obj (.text:USBHCDEP0StateTx)
                  000125a4    00000058                : usbhostenum.obj (.text:USBHCDHubDeviceConnected)
                  000125fc    00000056     rtsv7M4_T_le_v4SPD16_eabi.lib : _printfi.c.obj (.text:_pconv_f)
                  00012652    00000054                                   : _ltoa.c.obj (.text:__TI_ltoa)
                  000126a6    00000052                                   : _printfi.c.obj (.text:_ecpy)
                  000126f8    00000050     usblib.lib : usbhhub.obj (.text:HubGetPortStatus)
                  00012748    0000004c                : usbhhub.obj (.text:HubDriverDeviceDisconnect)
                  00012794    0000004c                : usbhostenum.obj (.text:USBHCDPowerConfigSet)
                  000127e0    0000004c     rtsv7M4_T_le_v4SPD16_eabi.lib : fflush.c.obj (.text:__TI_doflush)
                  0001282c    0000004c                                   : atoi.c.obj (.text:atoi)
                  00012878    0000004c     task_manager_page.obj (.text)
                  000128c4    00000048     usblib.lib : usbhostenum.obj (.text:USBHCDSetAddress)
                  0001290c    00000048                : usbhhub.obj (.text:USBHHubInit)
                  00012954    00000048     rtsv7M4_T_le_v4SPD16_eabi.lib : exit.c.obj (.text:exit)
                  0001299c    00000048                                   : fd_toi_t2.asm.obj (.text)
                  000129e4    00000044                                   : hostclose.c.obj (.text:HOSTclose)
                  00012a28    00000044                                   : hostunlink.c.obj (.text:HOSTunlink)
                  00012a6c    00000044                                   : autoinit.c.obj (.text:__TI_auto_init_nobinit_nopinit:__TI_auto_init_nobinit_nopinit)
                  00012ab0    00000044                                   : getdevice.c.obj (.text:getdevice)
                  00012af4    00000040                                   : u_divt2.asm.obj (.text)
                  00012b34    00000040                                   : sprintf.c.obj (.text:sprintf)
                  00012b74    0000003e                                   : _printfi.c.obj (.text:_fcpy)
                  00012bb2    0000003e     cpu.obj (.text)
                  00012bf0    0000003c     usblib.lib : usbhhub.obj (.text:HubDriverReset)
                  00012c2c    00000038                : usbhostenum.obj (.text:USBHCDReset)
                  00012c64    00000038     rtsv7M4_T_le_v4SPD16_eabi.lib : trgmsg.c.obj (.text:__TI_writemsg)
                  00012c9c    00000036     usblib.lib : usbhhub.obj (.text:HubClearPortFeature)
                  00012cd2    00000036                : usbhhub.obj (.text:HubSetPortFeature)
                  00012d08    00000036     rtsv7M4_T_le_v4SPD16_eabi.lib : strncpy.c.obj (.text:strncpy)
                  00012d3e    00000034     usblib.lib : usbhostenum.obj (.text:USBHCDSetConfig)
                  00012d72    00000002     --HOLE-- [fill = 0]
                  00012d74    00000034     rtsv7M4_T_le_v4SPD16_eabi.lib : fopen.c.obj (.text:__TI_cleanup)
                  00012da8    00000034                                   : trgmsg.c.obj (.text:__TI_readmsg)
                  00012ddc    00000034                                   : boot_cortex_m.c.obj (.text:_c_int00_noargs:_c_int00_noargs)
                  00012e10    00000030                                   : getdevice.c.obj (.text:finddevice)
                  00012e40    0000002e                                   : i_tofd_t2.asm.obj (.text)
                  00012e6e    00000002     --HOLE-- [fill = 0]
                  00012e70    0000002c     usblib.lib : usbhostenum.obj (.text:ConfigDescFree)
                  00012e9c    0000002c                : usbhostenum.obj (.text:InternalUSBHCDSendEvent)
                  00012ec8    0000002c     rtsv7M4_T_le_v4SPD16_eabi.lib : unlink.c.obj (.text:unlink)
                  00012ef4    0000002a     hooks.obj (.text)
                  00012f1e    00000002     --HOLE-- [fill = 0]
                  00012f20    00000028     rtsv7M4_T_le_v4SPD16_eabi.lib : memory.c.obj (.text:free_list_insert)
                  00012f48    00000028                                   : lseek.c.obj (.text:lseek)
                  00012f70    00000028                                   : write.c.obj (.text:write)
                  00012f98    00000020     usblib.lib : usbhhub.obj (.text:HubDriverDeviceConnect)
                  00012fb8    00000020                : usbhhub.obj (.text:HubDriverDeviceReset)
                  00012fd8    00000020     rtsv7M4_T_le_v4SPD16_eabi.lib : memchr.c.obj (.text:memchr)
                  00012ff8    0000001c                                   : assert.c.obj (.text:_abort_msg)
                  00013014    0000001c                                   : memory.c.obj (.text:free_list_remove)
                  00013030    0000001c                                   : memccpy.c.obj (.text:memccpy)
                  0001304c    0000001a                                   : s_copysign.c.obj (.text:copysign)
                  00013066    00000002     --HOLE-- [fill = 0]
                  00013068    00000018     usblib.lib : usbhhub.obj (.text:USBHHubEnumerationComplete)
                  00013080    00000018                : usbhhub.obj (.text:USBHHubEnumerationError)
                  00013098    00000018     rtsv7M4_T_le_v4SPD16_eabi.lib : sprintf.c.obj (.text:_outs)
                  000130b0    00000018                                   : strcmp.c.obj (.text:strcmp)
                  000130c8    00000018     usbdhandler.obj (.text)
                  000130e0    00000016     rtsv7M4_T_le_v4SPD16_eabi.lib : strchr.c.obj (.text:strchr)
                  000130f6    00000002     --HOLE-- [fill = 0]
                  000130f8    00000014     usblib.lib : usbhostenum.obj (.text:USBHCDPowerAutomatic)
                  0001310c    00000014                : usbhhub.obj (.text:USBHubPortSpeedSet)
                  00013120    00000014     rtsv7M4_T_le_v4SPD16_eabi.lib : strcpy.c.obj (.text:strcpy)
                  00013134    00000014                                   : strlen.c.obj (.text:strlen)
                  00013148    00000012     usblib.lib : usbhostenum.obj (.text:SendUnknownConnect)
                  0001315a    00000012     rtsv7M4_T_le_v4SPD16_eabi.lib : wcslen.c.obj (.text:wcslen)
                  0001316c    0000000e                                   : copy_decompress_none.c.obj (.text:decompress:none:__TI_decompress_none)
                  0001317a    00000002     --HOLE-- [fill = 0]
                  0001317c    0000000c     usblib.lib : usbhostenum.obj (.text:USBHCDHubDeviceDisconnected)
                  00013188    0000000c                : usbhostenum.obj (.text:USBHCDPowerConfigGet)
                  00013194    0000000c     rtsv7M4_T_le_v4SPD16_eabi.lib : copy_zero_init.c.obj (.text:decompress:ZI:__TI_zero_init)
                  000131a0    0000000c     tm4c123gh6pm_startup_ccs.obj (.text)
                  000131ac    0000000a     rtsv7M4_T_le_v4SPD16_eabi.lib : sprintf.c.obj (.text:_outc)
                  000131b6    00000002     --HOLE-- [fill = 0]
                  000131b8    00000008                                   : errno.c.obj (.text:__aeabi_errno_addr)
                  000131c0    00000008                                   : memory.c.obj (.text:malloc)
                  000131c8    00000006     sysctl.obj (.text:SysCtlDelay)
                  000131ce    00000004     rtsv7M4_T_le_v4SPD16_eabi.lib : pre_init.c.obj (.text:_system_pre_init)
                  000131d2    00000004                                   : exit.c.obj (.text:abort:abort)

.const     0    000131d8    00000980     
                  000131d8    00000120     sysctl.obj (.const:g_pppui32XTALtoVCO)
                  000132f8    00000101     rtsv7M4_T_le_v4SPD16_eabi.lib : ctype.c.obj (.const:.string:_ctypes_)
                  000133f9    00000003     --HOLE-- [fill = 0]
                  000133fc    000000c0     gpio.obj (.const:g_ppui32GPIOIntMapBlizzard)
                  000134bc    000000c0     gpio.obj (.const:g_ppui32GPIOIntMapSnowflake)
                  0001357c    0000009c     interrupt.obj (.const:g_pui32Regs)
                  00013618    00000090     gpio.obj (.const:g_pui32GPIOBaseAddrs)
                  000136a8    0000006c     sysctl.obj (.const:g_pui32Xtals)
                  00013714    00000050     i2c.obj (.const:g_ppui32I2CIntMapSnowflake)
                  00013764    00000040     uart.obj (.const:g_ppui32UARTIntMap)
                  000137a4    00000040     uart.obj (.const:g_ppui32UARTIntMapSnowflake)
                  000137e4    0000003a     usbdhidgamepad.obj (.const:.string:g_pui8GameReportDescriptor)
                  0001381e    00000002     --HOLE-- [fill = 0]
                  00013820    00000034     buttons.obj (.const:.string)
                  00013854    00000034     usb_structs.obj (.const:.string:g_pui8ConfigString)
                  00013888    00000034     usbdenum.obj (.const:g_psUSBDStdRequests)
                  000138bc    00000030     ADC_task.obj (.const:.string)
                  000138ec    00000030     i2c.obj (.const:g_ppui32I2CIntMap)
                  0001391c    00000030     usbdhid.obj (.const:g_sHIDHandlers)
                  0001394c    00000030     sysctl.obj (.const:g_sXTALtoMEMTIM)
                  0001397c    0000002c     GPOs.obj (.const:.string)
                  000139a8    0000002c     usb_structs.obj (.const:.string:g_pui8HIDInterfaceString)
                  000139d4    00000022     usb_structs.obj (.const:.string:g_pui8ProductString)
                  000139f6    00000002     --HOLE-- [fill = 0]
                  000139f8    00000020     ssi.obj (.const:g_ppui32SSIIntMap)
                  00013a18    00000020     ssi.obj (.const:g_ppui32SSIIntMapSnowflake)
                  00013a38    00000020     interrupt.obj (.const:g_pui32Priority)
                  00013a58    00000018     usb_structs.obj (.const:g_ppui8StringDescriptors)
                  00013a70    00000014     usb_structs.obj (.const:.string:g_pui8ManufacturerString)
                  00013a84    00000014     interrupt.obj (.const:g_pui32Dii16Regs)
                  00013a98    00000014     interrupt.obj (.const:g_pui32EnRegs)
                  00013aac    00000014     interrupt.obj (.const:g_pui32PendRegs)
                  00013ac0    00000014     interrupt.obj (.const:g_pui32UnpendRegs)
                  00013ad4    00000012     usb_structs.obj (.const:.string:g_pui8SerialNumberString)
                  00013ae6    00000002     --HOLE-- [fill = 0]
                  00013ae8    00000012     uartstdio.obj (.const:.string)
                  00013afa    00000002     --HOLE-- [fill = 0]
                  00013afc    0000000c     uartstdio.obj (.const:g_ui32UARTBase)
                  00013b08    0000000c     uartstdio.obj (.const:g_ui32UARTPeriph)
                  00013b14    00000008     sysctl.obj (.const:g_pui32VCOFrequencies)
                  00013b1c    00000008     usbdhidgamepad.obj (.const:g_sHIDConfigSection)
                  00013b24    00000008     usbdhidgamepad.obj (.const:g_sHIDInEndpointSection)
                  00013b2c    00000008     usbdhidgamepad.obj (.const:g_sHIDInterfaceSection)
                  00013b34    00000008     GPOs.obj (.const:led_info)
                  00013b3c    00000008     port.obj (.const)
                  00013b44    00000007     usbdhidgamepad.obj (.const:.string:g_pui8HIDInEndpoint)
                  00013b4b    00000004     usb_structs.obj (.const:.string:g_pui8LangDescriptor)
                  00013b4f    00000001     --HOLE-- [fill = 0]
                  00013b50    00000004     usbdhidgamepad.obj (.const:g_ppsHIDConfigDescriptors)
                  00013b54    00000004     uartstdio.obj (.const)

.cinit     0    00013b58    00000208     
                  00013b58    000001d1     (.cinit..data.load) [load image, compression = lzss]
                  00013d29    00000003     --HOLE-- [fill = 0]
                  00013d2c    0000000c     (__TI_handler_table)
                  00013d38    00000008     (.cinit..bss.load) [load image, compression = zero_init]
                  00013d40    00000008     (.cinit..vtable.load) [load image, compression = zero_init]
                  00013d48    00000018     (__TI_cinit_table)

.init_array 
*          0    00000000    00000000     UNINITIALIZED

.vtable    0    20000000    0000026c     UNINITIALIZED
                  20000000    0000026c     interrupt.obj (.vtable)

.bss       0    2000026c    000073e0     UNINITIALIZED
                  2000026c    00006400     (.common:ucHeap)
                  2000666c    000006cc     usblib.lib : usbhostenum.obj (.bss:g_sUSBHCD)
                  20006d38    00000190     task_manager_page.obj (.bss:write_buffer)
                  20006ec8    00000120     rtsv7M4_T_le_v4SPD16_eabi.lib : trgmsg.c.obj (.bss:_CIOBUF_)
                  20006fe8    00000110     usbdma.obj (.bss:g_psUSBDMAInst)
                  200070f8    000000f0     logger.obj (.bss:errors)
                  200071e8    000000a0     (.common:__TI_tmpnams)
                  20007288    0000009c     usblib.lib : usbhhub.obj (.bss:g_sRootHub)
                  20007324    00000064     tasks.obj (.bss:pxReadyTasksLists)
                  20007388    00000050     (.common:g_psDCDInst)
                  200073d8    00000040     usbdenum.obj (.bss:g_pui8DataBufferIn)
                  20007418    00000040     (.common:xQueueRegistry)
                  20007458    00000034     usb_task.obj (.bss)
                  2000748c    00000020     ADC_task.obj (.bss:adc0_step_values)
                  200074ac    00000020     light_temp_task.obj (.bss:light_config_msg)
                  200074cc    00000020     light_temp_task.obj (.bss:light_i2c_msg)
                  200074ec    00000018     usblib.lib : usbhostenum.obj (.bss:g_pi32USBHActiveDriver)
                  20007504    00000018                : usbhostenum.obj (.bss:g_ppvDriverInstance)
                  2000751c    00000018     (.common:g_pfnTickHandlers)
                  20007534    00000018     (.common:g_pvTickInstance)
                  2000754c    00000014     tasks.obj (.bss:xDelayedTaskList1)
                  20007560    00000014     tasks.obj (.bss:xDelayedTaskList2)
                  20007574    00000014     tasks.obj (.bss:xPendingReadyList)
                  20007588    00000014     tasks.obj (.bss:xSuspendedTaskList)
                  2000759c    00000014     tasks.obj (.bss:xTasksWaitingTermination)
                  200075b0    0000000c     lcd_task.obj (.bss)
                  200075bc    00000008     board_task.obj (.bss)
                  200075c4    00000008     console_uart.obj (.bss)
                  200075cc    00000008     usblib.lib : usbhostenum.obj (.bss:g_pui32Alloc)
                  200075d4    00000008     tasks.obj (.bss)
                  200075dc    00000008     usblib.lib : usbhhub.obj (.bss)
                  200075e4    00000008     heap_2.obj (.bss:xEnd)
                  200075ec    00000008     heap_2.obj (.bss:xStart)
                  200075f4    00000008     (.common:adc_info)
                  200075fc    00000008     (.common:buttons_info)
                  20007604    00000008     (.common:parmbuf)
                  2000760c    00000006     usb_task.obj (.bss:sReport)
                  20007612    00000001     (.common:g_eOTGModeState)
                  20007613    00000001     --HOLE--
                  20007614    00000004     I2C_task.obj (.bss)
                  20007618    00000004     adc.obj (.bss:g_pui8OversampleFactor)
                  2000761c    00000004     light_temp_task.obj (.bss:light_config)
                  20007620    00000004     light_temp_task.obj (.bss:light_rx_data)
                  20007624    00000004     light_temp_task.obj (.bss:light_tx_data)
                  20007628    00000004     usbdenum.obj (.bss)
                  2000762c    00000004     usblib.lib : usbhostenum.obj (.bss)
                  20007630    00000004     usbmode.obj (.bss)
                  20007634    00000004     (.common:addr_ack_err)
                  20007638    00000004     (.common:arb_lost_err)
                  2000763c    00000004     (.common:clk_tout_err)
                  20007640    00000004     (.common:data_ack_err)
                  20007644    00000004     (.common:g_ppsDevInfo)
                  20007648    00000004     (.common:g_ui32PollRate)

.data      0    2000764c    000005c8     UNINITIALIZED
                  2000764c    000000f0     rtsv7M4_T_le_v4SPD16_eabi.lib : defs.c.obj (.data:_ftable)
                  2000773c    00000098     usb_structs.obj (.data:g_sGamepadDevice)
                  200077d4    0000008c     console_task.obj (.data:console_pages)
                  20007860    00000078     rtsv7M4_T_le_v4SPD16_eabi.lib : host_device.c.obj (.data:_device)
                  200078d8    00000050                                   : host_device.c.obj (.data:_stream)
                  20007928    00000034     tasks.obj (.data)
                  2000795c    0000001c     ADC_task.obj (.data:accel_x)
                  20007978    0000001c     ADC_task.obj (.data:accel_y)
                  20007994    0000001c     ADC_task.obj (.data:accel_z)
                  200079b0    0000001c     ADC_task.obj (.data:joystick_x)
                  200079cc    0000001c     ADC_task.obj (.data:joystick_y)
                  200079e8    00000018     usblib.lib : usbhostenum.obj (.data:g_sUSBHEP0State)
                  20007a00    00000014     ADC_task.obj (.data:adc_pins)
                  20007a14    00000014     GPOs.obj (.data:blue_led)
                  20007a28    00000014     buttons.obj (.data:button_1)
                  20007a3c    00000014     buttons.obj (.data:button_2)
                  20007a50    00000014     buttons.obj (.data:gpio_pins)
                  20007a64    00000014     GPOs.obj (.data:gpos)
                  20007a78    00000014     GPOs.obj (.data:green_led)
                  20007a8c    00000014     buttons.obj (.data:joystick_ok)
                  20007aa0    00000014     GPOs.obj (.data:lcd_frame_signal)
                  20007ab4    00000014     GPOs.obj (.data:lcd_reset)
                  20007ac8    00000014     GPOs.obj (.data:lcd_rs)
                  20007adc    00000014     buttons.obj (.data:select)
                  20007af0    00000014     buttons.obj (.data:start)
                  20007b04    00000014     usblib.lib : usbhostenum.obj (.data)
                  20007b18    00000012     usbdhid.obj (.data:g_pui8HIDDeviceDescriptor)
                  20007b2a    00000002     --HOLE--
                  20007b2c    00000010     console_task.obj (.data)
                  20007b3c    00000010     usbdhidgamepad.obj (.data:g_psHIDSections)
                  20007b4c    00000010     rtsv7M4_T_le_v4SPD16_eabi.lib : defs.c.obj (.data)
                  20007b5c    0000000c                                   : exit.c.obj (.data:$O1$$)
                  20007b68    0000000c     port.obj (.data)
                  20007b74    0000000c     usbtick.obj (.data)
                  20007b80    00000009     usbdhidgamepad.obj (.data:g_pui8GameDescriptor)
                  20007b89    00000009     usbdhidgamepad.obj (.data:g_pui8HIDInterface)
                  20007b92    00000009     usbdhidgamepad.obj (.data:g_sGameHIDDescriptor)
                  20007b9b    00000001     --HOLE--
                  20007b9c    00000009     usbmode.obj (.data)
                  20007ba5    00000003     --HOLE--
                  20007ba8    00000008     rtsv7M4_T_le_v4SPD16_eabi.lib : _lock.c.obj (.data:$O1$$)
                  20007bb0    00000008                                   : memory.c.obj (.data:$O1$$)
                  20007bb8    00000008     ADC_task.obj (.data:adc_pin_struct)
                  20007bc0    00000008     buttons.obj (.data:button_info)
                  20007bc8    00000008     usbdhidgamepad.obj (.data:g_sHIDConfigHeader)
                  20007bd0    00000008     usbdhidgamepad.obj (.data:g_sHIDDescriptorSection)
                  20007bd8    00000008     heap_2.obj (.data)
                  20007be0    00000008     lcd_task.obj (.data)
                  20007be8    00000008     usbdenum.obj (.data)
                  20007bf0    00000005     I2C_task.obj (.data)
                  20007bf5    00000003     --HOLE--
                  20007bf8    00000005     uartstdio.obj (.data)
                  20007bfd    00000003     --HOLE--
                  20007c00    00000004     ADC_task.obj (.data)
                  20007c04    00000004     usbdhidgamepad.obj (.data:g_ppui8GameClassDescriptors)
                  20007c08    00000004     logger.obj (.data)
                  20007c0c    00000004     main.obj (.data)
                  20007c10    00000004     rtsv7M4_T_le_v4SPD16_eabi.lib : errno.c.obj (.data)

.stack     0    20007c18    00000200     UNINITIALIZED
                  20007c18    00000004     rtsv7M4_T_le_v4SPD16_eabi.lib : boot_cortex_m.c.obj (.stack)
                  20007c1c    000001fc     --HOLE--

.sysmem    0    20007e18    00000010     UNINITIALIZED
                  20007e18    00000010     rtsv7M4_T_le_v4SPD16_eabi.lib : memory.c.obj (.sysmem)

__llvm_prf_cnts 
*          0    20000000    00000000     UNINITIALIZED

MODULE SUMMARY

       Module                         code    ro data   rw data
       ------                         ----    -------   -------
    .\
       ADC_task.obj                   532     48        25804  
       I2C_task.obj                   1336    0         25     
       console_task.obj               1020    0         156    
       usb_task.obj                   768     0         58     
       lcd_task.obj                   804     0         20     
       logger.obj                     444     0         244    
       tm4c123gh6pm_startup_ccs.obj   12      620       0      
       buttons.obj                    392     52        128    
       main.obj                       504     0         4      
       GPOs.obj                       324     52        120    
       light_temp_task.obj            400     0         76     
       task_manager_page.obj          76      0         400    
       heap_2.obj                     448     0         24     
       control_page.obj               380     0         16     
       usb_structs.obj                0       196       152    
       homepage.obj                   304     0         0      
       buzzer_lcdbl.obj               280     0         0      
       console_uart.obj               260     0         8      
       board_task.obj                 236     0         8      
       text_controls.obj              210     0         0      
       hooks.obj                      42      0         0      
    +--+------------------------------+-------+---------+---------+
       Total:                         8772    968       27243  
                                                               
    .\FreeRTOS\
       tasks.obj                      7664    0         260    
       queue.obj                      4184    0         64     
       list.obj                       298     0         0      
    +--+------------------------------+-------+---------+---------+
       Total:                         12146   0         324    
                                                               
    .\FreeRTOS\portable\CCS\ARM_CM4F\
       port.obj                       652     8         12     
       portasm.obj                    218     0         0      
    +--+------------------------------+-------+---------+---------+
       Total:                         870     8         12     
                                                               
    .\driverlib\
       usb.obj                        5562    0         0      
       sysctl.obj                     3834    452       0      
       gpio.obj                       2952    528       0      
       adc.obj                        1986    0         4      
       interrupt.obj                  960     268       620    
       i2c.obj                        1692    128       0      
       pwm.obj                        1816    0         0      
       uart.obj                       1560    128       0      
       udma.obj                       1248    0         0      
       ssi.obj                        838     64        0      
       fpu.obj                        192     0         0      
       cpu.obj                        62      0         0      
    +--+------------------------------+-------+---------+---------+
       Total:                         22702   1568      624    
                                                               
    .\usb\
       usbdenum.obj                   4596    52        160    
       usbdma.obj                     3684    0         272    
       usbdhid.obj                    3344    48        18     
       usbmode.obj                    1180    0         18     
       usbdconfig.obj                 904     0         0      
       usbdhidgamepad.obj             732     93        63     
       usbdcdesc.obj                  734     0         0      
       usbdesc.obj                    466     0         0      
       usbtick.obj                    236     0         60     
       usbulpi.obj                    200     0         0      
       usbdhandler.obj                24      0         0      
    +--+------------------------------+-------+---------+---------+
       Total:                         16100   193       591    
                                                               
    .\utils\
       uartstdio.obj                  1192    46        5      
    +--+------------------------------+-------+---------+---------+
       Total:                         1192    46        5      
                                                               
    C:/ti/TivaWare_C_Series-2.2.0.295/usblib/ccs/Debug/usblib.lib
       usbhostenum.obj                4182    0         1844   
       usbhhub.obj                    900     0         164    
    +--+------------------------------+-------+---------+---------+
       Total:                         5082    0         2008   
                                                               
    C:\ti\ccs1020\ccs\tools\compiler\ti-cgt-arm_20.2.2.LTS\lib\rtsv7M4_T_le_v4SPD16_eabi.lib
       _printfi.c.obj                 4851    0         0      
       memory.c.obj                   672     0         8      
       fd_add_t2.asm.obj              438     0         0      
       defs.c.obj                     0       0         416    
       trgmsg.c.obj                   108     0         288    
       fd_div_t2.asm.obj              310     0         0      
       fputs.c.obj                    276     0         0      
       s_scalbn.c.obj                 272     0         0      
       fd_cmp_t2.asm.obj              268     0         0      
       ctype.c.obj                    0       257       0      
       fd_mul_t2.asm.obj              252     0         0      
       setvbuf.c.obj                  220     0         0      
       fflush.c.obj                   200     0         0      
       host_device.c.obj              0       0         200    
       memcpy_t2.asm.obj              156     0         0      
       ull_div_t2.asm.obj             150     0         0      
       memset_t2.asm.obj              122     0         0      
       fclose.c.obj                   116     0         0      
       getdevice.c.obj                116     0         0      
       hostrename.c.obj               108     0         0      
       copy_decompress_lzss.c.obj     104     0         0      
       hostlseek.c.obj                104     0         0      
       hostopen.c.obj                 96      0         8      
       fseek.c.obj                    100     0         0      
       s_frexp.c.obj                  100     0         0      
       _io_perm.c.obj                 98      0         0      
       sprintf.c.obj                  98      0         0      
       close.c.obj                    92      0         0      
       exit.c.obj                     76      0         12     
       hostread.c.obj                 88      0         0      
       hostwrite.c.obj                88      0         0      
       _ltoa.c.obj                    84      0         0      
       atoi.c.obj                     76      0         0      
       fd_toi_t2.asm.obj              72      0         0      
       autoinit.c.obj                 68      0         0      
       hostclose.c.obj                68      0         0      
       hostunlink.c.obj               68      0         0      
       u_divt2.asm.obj                64      0         0      
       strncpy.c.obj                  54      0         0      
       boot_cortex_m.c.obj            52      0         0      
       fopen.c.obj                    52      0         0      
       i_tofd_t2.asm.obj              46      0         0      
       unlink.c.obj                   44      0         0      
       lseek.c.obj                    40      0         0      
       write.c.obj                    40      0         0      
       memchr.c.obj                   32      0         0      
       assert.c.obj                   28      0         0      
       memccpy.c.obj                  28      0         0      
       s_copysign.c.obj               26      0         0      
       strcmp.c.obj                   24      0         0      
       strchr.c.obj                   22      0         0      
       strcpy.c.obj                   20      0         0      
       strlen.c.obj                   20      0         0      
       wcslen.c.obj                   18      0         0      
       copy_decompress_none.c.obj     14      0         0      
       copy_zero_init.c.obj           12      0         0      
       errno.c.obj                    8       0         4      
       _lock.c.obj                    2       0         8      
       pre_init.c.obj                 4       0         0      
       div0.asm.obj                   2       0         0      
    +--+------------------------------+-------+---------+---------+
       Total:                         10767   257       944    
                                                               
       Heap:                          0       0         16     
       Stack:                         0       0         512    
       Linker Generated:              0       517       0      
    +--+------------------------------+-------+---------+---------+
       Grand Total:                   77631   3557      32279  


LINKER GENERATED COPY TABLES

__TI_cinit_table @ 00013d48 records: 3, size/record: 8, table size: 24
	.data: load addr=00013b58, load size=000001d1 bytes, run addr=2000764c, run size=000005c8 bytes, compression=lzss
	.bss: load addr=00013d38, load size=00000008 bytes, run addr=2000026c, run size=000073e0 bytes, compression=zero_init
	.vtable: load addr=00013d40, load size=00000008 bytes, run addr=20000000, run size=0000026c bytes, compression=zero_init


LINKER GENERATED HANDLER TABLE

__TI_handler_table @ 00013d2c records: 3, size/record: 4, table size: 12
	index: 0, handler: __TI_zero_init
	index: 1, handler: __TI_decompress_lzss
	index: 2, handler: __TI_decompress_none


GLOBAL SYMBOLS: SORTED ALPHABETICALLY BY Name 

address   name                                 
-------   ----                                 
00009fe1  ADCBusy                              
0000a029  ADCClockConfigGet                    
00009fff  ADCClockConfigSet                    
00009dfb  ADCComparatorConfigure               
00009ecb  ADCComparatorIntClear                
00009e81  ADCComparatorIntDisable              
00009e9f  ADCComparatorIntEnable               
00009ebd  ADCComparatorIntStatus               
00009e17  ADCComparatorRegionSet               
00009e3b  ADCComparatorReset                   
00009dc9  ADCHardwareOversampleConfigure       
000099df  ADCIntClear                          
00009f43  ADCIntClearEx                        
00009945  ADCIntDisable                        
00009edd  ADCIntDisableEx                      
00009961  ADCIntEnable                         
00009ef5  ADCIntEnableEx                       
000098ff  ADCIntRegister                       
00009987  ADCIntStatus                         
00009f11  ADCIntStatusEx                       
00009927  ADCIntUnregister                     
00009f9b  ADCPhaseDelayGet                     
00009f89  ADCPhaseDelaySet                     
00009c3f  ADCProcessorTrigger                  
00009f77  ADCReferenceGet                      
00009f5b  ADCReferenceSet                      
00009a29  ADCSequenceConfigure                 
00009fc5  ADCSequenceDMADisable                
00009fa9  ADCSequenceDMAEnable                 
00009bfd  ADCSequenceDataGet                   
00009a0f  ADCSequenceDisable                   
000099f5  ADCSequenceEnable                    
00009ba1  ADCSequenceOverflow                  
00009bb9  ADCSequenceOverflowClear             
00009aad  ADCSequenceStepConfigure             
00009bcf  ADCSequenceUnderflow                 
00009be7  ADCSequenceUnderflowClear            
00009c63  ADCSoftwareOversampleConfigure       
00009d5b  ADCSoftwareOversampleDataGet         
00009c9b  ADCSoftwareOversampleStepConfigure   
000131d3  C$$EXIT                              
00012c93  C$$IO$$                              
00012be7  CPUbasepriGet                        
00012bd9  CPUbasepriSet                        
00012bb3  CPUcpsid                             
00012bc9  CPUcpsie                             
00012bbf  CPUprimask                           
00012bd5  CPUwfi                               
00012389  ConfigDescAlloc                      
00012e71  ConfigDescFree                       
00011833  FPUDisable                           
00011821  FPUEnable                            
0001189f  FPUFlushToZeroModeSet                
0001186b  FPUHalfPrecisionModeSet              
00011853  FPULazyStackingEnable                
00011885  FPUNaNModeSet                        
000118b9  FPURoundingModeSet                   
0001185f  FPUStackingDisable                   
00011841  FPUStackingEnable                    
00008e2f  GPIOADCTriggerDisable                
00008e11  GPIOADCTriggerEnable                 
00008df3  GPIODMATriggerDisable                
00008dd5  GPIODMATriggerEnable                 
00008387  GPIODirModeGet                       
0000832b  GPIODirModeSet                       
000088ef  GPIOIntClear                         
000088b3  GPIOIntDisable                       
00008899  GPIOIntEnable                        
00008903  GPIOIntRegister                      
000088cd  GPIOIntStatus                        
00008477  GPIOIntTypeGet                       
000083d3  GPIOIntTypeSet                       
00008921  GPIOIntUnregister                    
00008747  GPIOPadConfigGet                     
0000850d  GPIOPadConfigSet                     
00008d77  GPIOPinConfigure                     
0000893b  GPIOPinRead                          
00008973  GPIOPinTypeADC                       
00008997  GPIOPinTypeCAN                       
00008d43  GPIOPinTypeCIR                       
000089bb  GPIOPinTypeComparator                
000089df  GPIOPinTypeEPI                       
00008a03  GPIOPinTypeEthernetLED               
00008a27  GPIOPinTypeEthernetMII               
00008a4b  GPIOPinTypeGPIOInput                 
00008a6f  GPIOPinTypeGPIOOutput                
00008a93  GPIOPinTypeGPIOOutputOD              
00008ab7  GPIOPinTypeI2C                       
00008adb  GPIOPinTypeI2CSCL                    
00008cfb  GPIOPinTypeKBColumn                  
00008cd7  GPIOPinTypeKBRow                     
00008aff  GPIOPinTypeLCD                       
00008d1f  GPIOPinTypeLEDSeq                    
00008b23  GPIOPinTypeLPC                       
00008b47  GPIOPinTypePECIRx                    
00008b6b  GPIOPinTypePECITx                    
00008b8f  GPIOPinTypePWM                       
00008bb3  GPIOPinTypeQEI                       
00008bd7  GPIOPinTypeSSI                       
00008bfb  GPIOPinTypeTimer                     
00008c1f  GPIOPinTypeUART                      
00008c43  GPIOPinTypeUSBAnalog                 
00008c67  GPIOPinTypeUSBDigital                
00008c8b  GPIOPinTypeWakeHigh                  
00008cb1  GPIOPinTypeWakeLow                   
00008d67  GPIOPinWakeStatus                    
00008953  GPIOPinWrite                         
0000dd35  GamepadHandler                       
000129e5  HOSTclose                            
000120c9  HOSTlseek                            
00012329  HOSTopen                             
0001249d  HOSTread                             
0001205d  HOSTrename                           
00012a29  HOSTunlink                           
000124f5  HOSTwrite                            
0000ad77  I2CFIFODataGet                       
0000ad91  I2CFIFODataGetNonBlocking            
0000ad2d  I2CFIFODataPut                       
0000ad4f  I2CFIFODataPutNonBlocking            
0000ad1d  I2CFIFOStatus                        
0000a911  I2CIntRegister                       
0000a92f  I2CIntUnregister                     
0000adcd  I2CMasterBurstCountGet               
0000adb7  I2CMasterBurstLengthSet              
0000ab75  I2CMasterBusBusy                     
0000ab5d  I2CMasterBusy                        
0000ab8d  I2CMasterControl                     
0000abe1  I2CMasterDataGet                     
0000abcb  I2CMasterDataPut                     
0000a8dd  I2CMasterDisable                     
0000a8a9  I2CMasterEnable                      
0000ab9f  I2CMasterErr                         
0000addb  I2CMasterGlitchFilterConfigSet       
0000a7df  I2CMasterInitExpClk                  
0000aad7  I2CMasterIntClear                    
0000aaf5  I2CMasterIntClearEx                  
0000a9a3  I2CMasterIntDisable                  
0000a9b3  I2CMasterIntDisableEx                
0000a949  I2CMasterIntEnable                   
0000a959  I2CMasterIntEnableEx                 
0000a9fd  I2CMasterIntStatus                   
0000aa41  I2CMasterIntStatusEx                 
0000ab4f  I2CMasterLineStateGet                
0000ab2d  I2CMasterSlaveAddrSet                
0000abef  I2CMasterTimeoutSet                  
0000acdd  I2CRxFIFOConfigSet                   
0000ad05  I2CRxFIFOFlush                       
0000ac01  I2CSlaveACKOverride                  
0000ac33  I2CSlaveACKValueSet                  
0000a86b  I2CSlaveAddressSet                   
0000ac8d  I2CSlaveDataGet                      
0000ac75  I2CSlaveDataPut                      
0000a8f3  I2CSlaveDisable                      
0000a8bf  I2CSlaveEnable                       
0000ae0b  I2CSlaveFIFODisable                  
0000adf3  I2CSlaveFIFOEnable                   
0000a851  I2CSlaveInit                         
0000ab07  I2CSlaveIntClear                     
0000ab19  I2CSlaveIntClearEx                   
0000a9cb  I2CSlaveIntDisable                   
0000a9e3  I2CSlaveIntDisableEx                 
0000a971  I2CSlaveIntEnable                    
0000a989  I2CSlaveIntEnableEx                  
0000aa6d  I2CSlaveIntStatus                    
0000aab5  I2CSlaveIntStatusEx                  
0000ac65  I2CSlaveStatus                       
0000ac9d  I2CTxFIFOConfigSet                   
0000acc5  I2CTxFIFOFlush                       
0000d141  IntDisable                           
0000d0cf  IntEnable                            
0000d1b3  IntIsEnabled                         
0000cf93  IntMasterDisable                     
0000cf83  IntMasterEnable                      
0000d2a9  IntPendClear                         
0000d239  IntPendSet                           
0000d0ab  IntPriorityGet                       
0000d023  IntPriorityGroupingGet               
0000d009  IntPriorityGroupingSet               
0000d303  IntPriorityMaskGet                   
0000d2f7  IntPriorityMaskSet                   
0000d05b  IntPrioritySet                       
0000cfa3  IntRegister                          
0000d30b  IntTrigger                           
0000cff5  IntUnregister                        
00012e9d  InternalUSBHCDSendEvent              
00011263  InternalUSBRegisterTickHandler       
000112b3  InternalUSBStartOfFrameTick          
0001121d  InternalUSBTickInit                  
0001125b  InternalUSBTickReset                 
0000c67d  OTGDeviceDisconnect                  
0000a6e3  PWMClockGet                          
0000a6c3  PWMClockSet                          
0000a20d  PWMDeadBandDisable                   
0000a1d5  PWMDeadBandEnable                    
0000a589  PWMFaultIntClear                     
0000a5bb  PWMFaultIntClearExt                  
0000a4a3  PWMFaultIntRegister                  
0000a4c1  PWMFaultIntUnregister                
0000a069  PWMGenConfigure                      
0000a127  PWMGenDisable                        
0000a10d  PWMGenEnable                         
0000a68d  PWMGenFaultClear                     
0000a5d9  PWMGenFaultConfigure                 
0000a657  PWMGenFaultStatus                    
0000a633  PWMGenFaultTriggerGet                
0000a609  PWMGenFaultTriggerSet                
0000a541  PWMGenIntClear                       
0000a415  PWMGenIntRegister                    
0000a517  PWMGenIntStatus                      
0000a4f9  PWMGenIntTrigDisable                 
0000a4db  PWMGenIntTrigEnable                  
0000a43d  PWMGenIntUnregister                  
0000a0e3  PWMGenPeriodGet                      
0000a0b3  PWMGenPeriodSet                      
0000a571  PWMIntDisable                        
0000a559  PWMIntEnable                         
0000a59b  PWMIntStatus                         
0000a2e3  PWMOutputFault                       
0000a2b1  PWMOutputFaultLevel                  
0000a27f  PWMOutputInvert                      
0000a24d  PWMOutputState                       
0000a70d  PWMOutputUpdateMode                  
0000a18b  PWMPulseWidthGet                     
0000a141  PWMPulseWidthSet                     
0000a23b  PWMSyncTimeBase                      
0000a229  PWMSyncUpdate                        
000131a1  ResetISR                             
0000d991  SSIAdvDataPutFrameEnd                
0000d9b7  SSIAdvDataPutFrameEndNonBlocking     
0000d9f9  SSIAdvFrameHoldDisable               
0000d9e3  SSIAdvFrameHoldEnable                
0000d975  SSIAdvModeSet                        
0000d91f  SSIBusy                              
0000d951  SSIClockSourceGet                    
0000d93d  SSIClockSourceSet                    
0000d727  SSIConfigSetExpClk                   
0000d907  SSIDMADisable                        
0000d8ef  SSIDMAEnable                         
0000d8b1  SSIDataGet                           
0000d8cd  SSIDataGetNonBlocking                
0000d877  SSIDataPut                           
0000d891  SSIDataPutNonBlocking                
0000d7c9  SSIDisable                           
0000d7b3  SSIEnable                            
0000d865  SSIIntClear                          
0000d82f  SSIIntDisable                        
0000d817  SSIIntEnable                         
0000d7df  SSIIntRegister                       
0000d847  SSIIntStatus                         
0000d7fd  SSIIntUnregister                     
000066f7  SysCtlAltClkConfig                   
00005ecd  SysCtlClockFreqSet                   
000063b1  SysCtlClockGet                       
000066db  SysCtlClockOutConfig                 
000061e5  SysCtlClockSet                       
00005dcd  SysCtlDeepSleep                      
0000657d  SysCtlDeepSleepClockConfigSet        
0000655f  SysCtlDeepSleepClockSet              
00005dad  SysCtlDeepSleepPowerSet              
000131c9  SysCtlDelay                          
0000595b  SysCtlFlashSectorSizeGet             
0000592f  SysCtlFlashSizeGet                   
00006653  SysCtlGPIOAHBDisable                 
00006637  SysCtlGPIOAHBEnable                  
00005d41  SysCtlIntClear                       
00005d29  SysCtlIntDisable                     
00005d15  SysCtlIntEnable                      
00005ced  SysCtlIntRegister                    
00005d51  SysCtlIntStatus                      
00005d05  SysCtlIntUnregister                  
00005d93  SysCtlLDODeepSleepGet                
00005d83  SysCtlLDODeepSleepSet                
00005d7d  SysCtlLDOSleepGet                    
00005d6d  SysCtlLDOSleepSet                    
00005e03  SysCtlMOSCConfigSet                  
000066c7  SysCtlNMIClear                       
000066c1  SysCtlNMIStatus                      
00005e19  SysCtlPIOSCCalibrate                 
00006621  SysCtlPWMClockGet                    
00006607  SysCtlPWMClockSet                    
00005c99  SysCtlPeripheralClockGating          
00005c51  SysCtlPeripheralDeepSleepDisable     
00005c01  SysCtlPeripheralDeepSleepEnable      
00005b3d  SysCtlPeripheralDisable              
00005b01  SysCtlPeripheralEnable               
00005a3d  SysCtlPeripheralPowerOff             
00005a01  SysCtlPeripheralPowerOn              
00005981  SysCtlPeripheralPresent              
000059c1  SysCtlPeripheralReady                
00005a79  SysCtlPeripheralReset                
00005bc5  SysCtlPeripheralSleepDisable         
00005b81  SysCtlPeripheralSleepEnable          
00005dbd  SysCtlReset                          
00005e79  SysCtlResetBehaviorGet               
00005e69  SysCtlResetBehaviorSet               
00005def  SysCtlResetCauseClear                
00005de9  SysCtlResetCauseGet                  
00005925  SysCtlSRAMSizeGet                    
00005dc5  SysCtlSleep                          
00005d99  SysCtlSleepPowerSet                  
00006681  SysCtlUSBPLLDisable                  
0000666f  SysCtlUSBPLLEnable                   
000066ad  SysCtlVoltageEventClear              
00006691  SysCtlVoltageEventConfig             
000066a1  SysCtlVoltageEventStatus             
0000b3ed  UART9BitAddrSend                     
0000b3c7  UART9BitAddrSet                      
0000b3b1  UART9BitDisable                      
0000b39b  UART9BitEnable                       
0000b23f  UARTBreakCtl                         
0000b269  UARTBusy                             
0000b1e7  UARTCharGet                          
0000b1cb  UARTCharGetNonBlocking               
0000b221  UARTCharPut                          
0000b1fd  UARTCharPutNonBlocking               
0000b18f  UARTCharsAvail                       
0000b38b  UARTClockSourceGet                   
0000b377  UARTClockSourceSet                   
0000af5f  UARTConfigGetExpClk                  
0000aee9  UARTConfigSetExpClk                  
0000b33d  UARTDMADisable                       
0000b325  UARTDMAEnable                        
0000afcf  UARTDisable                          
0000b053  UARTDisableSIR                       
0000afab  UARTEnable                           
0000b025  UARTEnableSIR                        
0000b00f  UARTFIFODisable                      
0000aff9  UARTFIFOEnable                       
0000aec1  UARTFIFOLevelGet                     
0000aea9  UARTFIFOLevelSet                     
0000b14f  UARTFlowControlGet                   
0000b133  UARTFlowControlSet                   
0000b313  UARTIntClear                         
0000b2dd  UARTIntDisable                       
0000b2c5  UARTIntEnable                        
0000b287  UARTIntRegister                      
0000b2f5  UARTIntStatus                        
0000b2a5  UARTIntUnregister                    
0000b0e9  UARTModemControlClear                
0000b10d  UARTModemControlGet                  
0000b0b1  UARTModemControlSet                  
0000b11f  UARTModemStatusGet                   
0000ae97  UARTParityModeGet                    
0000ae7b  UARTParityModeSet                    
0000b367  UARTRxErrorClear                     
0000b355  UARTRxErrorGet                       
0000b09b  UARTSmartCardDisable                 
0000b069  UARTSmartCardEnable                  
0000b1ad  UARTSpaceAvail                       
0000be4d  UARTStdioConfig                      
0000b17d  UARTTxIntModeGet                     
0000b161  UARTTxIntModeSet                     
0000bf9d  UARTgetc                             
0000bee3  UARTgets                             
0000c2bf  UARTprintf                           
0000bfc5  UARTvprintf                          
0000be93  UARTwrite                            
00011757  ULPIConfigSet                        
000117f9  ULPIPowerTransceiver                 
000130c9  USB0DeviceIntHandler                 
0000c3b1  USB0DualModeIntHandler               
0000c599  USB0OTGModeIntHandler                
00003253  USBClockDisable                      
00003237  USBClockEnable                       
00003223  USBControllerVersion                 
0000e18d  USBDCDConfigDescGet                  
0000e13f  USBDCDConfigDescGetNum               
0000e107  USBDCDConfigDescGetSize              
0000e26f  USBDCDConfigGetInterface             
0000e2a5  USBDCDConfigGetInterfaceEndpoint     
0000e21b  USBDCDConfigGetNumAlternateInterfaces
00003619  USBDCDDeviceInfoInit                 
000039cd  USBDCDFeatureGet                     
00003909  USBDCDFeatureSet                     
00003669  USBDCDInit                           
0000389f  USBDCDPowerStatusSet                 
00003a01  USBDCDRemoteWakeLPM                  
00003a21  USBDCDRemoteWakeupRequest            
0000382f  USBDCDRequestDataEP0                 
00003855  USBDCDSendDataEP0                    
00003877  USBDCDSetDefaultConfiguration        
00003889  USBDCDStallEP0                       
000037e7  USBDCDTerm                           
00007f89  USBDHIDCompositeInit                 
0000e481  USBDHIDGamepadCompositeInit          
0000e433  USBDHIDGamepadInit                   
0000e55d  USBDHIDGamepadSendReport             
0000e5b9  USBDHIDGamepadTerm                   
00007f53  USBDHIDInit                          
000081a9  USBDHIDPacketRead                    
000082a9  USBDHIDPowerStatusSet                
000082bd  USBDHIDRemoteWakeupRequest           
00008129  USBDHIDReportWrite                   
0000826b  USBDHIDRxPacketAvailable             
000080f5  USBDHIDSetRxCBData                   
0000810f  USBDHIDSetTxCBData                   
000080dd  USBDHIDTerm                          
0000824d  USBDHIDTxPacketAvailable             
0000338b  USBDMAChannelAddressGet              
0000336f  USBDMAChannelAddressSet              
000032f5  USBDMAChannelConfigSet               
000033bf  USBDMAChannelCountGet                
000033a3  USBDMAChannelCountSet                
000032d5  USBDMAChannelDisable                 
000032b5  USBDMAChannelEnable                  
00003285  USBDMAChannelIntDisable              
00003265  USBDMAChannelIntEnable               
000032a5  USBDMAChannelIntStatus               
00003325  USBDMAChannelStatus                  
00003345  USBDMAChannelStatusClear             
000033d7  USBDMANumChannels                    
0000ef55  USBDescGet                           
0000f079  USBDescGetInterface                  
0000f0a7  USBDescGetInterfaceEndpoint          
0000eef9  USBDescGetNum                        
0000efbf  USBDescGetNumAlternateInterfaces     
00002691  USBDevAddrGet                        
0000267d  USBDevAddrSet                        
00002651  USBDevConnect                        
00002667  USBDevDisconnect                     
000029c7  USBDevEndpointConfigGet              
000028d5  USBDevEndpointConfigSet              
00002d51  USBDevEndpointDataAck                
0000257b  USBDevEndpointStall                  
000025dd  USBDevEndpointStallClear             
000023f7  USBDevEndpointStatusClear            
00003543  USBDevLPMConfig                      
00003571  USBDevLPMDisable                     
00003559  USBDevLPMEnable                      
0000352b  USBDevLPMRemoteWake                  
0000318b  USBDevMode                           
000021bd  USBDevSpeedGet                       
0000d407  USBDeviceConfig                      
0000d5fd  USBDeviceConfigAlternate             
00003b39  USBDeviceEnumHandler                 
00003c59  USBDeviceEnumResetHandler            
00004629  USBDeviceIntHandlerInternal          
00003a55  USBDeviceResumeTickHandler           
0000c3fd  USBDualModeInit                      
0000c45b  USBDualModeTerm                      
0000313d  USBEndpointDMAChannel                
00002b83  USBEndpointDMAConfigSet              
00002c55  USBEndpointDMADisable                
00002c1b  USBEndpointDMAEnable                 
00002c8f  USBEndpointDataAvail                 
00002cc7  USBEndpointDataGet                   
00002dc1  USBEndpointDataPut                   
00002e25  USBEndpointDataSend                  
00002515  USBEndpointDataToggleClear           
000031ef  USBEndpointPacketCountSet            
00002383  USBEndpointStatus                    
00003113  USBFIFOAddrGet                       
00002b1d  USBFIFOConfigGet                     
00002ab7  USBFIFOConfigSet                     
00002e7d  USBFIFOFlush                         
000030d7  USBFrameNumberGet                    
00010f51  USBHCDControlTransfer                
00011a31  USBHCDFeatureSet                     
000125a5  USBHCDHubDeviceConnected             
0001317d  USBHCDHubDeviceDisconnected          
00011041  USBHCDInit                           
000113ed  USBHCDMain                           
000130f9  USBHCDPowerAutomatic                 
00013189  USBHCDPowerConfigGet                 
00012795  USBHCDPowerConfigSet                 
00012c2d  USBHCDReset                          
000128c5  USBHCDSetAddress                     
00012d3f  USBHCDSetConfig                      
00013069  USBHHubEnumerationComplete           
00013081  USBHHubEnumerationError              
0001290d  USBHHubInit                          
0000ff69  USBHHubMain                          
0000212b  USBHighSpeed                         
00002f8d  USBHostAddrGet                       
00002f55  USBHostAddrSet                       
00012199  USBHostCheckPipes                    
000026a5  USBHostEndpointConfig                
00002d8f  USBHostEndpointDataAck               
00002479  USBHostEndpointDataToggle            
0000254f  USBHostEndpointPing                  
0000283f  USBHostEndpointSpeed                 
000023af  USBHostEndpointStatusClear           
0000301f  USBHostHubAddrGet                    
00002fbb  USBHostHubAddrSet                    
0000cb8d  USBHostIntHandlerInternal            
000034ef  USBHostLPMConfig                     
00003513  USBHostLPMResume                     
000034a7  USBHostLPMSend                       
00003179  USBHostMode                          
0000304d  USBHostPwrConfig                     
000030bf  USBHostPwrDisable                    
000030a7  USBHostPwrEnable                     
0000308f  USBHostPwrFaultDisable               
00003077  USBHostPwrFaultEnable                
00002eed  USBHostRequestIN                     
00002f15  USBHostRequestINClear                
00002f43  USBHostRequestStatus                 
000020fd  USBHostReset                         
00002159  USBHostResume                        
00002187  USBHostSpeedGet                      
000020e7  USBHostSuspend                       
000021d5  USBIntDisableControl                 
00002299  USBIntDisableEndpoint                
00002213  USBIntEnableControl                  
000022c7  USBIntEnableEndpoint                 
0000234b  USBIntRegister                       
0000224d  USBIntStatusControl                  
000022f5  USBIntStatusEndpoint                 
00002369  USBIntUnregister                     
0000359d  USBLPMEndpointGet                    
000035fd  USBLPMIntDisable                     
000035e3  USBLPMIntEnable                      
000035d3  USBLPMIntStatus                      
00003589  USBLPMLinkStateGet                   
000035b9  USBLPMRemoteWakeEnabled              
000073bb  USBLibDMAAddrGet                     
000073eb  USBLibDMAInit                        
000073d3  USBLibDMASizeGet                     
000031af  USBModeConfig                        
00003129  USBModeGet                           
0000320f  USBNumEndpointsGet                   
0000c733  USBOTGFeatureSet                     
0000c69d  USBOTGMain                           
0000319d  USBOTGMode                           
0000c4a5  USBOTGModeInit                       
0000c47d  USBOTGModeTerm                       
0000c573  USBOTGPollRate                       
000030e5  USBOTGSessionRequest                 
000031c3  USBPHYPowerOff                       
000031d9  USBPHYPowerOn                        
0000c375  USBStackModeSet                      
000033e9  USBULPIConfig                        
00003417  USBULPIDisable                       
000033ff  USBULPIEnable                        
0000342f  USBULPIRegRead                       
00003467  USBULPIRegWrite                      
20006ec8  __CIOBUF_                            
20007e18  __STACK_END                          
00000200  __STACK_SIZE                         
20007e18  __STACK_TOP                          
00000010  __SYSMEM_SIZE                        
00013d48  __TI_CINIT_Base                      
00013d60  __TI_CINIT_Limit                     
00013d2c  __TI_Handler_Table_Base              
00013d38  __TI_Handler_Table_Limit             
00012a6d  __TI_auto_init_nobinit_nopinit       
00012d75  __TI_cleanup                         
20007b5c  __TI_cleanup_ptr                     
00011f09  __TI_closefile                       
00012131  __TI_decompress_lzss                 
0001316d  __TI_decompress_none                 
000127e1  __TI_doflush                         
20007b60  __TI_dtors_ptr                       
20007b64  __TI_enable_exit_profile_output      
20007b4c  __TI_ft_end                          
00012653  __TI_ltoa                            
ffffffff  __TI_pprof_out_hndl                  
00008e55  __TI_printfi                         
ffffffff  __TI_prof_data_size                  
ffffffff  __TI_prof_data_start                 
00012da9  __TI_readmsg                         
00000000  __TI_static_base__                   
200071e8  __TI_tmpnams                         
00012c65  __TI_writemsg                        
000122c5  __TI_wrt_ok                          
00013195  __TI_zero_init                       
00011c91  __aeabi_cdcmpeq                      
00011c91  __aeabi_cdcmple                      
00011d17  __aeabi_cdrcmple                     
0001299d  __aeabi_d2iz                         
0000f623  __aeabi_dadd                         
0001035d  __aeabi_ddiv                         
00010e55  __aeabi_dmul                         
0000f619  __aeabi_dsub                         
000131b9  __aeabi_errno_addr                   
00012e41  __aeabi_i2d                          
000098a3  __aeabi_idiv0                        
000098a3  __aeabi_ldiv0                        
00011e19  __aeabi_memclr                       
00011e19  __aeabi_memclr4                      
00011e19  __aeabi_memclr8                      
00011acd  __aeabi_memcpy                       
00011acd  __aeabi_memcpy4                      
00011acd  __aeabi_memcpy8                      
00011e1b  __aeabi_memset                       
00011e1b  __aeabi_memset4                      
00011e1b  __aeabi_memset8                      
20007b58  __aeabi_stderr                       
20007b50  __aeabi_stdin                        
20007b54  __aeabi_stdout                       
00012af5  __aeabi_uidiv                        
00012af5  __aeabi_uidivmod                     
00011b69  __aeabi_uldivmod                     
ffffffff  __binit__                            
ffffffff  __c_args__                           
UNDEFED   __mpu_init                           
20007c18  __stack                              
20000000  __start___llvm_prf_cnts              
20000000  __stop___llvm_prf_cnts               
00012ff9  _abort_msg                           
00012ddd  _c_int00_noargs                      
000132f8  _ctypes_                             
20007860  _device                              
2000764c  _ftable                              
20007ba8  _lock                                
00003617  _nop                                 
200078d8  _stream                              
20007e18  _sys_memory                          
UNDEFED   _system_post_cinit                   
000131cf  _system_pre_init                     
20007bac  _unlock                              
000131d3  abort                                
200075f4  adc_info                             
20007bb8  adc_pin_struct                       
20007c00  adc_semphr                           
0000ec81  adc_task                             
0000b4bb  add_i2c_msg                          
0000c7a1  add_page                             
20007634  addr_ack_err                         
00010d55  aligned_alloc                        
20007638  arb_lost_err                         
0001282d  atoi                                 
000116af  bgd_color                            
ffffffff  binit                                
00011149  board_task                           
000116a1  bold_text_color                      
20007bc0  button_info                          
200075fc  buttons_info                         
00011701  clear_below_line                     
000116f7  clear_in_line                        
000116ed  clear_line                           
000116e3  clear_terminal                       
2000763c  clk_tout_err                         
00012441  close                                
0000ca25  console_task                         
00010c17  console_uart_task                    
0000fd2f  control_drawdata                     
0000fdaf  control_drawinput                    
0000fc79  control_drawpage                     
0001304d  copysign                             
0001304d  copysignl                            
0000f45d  create_error                         
000116bd  cursor_pos                           
20007640  data_ack_err                         
000006a9  eTaskGetState                        
20007c10  errno                                
00012955  exit                                 
00011d9d  fflush                               
00012e11  finddevice                           
0001092d  fputs                                
00011309  free                                 
000121fd  frexp                                
000121fd  frexpl                               
00012261  fseek                                
20007b74  g_bUSBTimerInitialized               
20007612  g_eOTGModeState                      
20007b9c  g_iUSBMode                           
20000000  g_pfnRAMVectors                      
2000751c  g_pfnTickHandlers                    
00000000  g_pfnVectors                         
20007644  g_ppsDevInfo                         
00013a58  g_ppui8StringDescriptors             
20007388  g_psDCDInst                          
00013854  g_pui8ConfigString                   
20007b18  g_pui8HIDDeviceDescriptor            
20007534  g_pvTickInstance                     
2000773c  g_sGamepadDevice                     
0001391c  g_sHIDHandlers                       
20007b78  g_ui32CurrentUSBTick                 
20007648  g_ui32PollRate                       
20007b7c  g_ui32USBSOFCount                    
20007ba0  g_ui32WaitTicks                      
0000ec09  get_adc_config                       
0000ec61  get_adc_struct                       
0000ec4d  get_adc_val                          
0000fbcd  get_button_config                    
0000fc2f  get_button_struct                    
00010b51  get_char                             
000101cf  get_gpo                              
0001015f  get_gpo_config                       
0000fa13  get_light_value                      
00012ab1  getdevice                            
000104e7  homepage_drawdata                    
000104e9  homepage_drawinput                   
00010495  homepage_drawpage                    
20007bf0  i2c_msg_queue                        
0000b549  i2c_task                             
0000eaed  init_adc                             
00011131  init_board                           
0000faf1  init_buttons                         
00010815  init_buzzer_lcdbl                    
0000c791  init_console                         
00010b9d  init_console_uart                    
000100dd  init_gpos                            
0000b435  init_i2c                             
0000da11  init_lcd_screen                      
0000f9db  init_light_temp                      
0000de37  init_usb                             
0000db25  lcd_cmd_task                         
0000dae9  lcd_data_task                        
0000db75  lcd_task                             
00010a41  ldexp                                
00010a41  ldexpl                               
00013b34  led_info                             
0000fa39  light_temp_drawdata                  
0000fa5f  light_temp_drawinput                 
0000fa21  light_temp_drawpage                  
0000f9e9  light_temp_task                      
0000f509  logger_drawdata                      
0000f5a3  logger_drawinput                     
0000f4cf  logger_drawpage                      
00012f49  lseek                                
0000ed01  main                                 
000131c1  malloc                               
00010d55  memalign                             
00013031  memccpy                              
00012fd9  memchr                               
00011acd  memcpy                               
00011e21  memset                               
20007604  parmbuf                              
000057d7  pcQueueGetName                       
00000d51  pcTaskGetName                        
0000dad3  put_lcd_cmd                          
0000dabd  put_lcd_data                         
0000f29d  pvPortMalloc                         
00001a91  pvTaskIncrementMutexHeldCount        
20007928  pxCurrentTCB                         
0000e5f1  pxPortInitialiseStack                
0000fc11  read_button                          
00012ec9  remove                               
000116d9  restore_cursor_pos                   
000116cf  save_cursor_pos                      
00010a41  scalbn                               
00010a41  scalbnl                              
000108ad  set_buzzer_period                    
0000f4bd  set_error                            
000101a3  set_gpo                              
00010901  set_lcdbl_duty_period                
00011685  set_text_mode                        
000114cd  setvbuf                              
00012b35  sprintf                              
000108f3  stop_buzzer                          
000130e1  strchr                               
000130b1  strcmp                               
00013121  strcpy                               
00013135  strlen                               
00012d09  strncpy                              
000128b1  taskmanager_drawdata                 
000128b3  taskmanager_drawinput                
00012879  taskmanager_drawpage                 
00011693  text_color                           
0000bdc5  uDMAChannelAssign                    
0000ba6b  uDMAChannelAttributeDisable          
0000ba17  uDMAChannelAttributeEnable           
0000babf  uDMAChannelAttributeGet              
0000bb2f  uDMAChannelControlSet                
0000b9a3  uDMAChannelDisable                   
0000b98b  uDMAChannelEnable                    
0000b9bb  uDMAChannelIsEnabled                 
0000bd3d  uDMAChannelModeGet                   
0000b9ff  uDMAChannelRequest                   
0000bc69  uDMAChannelScatterGatherSet          
0000be21  uDMAChannelSelectDefault             
0000be0d  uDMAChannelSelectSecondary           
0000bcf5  uDMAChannelSizeGet                   
0000bb71  uDMAChannelTransferSet               
0000b9f9  uDMAControlAlternateBaseGet          
0000b9f3  uDMAControlBaseGet                   
0000b9e3  uDMAControlBaseSet                   
0000b975  uDMADisable                          
0000b96d  uDMAEnable                           
0000b983  uDMAErrorStatusClear                 
0000b97d  uDMAErrorStatusGet                   
0000bdb1  uDMAIntClear                         
0000bd83  uDMAIntRegister                      
0000bdab  uDMAIntStatus                        
0000bd99  uDMAIntUnregister                    
2000026c  ucHeap                               
00005505  ucQueueGetQueueType                  
[...]
0000b11f  UARTModemStatusGet                   
0000b133  UARTFlowControlSet                   
0000b14f  UARTFlowControlGet                   
0000b161  UARTTxIntModeSet                     
0000b17d  UARTTxIntModeGet                     
0000b18f  UARTCharsAvail                       
0000b1ad  UARTSpaceAvail                       
0000b1cb  UARTCharGetNonBlocking               
0000b1e7  UARTCharGet                          
0000b1fd  UARTCharPutNonBlocking               
0000b221  UARTCharPut                          
0000b23f  UARTBreakCtl                         
0000b269  UARTBusy                             
0000b287  UARTIntRegister                      
0000b2a5  UARTIntUnregister                    
0000b2c5  UARTIntEnable                        
0000b2dd  UARTIntDisable                       
0000b2f5  UARTIntStatus                        
0000b313  UARTIntClear                         
0000b325  UARTDMAEnable                        
0000b33d  UARTDMADisable                       
0000b355  UARTRxErrorGet                       
0000b367  UARTRxErrorClear                     
0000b377  UARTClockSourceSet                   
0000b38b  UARTClockSourceGet                   
0000b39b  UART9BitEnable                       
0000b3b1  UART9BitDisable                      
0000b3c7  UART9BitAddrSet                      
0000b3ed  UART9BitAddrSend                     
0000b435  init_i2c                             
0000b4bb  add_i2c_msg                          
0000b549  i2c_task                             
0000b96d  uDMAEnable                           
0000b975  uDMADisable                          
0000b97d  uDMAErrorStatusGet                   
0000b983  uDMAErrorStatusClear                 
0000b98b  uDMAChannelEnable                    
0000b9a3  uDMAChannelDisable                   
0000b9bb  uDMAChannelIsEnabled                 
0000b9e3  uDMAControlBaseSet                   
0000b9f3  uDMAControlBaseGet                   
0000b9f9  uDMAControlAlternateBaseGet          
0000b9ff  uDMAChannelRequest                   
0000ba17  uDMAChannelAttributeEnable           
0000ba6b  uDMAChannelAttributeDisable          
0000babf  uDMAChannelAttributeGet              
0000bb2f  uDMAChannelControlSet                
0000bb71  uDMAChannelTransferSet               
0000bc69  uDMAChannelScatterGatherSet          
0000bcf5  uDMAChannelSizeGet                   
0000bd3d  uDMAChannelModeGet                   
0000bd83  uDMAIntRegister                      
0000bd99  uDMAIntUnregister                    
0000bdab  uDMAIntStatus                        
0000bdb1  uDMAIntClear                         
0000bdc5  uDMAChannelAssign                    
0000be0d  uDMAChannelSelectSecondary           
0000be21  uDMAChannelSelectDefault             
0000be4d  UARTStdioConfig                      
0000be93  UARTwrite                            
0000bee3  UARTgets                             
0000bf9d  UARTgetc                             
0000bfc5  UARTvprintf                          
0000c2bf  UARTprintf                           
0000c375  USBStackModeSet                      
0000c3b1  USB0DualModeIntHandler               
0000c3fd  USBDualModeInit                      
0000c45b  USBDualModeTerm                      
0000c47d  USBOTGModeTerm                       
0000c4a5  USBOTGModeInit                       
0000c573  USBOTGPollRate                       
0000c599  USB0OTGModeIntHandler                
0000c67d  OTGDeviceDisconnect                  
0000c69d  USBOTGMain                           
0000c733  USBOTGFeatureSet                     
0000c791  init_console                         
0000c7a1  add_page                             
0000ca25  console_task                         
0000cb8d  USBHostIntHandlerInternal            
0000cf83  IntMasterEnable                      
0000cf93  IntMasterDisable                     
0000cfa3  IntRegister                          
0000cff5  IntUnregister                        
0000d009  IntPriorityGroupingSet               
0000d023  IntPriorityGroupingGet               
0000d05b  IntPrioritySet                       
0000d0ab  IntPriorityGet                       
0000d0cf  IntEnable                            
0000d141  IntDisable                           
0000d1b3  IntIsEnabled                         
0000d239  IntPendSet                           
0000d2a9  IntPendClear                         
0000d2f7  IntPriorityMaskSet                   
0000d303  IntPriorityMaskGet                   
0000d30b  IntTrigger                           
0000d407  USBDeviceConfig                      
0000d5fd  USBDeviceConfigAlternate             
0000d727  SSIConfigSetExpClk                   
0000d7b3  SSIEnable                            
0000d7c9  SSIDisable                           
0000d7df  SSIIntRegister                       
0000d7fd  SSIIntUnregister                     
0000d817  SSIIntEnable                         
0000d82f  SSIIntDisable                        
0000d847  SSIIntStatus                         
0000d865  SSIIntClear                          
0000d877  SSIDataPut                           
0000d891  SSIDataPutNonBlocking                
0000d8b1  SSIDataGet                           
0000d8cd  SSIDataGetNonBlocking                
0000d8ef  SSIDMAEnable                         
0000d907  SSIDMADisable                        
0000d91f  SSIBusy                              
0000d93d  SSIClockSourceSet                    
0000d951  SSIClockSourceGet                    
0000d975  SSIAdvModeSet                        
0000d991  SSIAdvDataPutFrameEnd                
0000d9b7  SSIAdvDataPutFrameEndNonBlocking     
0000d9e3  SSIAdvFrameHoldEnable                
0000d9f9  SSIAdvFrameHoldDisable               
0000da11  init_lcd_screen                      
0000dabd  put_lcd_data                         
0000dad3  put_lcd_cmd                          
0000dae9  lcd_data_task                        
0000db25  lcd_cmd_task                         
0000db75  lcd_task                             
0000dd35  GamepadHandler                       
0000de37  init_usb                             
0000df11  usb_task                             
0000e107  USBDCDConfigDescGetSize              
0000e13f  USBDCDConfigDescGetNum               
0000e18d  USBDCDConfigDescGet                  
0000e21b  USBDCDConfigGetNumAlternateInterfaces
0000e26f  USBDCDConfigGetInterface             
0000e2a5  USBDCDConfigGetInterfaceEndpoint     
0000e433  USBDHIDGamepadInit                   
0000e481  USBDHIDGamepadCompositeInit          
0000e55d  USBDHIDGamepadSendReport             
0000e5b9  USBDHIDGamepadTerm                   
0000e5f1  pxPortInitialiseStack                
0000e67d  xPortStartScheduler                  
0000e711  vPortEndScheduler                    
0000e735  vPortEnterCritical                   
0000e777  vPortExitCritical                    
0000e7a3  xPortSysTickHandler                  
0000e7c9  vPortSetupTimerInterrupt             
0000e7e5  vPortValidateInterruptPriority       
0000eaed  init_adc                             
0000ec09  get_adc_config                       
0000ec4d  get_adc_val                          
0000ec61  get_adc_struct                       
0000ec81  adc_task                             
0000ed01  main                                 
0000eef9  USBDescGetNum                        
0000ef55  USBDescGet                           
0000efbf  USBDescGetNumAlternateInterfaces     
0000f079  USBDescGetInterface                  
0000f0a7  USBDescGetInterfaceEndpoint          
0000f29d  pvPortMalloc                         
0000f39d  vPortFree                            
0000f3fb  xPortGetFreeHeapSize                 
0000f401  vPortInitialiseBlocks                
0000f45d  create_error                         
0000f4bd  set_error                            
0000f4cf  logger_drawpage                      
0000f509  logger_drawdata                      
0000f5a3  logger_drawinput                     
0000f619  __aeabi_dsub                         
0000f623  __aeabi_dadd                         
0000f9db  init_light_temp                      
0000f9e9  light_temp_task                      
0000fa13  get_light_value                      
0000fa21  light_temp_drawpage                  
0000fa39  light_temp_drawdata                  
0000fa5f  light_temp_drawinput                 
0000faf1  init_buttons                         
0000fbcd  get_button_config                    
0000fc11  read_button                          
0000fc2f  get_button_struct                    
0000fc79  control_drawpage                     
0000fd2f  control_drawdata                     
0000fdaf  control_drawinput                    
0000ff69  USBHHubMain                          
000100dd  init_gpos                            
0001015f  get_gpo_config                       
000101a3  set_gpo                              
000101cf  get_gpo                              
0001035d  __aeabi_ddiv                         
00010495  homepage_drawpage                    
000104e7  homepage_drawdata                    
000104e9  homepage_drawinput                   
000105c5  vListInitialise                      
000105f5  vListInitialiseItem                  
00010605  vListInsertEnd                       
00010641  vListInsert                          
000106a7  uxListRemove                         
00010815  init_buzzer_lcdbl                    
000108ad  set_buzzer_period                    
000108f3  stop_buzzer                          
00010901  set_lcdbl_duty_period                
0001092d  fputs                                
00010a41  ldexp                                
00010a41  ldexpl                               
00010a41  scalbn                               
00010a41  scalbnl                              
00010b51  get_char                             
00010b9d  init_console_uart                    
00010c17  console_uart_task                    
00010d55  aligned_alloc                        
00010d55  memalign                             
00010e55  __aeabi_dmul                         
00010f51  USBHCDControlTransfer                
00011041  USBHCDInit                           
00011131  init_board                           
00011149  board_task                           
0001121d  InternalUSBTickInit                  
0001125b  InternalUSBTickReset                 
00011263  InternalUSBRegisterTickHandler       
000112b3  InternalUSBStartOfFrameTick          
00011309  free                                 
000113ed  USBHCDMain                           
000114cd  setvbuf                              
000115b9  ulPortGetIPSR                        
000115d1  xPortPendSVHandler                   
00011631  vPortSVCHandler                      
00011651  vPortStartFirstTask                  
00011675  vPortEnableVFP                       
00011685  set_text_mode                        
00011693  text_color                           
000116a1  bold_text_color                      
000116af  bgd_color                            
000116bd  cursor_pos                           
000116cf  save_cursor_pos                      
000116d9  restore_cursor_pos                   
000116e3  clear_terminal                       
000116ed  clear_line                           
000116f7  clear_in_line                        
00011701  clear_below_line                     
00011757  ULPIConfigSet                        
000117f9  ULPIPowerTransceiver                 
00011821  FPUEnable                            
00011833  FPUDisable                           
00011841  FPUStackingEnable                    
00011853  FPULazyStackingEnable                
0001185f  FPUStackingDisable                   
0001186b  FPUHalfPrecisionModeSet              
00011885  FPUNaNModeSet                        
0001189f  FPUFlushToZeroModeSet                
000118b9  FPURoundingModeSet                   
00011a31  USBHCDFeatureSet                     
00011acd  __aeabi_memcpy                       
00011acd  __aeabi_memcpy4                      
00011acd  __aeabi_memcpy8                      
00011acd  memcpy                               
00011b69  __aeabi_uldivmod                     
00011c91  __aeabi_cdcmpeq                      
00011c91  __aeabi_cdcmple                      
00011d17  __aeabi_cdrcmple                     
00011d9d  fflush                               
00011e19  __aeabi_memclr                       
00011e19  __aeabi_memclr4                      
00011e19  __aeabi_memclr8                      
00011e1b  __aeabi_memset                       
00011e1b  __aeabi_memset4                      
00011e1b  __aeabi_memset8                      
00011e21  memset                               
00011f09  __TI_closefile                       
0001205d  HOSTrename                           
000120c9  HOSTlseek                            
00012131  __TI_decompress_lzss                 
00012199  USBHostCheckPipes                    
000121fd  frexp                                
000121fd  frexpl                               
00012261  fseek                                
000122c5  __TI_wrt_ok                          
00012329  HOSTopen                             
00012389  ConfigDescAlloc                      
00012441  close                                
0001249d  HOSTread                             
000124f5  HOSTwrite                            
000125a5  USBHCDHubDeviceConnected             
00012653  __TI_ltoa                            
00012795  USBHCDPowerConfigSet                 
000127e1  __TI_doflush                         
0001282d  atoi                                 
00012879  taskmanager_drawpage                 
000128b1  taskmanager_drawdata                 
000128b3  taskmanager_drawinput                
000128c5  USBHCDSetAddress                     
0001290d  USBHHubInit                          
00012955  exit                                 
0001299d  __aeabi_d2iz                         
000129e5  HOSTclose                            
00012a29  HOSTunlink                           
00012a6d  __TI_auto_init_nobinit_nopinit       
00012ab1  getdevice                            
00012af5  __aeabi_uidiv                        
00012af5  __aeabi_uidivmod                     
00012b35  sprintf                              
00012bb3  CPUcpsid                             
00012bbf  CPUprimask                           
00012bc9  CPUcpsie                             
00012bd5  CPUwfi                               
00012bd9  CPUbasepriSet                        
00012be7  CPUbasepriGet                        
00012c2d  USBHCDReset                          
00012c65  __TI_writemsg                        
00012c93  C$$IO$$                              
00012d09  strncpy                              
00012d3f  USBHCDSetConfig                      
00012d75  __TI_cleanup                         
00012da9  __TI_readmsg                         
00012ddd  _c_int00_noargs                      
00012e11  finddevice                           
00012e41  __aeabi_i2d                          
00012e71  ConfigDescFree                       
00012e9d  InternalUSBHCDSendEvent              
00012ec9  remove                               
00012ec9  unlink                               
00012ef5  vApplicationMallocFailedHook         
00012f05  vApplicationIdleHook                 
00012f07  vApplicationStackOverflowHook        
00012f49  lseek                                
00012f71  write                                
00012fd9  memchr                               
00012ff9  _abort_msg                           
00013031  memccpy                              
0001304d  copysign                             
0001304d  copysignl                            
00013069  USBHHubEnumerationComplete           
00013081  USBHHubEnumerationError              
000130b1  strcmp                               
000130c9  USB0DeviceIntHandler                 
000130e1  strchr                               
000130f9  USBHCDPowerAutomatic                 
00013121  strcpy                               
00013135  strlen                               
0001315b  wcslen                               
0001316d  __TI_decompress_none                 
0001317d  USBHCDHubDeviceDisconnected          
00013189  USBHCDPowerConfigGet                 
00013195  __TI_zero_init                       
000131a1  ResetISR                             
000131b9  __aeabi_errno_addr                   
000131c1  malloc                               
000131c9  SysCtlDelay                          
000131cf  _system_pre_init                     
000131d3  C$$EXIT                              
000131d3  abort                                
000132f8  _ctypes_                             
00013854  g_pui8ConfigString                   
0001391c  g_sHIDHandlers                       
00013a58  g_ppui8StringDescriptors             
00013b34  led_info                             
00013b3c  ulMaxSyscallInterruptPriority        
00013d2c  __TI_Handler_Table_Base              
00013d38  __TI_Handler_Table_Limit             
00013d48  __TI_CINIT_Base                      
00013d60  __TI_CINIT_Limit                     
20000000  __start___llvm_prf_cnts              
20000000  __stop___llvm_prf_cnts               
20000000  g_pfnRAMVectors                      
2000026c  ucHeap                               
20006ec8  __CIOBUF_                            
200071e8  __TI_tmpnams                         
20007388  g_psDCDInst                          
20007418  xQueueRegistry                       
2000751c  g_pfnTickHandlers                    
20007534  g_pvTickInstance                     
200075f4  adc_info                             
200075fc  buttons_info                         
20007604  parmbuf                              
20007612  g_eOTGModeState                      
20007634  addr_ack_err                         
20007638  arb_lost_err                         
2000763c  clk_tout_err                         
20007640  data_ack_err                         
20007644  g_ppsDevInfo                         
20007648  g_ui32PollRate                       
2000764c  _ftable                              
2000773c  g_sGamepadDevice                     
20007860  _device                              
200078d8  _stream                              
20007928  pxCurrentTCB                         
20007b18  g_pui8HIDDeviceDescriptor            
20007b4c  __TI_ft_end                          
20007b50  __aeabi_stdin                        
20007b54  __aeabi_stdout                       
20007b58  __aeabi_stderr                       
20007b5c  __TI_cleanup_ptr                     
20007b60  __TI_dtors_ptr                       
20007b64  __TI_enable_exit_profile_output      
20007b74  g_bUSBTimerInitialized               
20007b78  g_ui32CurrentUSBTick                 
20007b7c  g_ui32USBSOFCount                    
20007b9c  g_iUSBMode                           
20007ba0  g_ui32WaitTicks                      
20007ba8  _lock                                
20007bac  _unlock                              
20007bb8  adc_pin_struct                       
20007bc0  button_info                          
20007bf0  i2c_msg_queue                        
20007c00  adc_semphr                           
20007c10  errno                                
20007c18  __stack                              
20007e18  __STACK_END                          
20007e18  __STACK_TOP                          
20007e18  _sys_memory                          
ffffffff  __TI_pprof_out_hndl                  
ffffffff  __TI_prof_data_size                  
ffffffff  __TI_prof_data_start                 
ffffffff  __binit__                            
ffffffff  __c_args__                           
ffffffff  binit                                
UNDEFED   __mpu_init                           
UNDEFED   _system_post_cinit                   

[875 symbols]
