******************************************************************************
                  TI ARM Linker PC v20.2.2                     
******************************************************************************
>> Linked Tue Apr 12 22:20:14 2022

OUTPUT FILE NAME:   <Game_Controller.out>
ENTRY POINT SYMBOL: "_c_int00_noargs"  address: 00012f0d


MEMORY CONFIGURATION

         name            origin    length      used     unused   attr    fill
----------------------  --------  ---------  --------  --------  ----  --------
  FLASH                 00000000   00040000  00013e8e  0002c172  R  X
  SRAM                  20000000   00008000  00007e29  000001d7  RW X


SEGMENT ALLOCATION MAP

run origin  load origin   length   init length attrs members
----------  ----------- ---------- ----------- ----- -------
00000000    00000000    00013e90   00013e90    r-x
  00000000    00000000    0000026c   0000026c    r-- .intvecs
  0000026c    0000026c    0001309a   0001309a    r-x .text
  00013308    00013308    00000980   00000980    r-- .const
  00013c88    00013c88    00000208   00000208    r-- .cinit
20000000    20000000    00007e30   00000000    rw-
  20000000    20000000    0000026c   00000000    rw- .vtable
  2000026c    2000026c    000073e5   00000000    rw- .bss
  20007654    20007654    000005c8   00000000    rw- .data
  20007c20    20007c20    00000200   00000000    rw- .stack
  20007e20    20007e20    00000010   00000000    rw- .sysmem


SECTION ALLOCATION MAP

 output                                  attributes/
section   page    origin      length       input sections
--------  ----  ----------  ----------   ----------------
.intvecs   0    00000000    0000026c     
                  00000000    0000026c     tm4c123gh6pm_startup_ccs.obj (.intvecs)

.text      0    0000026c    0001309a     
                  0000026c    00001ddc     tasks.obj (.text)
                  00002048    000015ba     usb.obj (.text)
                  00003602    00000002     rtsv7M4_T_le_v4SPD16_eabi.lib : _lock.c.obj (.text:_nop)
                  00003604    000011f4     usbdenum.obj (.text)
                  000047f8    00001050     queue.obj (.text)
                  00005848    00000ef4     sysctl.obj (.text)
                  0000673c    00000e64     usbdma.obj (.text)
                  000075a0    00000d10     usbdhid.obj (.text)
                  000082b0    00000b88     gpio.obj (.text)
                  00008e38    00000a4e     rtsv7M4_T_le_v4SPD16_eabi.lib : _printfi.c.obj (.text:__TI_printfi)
                  00009886    00000002                                   : div0.asm.obj (.text)
                  00009888    000007c2     adc.obj (.text)
                  0000a04a    00000002     --HOLE-- [fill = 0]
                  0000a04c    00000718     pwm.obj (.text)
                  0000a764    0000069c     i2c.obj (.text)
                  0000ae00    00000618     uart.obj (.text)
                  0000b418    00000538     I2C_task.obj (.text)
                  0000b950    000004e0     udma.obj (.text)
                  0000be30    0000049c     uartstdio.obj (.text)
                  0000c2cc    0000049c     usbmode.obj (.text)
                  0000c768    00000458     usb_task.obj (.text)
                  0000cbc0    000003fc     console_task.obj (.text)
                  0000cfbc    000003f4     usblib.lib : usbhostenum.obj (.text:USBHostIntHandlerInternal)
                  0000d3b0    000003c0     interrupt.obj (.text)
                  0000d770    00000388     usbdconfig.obj (.text)
                  0000daf8    00000346     ssi.obj (.text)
                  0000de3e    00000002     --HOLE-- [fill = 0]
                  0000de40    00000324     lcd_task.obj (.text)
                  0000e164    000002de     usbdcdesc.obj (.text)
                  0000e442    00000002     --HOLE-- [fill = 0]
                  0000e444    000002dc     usbdhidgamepad.obj (.text)
                  0000e720    0000028c     port.obj (.text)
                  0000e9ac    00000270     rtsv7M4_T_le_v4SPD16_eabi.lib : _printfi.c.obj (.text:_pconv_a)
                  0000ec1c    00000214     ADC_task.obj (.text)
                  0000ee30    000001f8     main.obj (.text)
                  0000f028    000001d2     usbdesc.obj (.text)
                  0000f1fa    00000002     --HOLE-- [fill = 0]
                  0000f1fc    000001d0     rtsv7M4_T_le_v4SPD16_eabi.lib : _printfi.c.obj (.text:_pconv_g)
                  0000f3cc    000001c0     heap_2.obj (.text)
                  0000f58c    000001bc     logger.obj (.text)
                  0000f748    000001b6     rtsv7M4_T_le_v4SPD16_eabi.lib : fd_add_t2.asm.obj (.text)
                  0000f8fe    00000002     --HOLE-- [fill = 0]
                  0000f900    00000190     usblib.lib : usbhostenum.obj (.text:ProcessUSBDeviceStateMachine)
                  0000fa90    00000190     light_temp_task.obj (.text)
                  0000fc20    00000188     buttons.obj (.text)
                  0000fda8    0000017c     control_page.obj (.text)
                  0000ff24    00000174     usblib.lib : usbhostenum.obj (.text:USBHCDInitInternal)
                  00010098    00000174                : usbhhub.obj (.text:USBHHubMain)
                  0001020c    00000144     GPOs.obj (.text)
                  00010350    0000013c     rtsv7M4_T_le_v4SPD16_eabi.lib : _printfi.c.obj (.text:_pconv_e)
                  0001048c    00000136                                   : fd_div_t2.asm.obj (.text)
                  000105c2    00000002     --HOLE-- [fill = 0]
                  000105c4    00000130     homepage.obj (.text)
                  000106f4    0000012a     list.obj (.text)
                  0001081e    00000002     --HOLE-- [fill = 0]
                  00010820    00000124     rtsv7M4_T_le_v4SPD16_eabi.lib : _printfi.c.obj (.text:fcvt)
                  00010944    00000118     buzzer_lcdbl.obj (.text)
                  00010a5c    00000114     rtsv7M4_T_le_v4SPD16_eabi.lib : fputs.c.obj (.text:fputs)
                  00010b70    00000110                                   : s_scalbn.c.obj (.text:scalbn)
                  00010c80    00000104     console_uart.obj (.text)
                  00010d84    00000100     usblib.lib : usbhostenum.obj (.text:USBHCDEnumHandler)
                  00010e84    00000100     rtsv7M4_T_le_v4SPD16_eabi.lib : memory.c.obj (.text:aligned_alloc)
                  00010f84    000000fc                                   : fd_mul_t2.asm.obj (.text)
                  00011080    000000f0     usblib.lib : usbhostenum.obj (.text:USBHCDControlTransfer)
                  00011170    000000f0                : usbhostenum.obj (.text:USBHCDInit)
                  00011260    000000ec     board_task.obj (.text)
                  0001134c    000000ec     usbtick.obj (.text)
                  00011438    000000e4     rtsv7M4_T_le_v4SPD16_eabi.lib : memory.c.obj (.text:free)
                  0001151c    000000e0     usblib.lib : usbhostenum.obj (.text:USBHCDMain)
                  000115fc    000000dc     rtsv7M4_T_le_v4SPD16_eabi.lib : setvbuf.c.obj (.text:setvbuf)
                  000116d8    000000da     portasm.obj (.text)
                  000117b2    00000002     --HOLE-- [fill = 0]
                  000117b4    000000d2     text_controls.obj (.text)
                  00011886    000000c8     usbulpi.obj (.text)
                  0001194e    00000002     --HOLE-- [fill = 0]
                  00011950    000000c0     fpu.obj (.text)
                  00011a10    000000b1     rtsv7M4_T_le_v4SPD16_eabi.lib : _printfi.c.obj (.text:_ltostr)
                  00011ac1    00000003     --HOLE-- [fill = 0]
                  00011ac4    0000009c     usblib.lib : usbhostenum.obj (.text:USBHCDDeviceDisconnected)
                  00011b60    0000009c                : usbhostenum.obj (.text:USBHCDFeatureSet)
                  00011bfc    0000009c     rtsv7M4_T_le_v4SPD16_eabi.lib : memcpy_t2.asm.obj (.text)
                  00011c98    00000096                                   : ull_div_t2.asm.obj (.text)
                  00011d2e    00000002     --HOLE-- [fill = 0]
                  00011d30    00000090     usblib.lib : usbhostenum.obj (.text:USBHCDOpenDriver)
                  00011dc0    00000086     rtsv7M4_T_le_v4SPD16_eabi.lib : fd_cmp_t2.asm.obj (.text:__aeabi_cdcmple)
                  00011e46    00000086                                   : fd_cmp_t2.asm.obj (.text:__aeabi_cdrcmple)
                  00011ecc    0000007c                                   : fflush.c.obj (.text:fflush)
                  00011f48    0000007a                                   : memset_t2.asm.obj (.text)
                  00011fc2    00000074     usblib.lib : usbhostenum.obj (.text:USBHCDGetConfigDescriptor)
                  00012036    00000002     --HOLE-- [fill = 0]
                  00012038    00000074     rtsv7M4_T_le_v4SPD16_eabi.lib : fclose.c.obj (.text:__TI_closefile)
                  000120ac    00000070                                   : memory.c.obj (.text:split)
                  0001211c    0000006e                                   : _printfi.c.obj (.text:_mcpy)
                  0001218a    00000002     --HOLE-- [fill = 0]
                  0001218c    0000006c                                   : hostrename.c.obj (.text:HOSTrename)
                  000121f8    00000068                                   : hostlseek.c.obj (.text:HOSTlseek)
                  00012260    00000068                                   : copy_decompress_lzss.c.obj (.text:decompress:lzss:__TI_decompress_lzss)
                  000122c8    00000064     usblib.lib : usbhostenum.obj (.text:USBHostCheckPipes)
                  0001232c    00000064     rtsv7M4_T_le_v4SPD16_eabi.lib : s_frexp.c.obj (.text:frexp)
                  00012390    00000064                                   : fseek.c.obj (.text:fseek)
                  000123f4    00000062                                   : _io_perm.c.obj (.text:__TI_wrt_ok)
                  00012456    00000002     --HOLE-- [fill = 0]
                  00012458    00000060                                   : hostopen.c.obj (.text:HOSTopen)
                  000124b8    0000005c     usblib.lib : usbhostenum.obj (.text:ConfigDescAlloc)
                  00012514    0000005c                : usbhostenum.obj (.text:USBHCDGetDeviceDescriptor)
                  00012570    0000005c     rtsv7M4_T_le_v4SPD16_eabi.lib : close.c.obj (.text:close)
                  000125cc    00000058                                   : hostread.c.obj (.text:HOSTread)
                  00012624    00000058                                   : hostwrite.c.obj (.text:HOSTwrite)
                  0001267c    00000058     usblib.lib : usbhostenum.obj (.text:USBHCDEP0StateTx)
                  000126d4    00000058                : usbhostenum.obj (.text:USBHCDHubDeviceConnected)
                  0001272c    00000056     rtsv7M4_T_le_v4SPD16_eabi.lib : _printfi.c.obj (.text:_pconv_f)
                  00012782    00000054                                   : _ltoa.c.obj (.text:__TI_ltoa)
                  000127d6    00000052                                   : _printfi.c.obj (.text:_ecpy)
                  00012828    00000050     usblib.lib : usbhhub.obj (.text:HubGetPortStatus)
                  00012878    0000004c                : usbhhub.obj (.text:HubDriverDeviceDisconnect)
                  000128c4    0000004c                : usbhostenum.obj (.text:USBHCDPowerConfigSet)
                  00012910    0000004c     rtsv7M4_T_le_v4SPD16_eabi.lib : fflush.c.obj (.text:__TI_doflush)
                  0001295c    0000004c                                   : atoi.c.obj (.text:atoi)
                  000129a8    0000004c     task_manager_page.obj (.text)
                  000129f4    00000048     usblib.lib : usbhostenum.obj (.text:USBHCDSetAddress)
                  00012a3c    00000048                : usbhhub.obj (.text:USBHHubInit)
                  00012a84    00000048     rtsv7M4_T_le_v4SPD16_eabi.lib : exit.c.obj (.text:exit)
                  00012acc    00000048                                   : fd_toi_t2.asm.obj (.text)
                  00012b14    00000044                                   : hostclose.c.obj (.text:HOSTclose)
                  00012b58    00000044                                   : hostunlink.c.obj (.text:HOSTunlink)
                  00012b9c    00000044                                   : autoinit.c.obj (.text:__TI_auto_init_nobinit_nopinit:__TI_auto_init_nobinit_nopinit)
                  00012be0    00000044                                   : getdevice.c.obj (.text:getdevice)
                  00012c24    00000040                                   : u_divt2.asm.obj (.text)
                  00012c64    00000040                                   : sprintf.c.obj (.text:sprintf)
                  00012ca4    0000003e                                   : _printfi.c.obj (.text:_fcpy)
                  00012ce2    0000003e     cpu.obj (.text)
                  00012d20    0000003c     usblib.lib : usbhhub.obj (.text:HubDriverReset)
                  00012d5c    00000038                : usbhostenum.obj (.text:USBHCDReset)
                  00012d94    00000038     rtsv7M4_T_le_v4SPD16_eabi.lib : trgmsg.c.obj (.text:__TI_writemsg)
                  00012dcc    00000036     usblib.lib : usbhhub.obj (.text:HubClearPortFeature)
                  00012e02    00000036                : usbhhub.obj (.text:HubSetPortFeature)
                  00012e38    00000036     rtsv7M4_T_le_v4SPD16_eabi.lib : strncpy.c.obj (.text:strncpy)
                  00012e6e    00000034     usblib.lib : usbhostenum.obj (.text:USBHCDSetConfig)
                  00012ea2    00000002     --HOLE-- [fill = 0]
                  00012ea4    00000034     rtsv7M4_T_le_v4SPD16_eabi.lib : fopen.c.obj (.text:__TI_cleanup)
                  00012ed8    00000034                                   : trgmsg.c.obj (.text:__TI_readmsg)
                  00012f0c    00000034                                   : boot_cortex_m.c.obj (.text:_c_int00_noargs:_c_int00_noargs)
                  00012f40    00000030                                   : getdevice.c.obj (.text:finddevice)
                  00012f70    0000002e                                   : i_tofd_t2.asm.obj (.text)
                  00012f9e    00000002     --HOLE-- [fill = 0]
                  00012fa0    0000002c     usblib.lib : usbhostenum.obj (.text:ConfigDescFree)
                  00012fcc    0000002c                : usbhostenum.obj (.text:InternalUSBHCDSendEvent)
                  00012ff8    0000002c     rtsv7M4_T_le_v4SPD16_eabi.lib : unlink.c.obj (.text:unlink)
                  00013024    0000002a     hooks.obj (.text)
                  0001304e    00000002     --HOLE-- [fill = 0]
                  00013050    00000028     rtsv7M4_T_le_v4SPD16_eabi.lib : memory.c.obj (.text:free_list_insert)
                  00013078    00000028                                   : lseek.c.obj (.text:lseek)
                  000130a0    00000028                                   : write.c.obj (.text:write)
                  000130c8    00000020     usblib.lib : usbhhub.obj (.text:HubDriverDeviceConnect)
                  000130e8    00000020                : usbhhub.obj (.text:HubDriverDeviceReset)
                  00013108    00000020     rtsv7M4_T_le_v4SPD16_eabi.lib : memchr.c.obj (.text:memchr)
                  00013128    0000001c                                   : assert.c.obj (.text:_abort_msg)
                  00013144    0000001c                                   : memory.c.obj (.text:free_list_remove)
                  00013160    0000001c                                   : memccpy.c.obj (.text:memccpy)
                  0001317c    0000001a                                   : s_copysign.c.obj (.text:copysign)
                  00013196    00000002     --HOLE-- [fill = 0]
                  00013198    00000018     usblib.lib : usbhhub.obj (.text:USBHHubEnumerationComplete)
                  000131b0    00000018                : usbhhub.obj (.text:USBHHubEnumerationError)
                  000131c8    00000018     rtsv7M4_T_le_v4SPD16_eabi.lib : sprintf.c.obj (.text:_outs)
                  000131e0    00000018                                   : strcmp.c.obj (.text:strcmp)
                  000131f8    00000018     usbdhandler.obj (.text)
                  00013210    00000016     rtsv7M4_T_le_v4SPD16_eabi.lib : strchr.c.obj (.text:strchr)
                  00013226    00000002     --HOLE-- [fill = 0]
                  00013228    00000014     usblib.lib : usbhostenum.obj (.text:USBHCDPowerAutomatic)
                  0001323c    00000014                : usbhhub.obj (.text:USBHubPortSpeedSet)
                  00013250    00000014     rtsv7M4_T_le_v4SPD16_eabi.lib : strcpy.c.obj (.text:strcpy)
                  00013264    00000014                                   : strlen.c.obj (.text:strlen)
                  00013278    00000012     usblib.lib : usbhostenum.obj (.text:SendUnknownConnect)
                  0001328a    00000012     rtsv7M4_T_le_v4SPD16_eabi.lib : wcslen.c.obj (.text:wcslen)
                  0001329c    0000000e                                   : copy_decompress_none.c.obj (.text:decompress:none:__TI_decompress_none)
                  000132aa    00000002     --HOLE-- [fill = 0]
                  000132ac    0000000c     usblib.lib : usbhostenum.obj (.text:USBHCDHubDeviceDisconnected)
                  000132b8    0000000c                : usbhostenum.obj (.text:USBHCDPowerConfigGet)
                  000132c4    0000000c     rtsv7M4_T_le_v4SPD16_eabi.lib : copy_zero_init.c.obj (.text:decompress:ZI:__TI_zero_init)
                  000132d0    0000000c     tm4c123gh6pm_startup_ccs.obj (.text)
                  000132dc    0000000a     rtsv7M4_T_le_v4SPD16_eabi.lib : sprintf.c.obj (.text:_outc)
                  000132e6    00000002     --HOLE-- [fill = 0]
                  000132e8    00000008                                   : errno.c.obj (.text:__aeabi_errno_addr)
                  000132f0    00000008                                   : memory.c.obj (.text:malloc)
                  000132f8    00000006     sysctl.obj (.text:SysCtlDelay)
                  000132fe    00000004     rtsv7M4_T_le_v4SPD16_eabi.lib : pre_init.c.obj (.text:_system_pre_init)
                  00013302    00000004                                   : exit.c.obj (.text:abort:abort)

.const     0    00013308    00000980     
                  00013308    00000120     sysctl.obj (.const:g_pppui32XTALtoVCO)
                  00013428    00000101     rtsv7M4_T_le_v4SPD16_eabi.lib : ctype.c.obj (.const:.string:_ctypes_)
                  00013529    00000003     --HOLE-- [fill = 0]
                  0001352c    000000c0     gpio.obj (.const:g_ppui32GPIOIntMapBlizzard)
                  000135ec    000000c0     gpio.obj (.const:g_ppui32GPIOIntMapSnowflake)
                  000136ac    0000009c     interrupt.obj (.const:g_pui32Regs)
                  00013748    00000090     gpio.obj (.const:g_pui32GPIOBaseAddrs)
                  000137d8    0000006c     sysctl.obj (.const:g_pui32Xtals)
                  00013844    00000050     i2c.obj (.const:g_ppui32I2CIntMapSnowflake)
                  00013894    00000040     uart.obj (.const:g_ppui32UARTIntMap)
                  000138d4    00000040     uart.obj (.const:g_ppui32UARTIntMapSnowflake)
                  00013914    0000003a     usbdhidgamepad.obj (.const:.string:g_pui8GameReportDescriptor)
                  0001394e    00000002     --HOLE-- [fill = 0]
                  00013950    00000034     buttons.obj (.const:.string)
                  00013984    00000034     usb_structs.obj (.const:.string:g_pui8ConfigString)
                  000139b8    00000034     usbdenum.obj (.const:g_psUSBDStdRequests)
                  000139ec    00000030     ADC_task.obj (.const:.string)
                  00013a1c    00000030     i2c.obj (.const:g_ppui32I2CIntMap)
                  00013a4c    00000030     usbdhid.obj (.const:g_sHIDHandlers)
                  00013a7c    00000030     sysctl.obj (.const:g_sXTALtoMEMTIM)
                  00013aac    0000002c     GPOs.obj (.const:.string)
                  00013ad8    0000002c     usb_structs.obj (.const:.string:g_pui8HIDInterfaceString)
                  00013b04    00000022     usb_structs.obj (.const:.string:g_pui8ProductString)
                  00013b26    00000002     --HOLE-- [fill = 0]
                  00013b28    00000020     ssi.obj (.const:g_ppui32SSIIntMap)
                  00013b48    00000020     ssi.obj (.const:g_ppui32SSIIntMapSnowflake)
                  00013b68    00000020     interrupt.obj (.const:g_pui32Priority)
                  00013b88    00000018     usb_structs.obj (.const:g_ppui8StringDescriptors)
                  00013ba0    00000014     usb_structs.obj (.const:.string:g_pui8ManufacturerString)
                  00013bb4    00000014     interrupt.obj (.const:g_pui32Dii16Regs)
                  00013bc8    00000014     interrupt.obj (.const:g_pui32EnRegs)
                  00013bdc    00000014     interrupt.obj (.const:g_pui32PendRegs)
                  00013bf0    00000014     interrupt.obj (.const:g_pui32UnpendRegs)
                  00013c04    00000012     usb_structs.obj (.const:.string:g_pui8SerialNumberString)
                  00013c16    00000002     --HOLE-- [fill = 0]
                  00013c18    00000012     uartstdio.obj (.const:.string)
                  00013c2a    00000002     --HOLE-- [fill = 0]
                  00013c2c    0000000c     uartstdio.obj (.const:g_ui32UARTBase)
                  00013c38    0000000c     uartstdio.obj (.const:g_ui32UARTPeriph)
                  00013c44    00000008     sysctl.obj (.const:g_pui32VCOFrequencies)
                  00013c4c    00000008     usbdhidgamepad.obj (.const:g_sHIDConfigSection)
                  00013c54    00000008     usbdhidgamepad.obj (.const:g_sHIDInEndpointSection)
                  00013c5c    00000008     usbdhidgamepad.obj (.const:g_sHIDInterfaceSection)
                  00013c64    00000008     GPOs.obj (.const:led_info)
                  00013c6c    00000008     port.obj (.const)
                  00013c74    00000007     usbdhidgamepad.obj (.const:.string:g_pui8HIDInEndpoint)
                  00013c7b    00000004     usb_structs.obj (.const:.string:g_pui8LangDescriptor)
                  00013c7f    00000001     --HOLE-- [fill = 0]
                  00013c80    00000004     usbdhidgamepad.obj (.const:g_ppsHIDConfigDescriptors)
                  00013c84    00000004     uartstdio.obj (.const)

.cinit     0    00013c88    00000208     
                  00013c88    000001d4     (.cinit..data.load) [load image, compression = lzss]
                  00013e5c    0000000c     (__TI_handler_table)
                  00013e68    00000008     (.cinit..bss.load) [load image, compression = zero_init]
                  00013e70    00000008     (.cinit..vtable.load) [load image, compression = zero_init]
                  00013e78    00000018     (__TI_cinit_table)

.init_array 
*          0    00000000    00000000     UNINITIALIZED

.vtable    0    20000000    0000026c     UNINITIALIZED
                  20000000    0000026c     interrupt.obj (.vtable)

.bss       0    2000026c    000073e5     UNINITIALIZED
                  2000026c    00006400     (.common:ucHeap)
                  2000666c    000006cc     usblib.lib : usbhostenum.obj (.bss:g_sUSBHCD)
                  20006d38    00000190     task_manager_page.obj (.bss:write_buffer)
                  20006ec8    00000120     rtsv7M4_T_le_v4SPD16_eabi.lib : trgmsg.c.obj (.bss:_CIOBUF_)
                  20006fe8    00000110     usbdma.obj (.bss:g_psUSBDMAInst)
                  200070f8    000000f0     logger.obj (.bss:errors)
                  200071e8    000000a0     (.common:__TI_tmpnams)
                  20007288    0000009c     usblib.lib : usbhhub.obj (.bss:g_sRootHub)
                  20007324    00000064     tasks.obj (.bss:pxReadyTasksLists)
                  20007388    00000050     (.common:g_psDCDInst)
                  200073d8    00000040     usbdenum.obj (.bss:g_pui8DataBufferIn)
                  20007418    00000040     (.common:xQueueRegistry)
                  20007458    00000034     usb_task.obj (.bss)
                  2000748c    00000020     ADC_task.obj (.bss:adc0_step_values)
                  200074ac    00000020     light_temp_task.obj (.bss:light_config_msg)
                  200074cc    00000020     light_temp_task.obj (.bss:light_i2c_msg)
                  200074ec    00000018     usblib.lib : usbhostenum.obj (.bss:g_pi32USBHActiveDriver)
                  20007504    00000018                : usbhostenum.obj (.bss:g_ppvDriverInstance)
                  2000751c    00000018     (.common:g_pfnTickHandlers)
                  20007534    00000018     (.common:g_pvTickInstance)
                  2000754c    00000014     tasks.obj (.bss:xDelayedTaskList1)
                  20007560    00000014     tasks.obj (.bss:xDelayedTaskList2)
                  20007574    00000014     tasks.obj (.bss:xPendingReadyList)
                  20007588    00000014     tasks.obj (.bss:xSuspendedTaskList)
                  2000759c    00000014     tasks.obj (.bss:xTasksWaitingTermination)
                  200075b0    0000000c     lcd_task.obj (.bss)
                  200075bc    00000008     board_task.obj (.bss)
                  200075c4    00000008     console_uart.obj (.bss)
                  200075cc    00000008     usblib.lib : usbhostenum.obj (.bss:g_pui32Alloc)
                  200075d4    00000008     tasks.obj (.bss)
                  200075dc    00000008     usblib.lib : usbhhub.obj (.bss)
                  200075e4    00000008     heap_2.obj (.bss:xEnd)
                  200075ec    00000008     heap_2.obj (.bss:xStart)
                  200075f4    00000008     (.common:adc_info)
                  200075fc    00000008     (.common:buttons_info)
                  20007604    00000008     (.common:parmbuf)
                  2000760c    00000006     usb_task.obj (.bss:last_report$1)
                  20007612    00000006     usb_task.obj (.bss:sReport)
                  20007618    00000004     I2C_task.obj (.bss)
                  2000761c    00000004     adc.obj (.bss:g_pui8OversampleFactor)
                  20007620    00000004     light_temp_task.obj (.bss:light_config)
                  20007624    00000004     light_temp_task.obj (.bss:light_rx_data)
                  20007628    00000004     light_temp_task.obj (.bss:light_tx_data)
                  2000762c    00000004     usbdenum.obj (.bss)
                  20007630    00000004     usblib.lib : usbhostenum.obj (.bss)
                  20007634    00000004     usbmode.obj (.bss)
                  20007638    00000004     (.common:addr_ack_err)
                  2000763c    00000004     (.common:arb_lost_err)
                  20007640    00000004     (.common:clk_tout_err)
                  20007644    00000004     (.common:data_ack_err)
                  20007648    00000004     (.common:g_ppsDevInfo)
                  2000764c    00000004     (.common:g_ui32PollRate)
                  20007650    00000001     (.common:g_eOTGModeState)

.data      0    20007654    000005c8     UNINITIALIZED
                  20007654    000000f0     rtsv7M4_T_le_v4SPD16_eabi.lib : defs.c.obj (.data:_ftable)
                  20007744    00000098     usb_structs.obj (.data:g_sGamepadDevice)
                  200077dc    0000008c     console_task.obj (.data:console_pages)
                  20007868    00000078     rtsv7M4_T_le_v4SPD16_eabi.lib : host_device.c.obj (.data:_device)
                  200078e0    00000050                                   : host_device.c.obj (.data:_stream)
                  20007930    00000034     tasks.obj (.data)
                  20007964    0000001c     ADC_task.obj (.data:accel_x)
                  20007980    0000001c     ADC_task.obj (.data:accel_y)
                  2000799c    0000001c     ADC_task.obj (.data:accel_z)
                  200079b8    0000001c     ADC_task.obj (.data:joystick_x)
                  200079d4    0000001c     ADC_task.obj (.data:joystick_y)
                  200079f0    00000018     usblib.lib : usbhostenum.obj (.data:g_sUSBHEP0State)
                  20007a08    00000014     ADC_task.obj (.data:adc_pins)
                  20007a1c    00000014     GPOs.obj (.data:blue_led)
                  20007a30    00000014     buttons.obj (.data:button_1)
                  20007a44    00000014     buttons.obj (.data:button_2)
                  20007a58    00000014     buttons.obj (.data:gpio_pins)
                  20007a6c    00000014     GPOs.obj (.data:gpos)
                  20007a80    00000014     GPOs.obj (.data:green_led)
                  20007a94    00000014     buttons.obj (.data:joystick_ok)
                  20007aa8    00000014     GPOs.obj (.data:lcd_frame_signal)
                  20007abc    00000014     GPOs.obj (.data:lcd_reset)
                  20007ad0    00000014     GPOs.obj (.data:lcd_rs)
                  20007ae4    00000014     buttons.obj (.data:select)
                  20007af8    00000014     buttons.obj (.data:start)
                  20007b0c    00000014     usblib.lib : usbhostenum.obj (.data)
                  20007b20    00000012     usbdhid.obj (.data:g_pui8HIDDeviceDescriptor)
                  20007b32    00000002     --HOLE--
                  20007b34    00000010     console_task.obj (.data)
                  20007b44    00000010     usbdhidgamepad.obj (.data:g_psHIDSections)
                  20007b54    00000010     rtsv7M4_T_le_v4SPD16_eabi.lib : defs.c.obj (.data)
                  20007b64    0000000c                                   : exit.c.obj (.data:$O1$$)
                  20007b70    0000000c     port.obj (.data)
                  20007b7c    0000000c     usbtick.obj (.data)
                  20007b88    00000009     usbdhidgamepad.obj (.data:g_pui8GameDescriptor)
                  20007b91    00000009     usbdhidgamepad.obj (.data:g_pui8HIDInterface)
                  20007b9a    00000009     usbdhidgamepad.obj (.data:g_sGameHIDDescriptor)
                  20007ba3    00000001     --HOLE--
                  20007ba4    00000009     usbmode.obj (.data)
                  20007bad    00000003     --HOLE--
                  20007bb0    00000008     rtsv7M4_T_le_v4SPD16_eabi.lib : _lock.c.obj (.data:$O1$$)
                  20007bb8    00000008                                   : memory.c.obj (.data:$O1$$)
                  20007bc0    00000008     ADC_task.obj (.data:adc_pin_struct)
                  20007bc8    00000008     buttons.obj (.data:button_info)
                  20007bd0    00000008     usbdhidgamepad.obj (.data:g_sHIDConfigHeader)
                  20007bd8    00000008     usbdhidgamepad.obj (.data:g_sHIDDescriptorSection)
                  20007be0    00000008     heap_2.obj (.data)
                  20007be8    00000008     lcd_task.obj (.data)
                  20007bf0    00000008     usbdenum.obj (.data)
                  20007bf8    00000005     I2C_task.obj (.data)
                  20007bfd    00000003     --HOLE--
                  20007c00    00000005     uartstdio.obj (.data)
                  20007c05    00000003     --HOLE--
                  20007c08    00000004     ADC_task.obj (.data)
                  20007c0c    00000004     usbdhidgamepad.obj (.data:g_ppui8GameClassDescriptors)
                  20007c10    00000004     logger.obj (.data)
                  20007c14    00000004     main.obj (.data)
                  20007c18    00000004     rtsv7M4_T_le_v4SPD16_eabi.lib : errno.c.obj (.data)

.stack     0    20007c20    00000200     UNINITIALIZED
                  20007c20    00000004     rtsv7M4_T_le_v4SPD16_eabi.lib : boot_cortex_m.c.obj (.stack)
                  20007c24    000001fc     --HOLE--

.sysmem    0    20007e20    00000010     UNINITIALIZED
                  20007e20    00000010     rtsv7M4_T_le_v4SPD16_eabi.lib : memory.c.obj (.sysmem)

__llvm_prf_cnts 
*          0    20000000    00000000     UNINITIALIZED

MODULE SUMMARY

       Module                         code    ro data   rw data
       ------                         ----    -------   -------
    .\
       ADC_task.obj                   532     48        25804  
       I2C_task.obj                   1336    0         25     
       console_task.obj               1020    0         156    
       usb_task.obj                   1112    0         64     
       lcd_task.obj                   804     0         20     
       logger.obj                     444     0         244    
       tm4c123gh6pm_startup_ccs.obj   12      620       0      
       buttons.obj                    392     52        128    
       main.obj                       504     0         4      
       GPOs.obj                       324     52        120    
       light_temp_task.obj            400     0         76     
       task_manager_page.obj          76      0         400    
       heap_2.obj                     448     0         24     
       control_page.obj               380     0         16     
       usb_structs.obj                0       196       152    
       homepage.obj                   304     0         0      
       buzzer_lcdbl.obj               280     0         0      
       console_uart.obj               260     0         8      
       board_task.obj                 236     0         8      
       text_controls.obj              210     0         0      
       hooks.obj                      42      0         0      
    +--+------------------------------+-------+---------+---------+
       Total:                         9116    968       27249  
                                                               
    .\FreeRTOS\
       tasks.obj                      7644    0         260    
       queue.obj                      4176    0         64     
       list.obj                       298     0         0      
    +--+------------------------------+-------+---------+---------+
       Total:                         12118   0         324    
                                                               
    .\FreeRTOS\portable\CCS\ARM_CM4F\
       port.obj                       652     8         12     
       portasm.obj                    218     0         0      
    +--+------------------------------+-------+---------+---------+
       Total:                         870     8         12     
                                                               
    .\driverlib\
       usb.obj                        5562    0         0      
       sysctl.obj                     3834    452       0      
       gpio.obj                       2952    528       0      
       adc.obj                        1986    0         4      
       interrupt.obj                  960     268       620    
       i2c.obj                        1692    128       0      
       pwm.obj                        1816    0         0      
       uart.obj                       1560    128       0      
       udma.obj                       1248    0         0      
       ssi.obj                        838     64        0      
       fpu.obj                        192     0         0      
       cpu.obj                        62      0         0      
    +--+------------------------------+-------+---------+---------+
       Total:                         22702   1568      624    
                                                               
    .\usb\
       usbdenum.obj                   4596    52        160    
       usbdma.obj                     3684    0         272    
       usbdhid.obj                    3344    48        18     
       usbmode.obj                    1180    0         18     
       usbdconfig.obj                 904     0         0      
       usbdhidgamepad.obj             732     93        63     
       usbdcdesc.obj                  734     0         0      
       usbdesc.obj                    466     0         0      
       usbtick.obj                    236     0         60     
       usbulpi.obj                    200     0         0      
       usbdhandler.obj                24      0         0      
    +--+------------------------------+-------+---------+---------+
       Total:                         16100   193       591    
                                                               
    .\utils\
       uartstdio.obj                  1180    46        5      
    +--+------------------------------+-------+---------+---------+
       Total:                         1180    46        5      
                                                               
    C:/ti/TivaWare_C_Series-2.2.0.295/usblib/ccs/Debug/usblib.lib
       usbhostenum.obj                4182    0         1844   
       usbhhub.obj                    900     0         164    
    +--+------------------------------+-------+---------+---------+
       Total:                         5082    0         2008   
                                                               
    C:\ti\ccs1020\ccs\tools\compiler\ti-cgt-arm_20.2.2.LTS\lib\rtsv7M4_T_le_v4SPD16_eabi.lib
       _printfi.c.obj                 4851    0         0      
       memory.c.obj                   672     0         8      
       fd_add_t2.asm.obj              438     0         0      
       defs.c.obj                     0       0         416    
       trgmsg.c.obj                   108     0         288    
       fd_div_t2.asm.obj              310     0         0      
       fputs.c.obj                    276     0         0      
       s_scalbn.c.obj                 272     0         0      
       fd_cmp_t2.asm.obj              268     0         0      
       ctype.c.obj                    0       257       0      
       fd_mul_t2.asm.obj              252     0         0      
       setvbuf.c.obj                  220     0         0      
       fflush.c.obj                   200     0         0      
       host_device.c.obj              0       0         200    
       memcpy_t2.asm.obj              156     0         0      
       ull_div_t2.asm.obj             150     0         0      
       memset_t2.asm.obj              122     0         0      
       fclose.c.obj                   116     0         0      
       getdevice.c.obj                116     0         0      
       hostrename.c.obj               108     0         0      
       copy_decompress_lzss.c.obj     104     0         0      
       hostlseek.c.obj                104     0         0      
       hostopen.c.obj                 96      0         8      
       fseek.c.obj                    100     0         0      
       s_frexp.c.obj                  100     0         0      
       _io_perm.c.obj                 98      0         0      
       sprintf.c.obj                  98      0         0      
       close.c.obj                    92      0         0      
       exit.c.obj                     76      0         12     
       hostread.c.obj                 88      0         0      
       hostwrite.c.obj                88      0         0      
       _ltoa.c.obj                    84      0         0      
       atoi.c.obj                     76      0         0      
       fd_toi_t2.asm.obj              72      0         0      
       autoinit.c.obj                 68      0         0      
       hostclose.c.obj                68      0         0      
       hostunlink.c.obj               68      0         0      
       u_divt2.asm.obj                64      0         0      
       strncpy.c.obj                  54      0         0      
       boot_cortex_m.c.obj            52      0         0      
       fopen.c.obj                    52      0         0      
       i_tofd_t2.asm.obj              46      0         0      
       unlink.c.obj                   44      0         0      
       lseek.c.obj                    40      0         0      
       write.c.obj                    40      0         0      
       memchr.c.obj                   32      0         0      
       assert.c.obj                   28      0         0      
       memccpy.c.obj                  28      0         0      
       s_copysign.c.obj               26      0         0      
       strcmp.c.obj                   24      0         0      
       strchr.c.obj                   22      0         0      
       strcpy.c.obj                   20      0         0      
       strlen.c.obj                   20      0         0      
       wcslen.c.obj                   18      0         0      
       copy_decompress_none.c.obj     14      0         0      
       copy_zero_init.c.obj           12      0         0      
       errno.c.obj                    8       0         4      
       _lock.c.obj                    2       0         8      
       pre_init.c.obj                 4       0         0      
       div0.asm.obj                   2       0         0      
    +--+------------------------------+-------+---------+---------+
       Total:                         10767   257       944    
                                                               
       Heap:                          0       0         16     
       Stack:                         0       0         512    
       Linker Generated:              0       520       0      
    +--+------------------------------+-------+---------+---------+
       Grand Total:                   77935   3560      32285  


LINKER GENERATED COPY TABLES

__TI_cinit_table @ 00013e78 records: 3, size/record: 8, table size: 24
	.data: load addr=00013c88, load size=000001d4 bytes, run addr=20007654, run size=000005c8 bytes, compression=lzss
	.bss: load addr=00013e68, load size=00000008 bytes, run addr=2000026c, run size=000073e5 bytes, compression=zero_init
	.vtable: load addr=00013e70, load size=00000008 bytes, run addr=20000000, run size=0000026c bytes, compression=zero_init


LINKER GENERATED HANDLER TABLE

__TI_handler_table @ 00013e5c records: 3, size/record: 4, table size: 12
	index: 0, handler: __TI_zero_init
	index: 1, handler: __TI_decompress_lzss
	index: 2, handler: __TI_decompress_none


GLOBAL SYMBOLS: SORTED ALPHABETICALLY BY Name 

address   name                                 
-------   ----                                 
00009fc5  ADCBusy                              
0000a00d  ADCClockConfigGet                    
00009fe3  ADCClockConfigSet                    
00009ddf  ADCComparatorConfigure               
00009eaf  ADCComparatorIntClear                
00009e65  ADCComparatorIntDisable              
00009e83  ADCComparatorIntEnable               
00009ea1  ADCComparatorIntStatus               
00009dfb  ADCComparatorRegionSet               
00009e1f  ADCComparatorReset                   
00009dad  ADCHardwareOversampleConfigure       
000099c3  ADCIntClear                          
00009f27  ADCIntClearEx                        
00009929  ADCIntDisable                        
00009ec1  ADCIntDisableEx                      
00009945  ADCIntEnable                         
00009ed9  ADCIntEnableEx                       
000098e3  ADCIntRegister                       
0000996b  ADCIntStatus                         
00009ef5  ADCIntStatusEx                       
0000990b  ADCIntUnregister                     
00009f7f  ADCPhaseDelayGet                     
00009f6d  ADCPhaseDelaySet                     
00009c23  ADCProcessorTrigger                  
00009f5b  ADCReferenceGet                      
00009f3f  ADCReferenceSet                      
00009a0d  ADCSequenceConfigure                 
00009fa9  ADCSequenceDMADisable                
00009f8d  ADCSequenceDMAEnable                 
00009be1  ADCSequenceDataGet                   
000099f3  ADCSequenceDisable                   
000099d9  ADCSequenceEnable                    
00009b85  ADCSequenceOverflow                  
00009b9d  ADCSequenceOverflowClear             
00009a91  ADCSequenceStepConfigure             
00009bb3  ADCSequenceUnderflow                 
00009bcb  ADCSequenceUnderflowClear            
00009c47  ADCSoftwareOversampleConfigure       
00009d3f  ADCSoftwareOversampleDataGet         
00009c7f  ADCSoftwareOversampleStepConfigure   
00013303  C$$EXIT                              
00012dc3  C$$IO$$                              
00012d17  CPUbasepriGet                        
00012d09  CPUbasepriSet                        
00012ce3  CPUcpsid                             
00012cf9  CPUcpsie                             
00012cef  CPUprimask                           
00012d05  CPUwfi                               
000124b9  ConfigDescAlloc                      
00012fa1  ConfigDescFree                       
00011963  FPUDisable                           
00011951  FPUEnable                            
000119cf  FPUFlushToZeroModeSet                
0001199b  FPUHalfPrecisionModeSet              
00011983  FPULazyStackingEnable                
000119b5  FPUNaNModeSet                        
000119e9  FPURoundingModeSet                   
0001198f  FPUStackingDisable                   
00011971  FPUStackingEnable                    
00008e13  GPIOADCTriggerDisable                
00008df5  GPIOADCTriggerEnable                 
00008dd7  GPIODMATriggerDisable                
00008db9  GPIODMATriggerEnable                 
0000836b  GPIODirModeGet                       
0000830f  GPIODirModeSet                       
000088d3  GPIOIntClear                         
00008897  GPIOIntDisable                       
0000887d  GPIOIntEnable                        
000088e7  GPIOIntRegister                      
000088b1  GPIOIntStatus                        
0000845b  GPIOIntTypeGet                       
000083b7  GPIOIntTypeSet                       
00008905  GPIOIntUnregister                    
0000872b  GPIOPadConfigGet                     
000084f1  GPIOPadConfigSet                     
00008d5b  GPIOPinConfigure                     
0000891f  GPIOPinRead                          
00008957  GPIOPinTypeADC                       
0000897b  GPIOPinTypeCAN                       
00008d27  GPIOPinTypeCIR                       
0000899f  GPIOPinTypeComparator                
000089c3  GPIOPinTypeEPI                       
000089e7  GPIOPinTypeEthernetLED               
00008a0b  GPIOPinTypeEthernetMII               
00008a2f  GPIOPinTypeGPIOInput                 
00008a53  GPIOPinTypeGPIOOutput                
00008a77  GPIOPinTypeGPIOOutputOD              
00008a9b  GPIOPinTypeI2C                       
00008abf  GPIOPinTypeI2CSCL                    
00008cdf  GPIOPinTypeKBColumn                  
00008cbb  GPIOPinTypeKBRow                     
00008ae3  GPIOPinTypeLCD                       
00008d03  GPIOPinTypeLEDSeq                    
00008b07  GPIOPinTypeLPC                       
00008b2b  GPIOPinTypePECIRx                    
00008b4f  GPIOPinTypePECITx                    
00008b73  GPIOPinTypePWM                       
00008b97  GPIOPinTypeQEI                       
00008bbb  GPIOPinTypeSSI                       
00008bdf  GPIOPinTypeTimer                     
00008c03  GPIOPinTypeUART                      
00008c27  GPIOPinTypeUSBAnalog                 
00008c4b  GPIOPinTypeUSBDigital                
00008c6f  GPIOPinTypeWakeHigh                  
00008c95  GPIOPinTypeWakeLow                   
00008d4b  GPIOPinWakeStatus                    
00008937  GPIOPinWrite                         
0000c769  GamepadHandler                       
00012b15  HOSTclose                            
000121f9  HOSTlseek                            
00012459  HOSTopen                             
000125cd  HOSTread                             
0001218d  HOSTrename                           
00012b59  HOSTunlink                           
00012625  HOSTwrite                            
0000ad5b  I2CFIFODataGet                       
0000ad75  I2CFIFODataGetNonBlocking            
0000ad11  I2CFIFODataPut                       
0000ad33  I2CFIFODataPutNonBlocking            
0000ad01  I2CFIFOStatus                        
0000a8f5  I2CIntRegister                       
0000a913  I2CIntUnregister                     
0000adb1  I2CMasterBurstCountGet               
0000ad9b  I2CMasterBurstLengthSet              
0000ab59  I2CMasterBusBusy                     
0000ab41  I2CMasterBusy                        
0000ab71  I2CMasterControl                     
0000abc5  I2CMasterDataGet                     
0000abaf  I2CMasterDataPut                     
0000a8c1  I2CMasterDisable                     
0000a88d  I2CMasterEnable                      
0000ab83  I2CMasterErr                         
0000adbf  I2CMasterGlitchFilterConfigSet       
0000a7c3  I2CMasterInitExpClk                  
0000aabb  I2CMasterIntClear                    
0000aad9  I2CMasterIntClearEx                  
0000a987  I2CMasterIntDisable                  
0000a997  I2CMasterIntDisableEx                
0000a92d  I2CMasterIntEnable                   
0000a93d  I2CMasterIntEnableEx                 
0000a9e1  I2CMasterIntStatus                   
0000aa25  I2CMasterIntStatusEx                 
0000ab33  I2CMasterLineStateGet                
0000ab11  I2CMasterSlaveAddrSet                
0000abd3  I2CMasterTimeoutSet                  
0000acc1  I2CRxFIFOConfigSet                   
0000ace9  I2CRxFIFOFlush                       
0000abe5  I2CSlaveACKOverride                  
0000ac17  I2CSlaveACKValueSet                  
0000a84f  I2CSlaveAddressSet                   
0000ac71  I2CSlaveDataGet                      
0000ac59  I2CSlaveDataPut                      
0000a8d7  I2CSlaveDisable                      
0000a8a3  I2CSlaveEnable                       
0000adef  I2CSlaveFIFODisable                  
0000add7  I2CSlaveFIFOEnable                   
0000a835  I2CSlaveInit                         
0000aaeb  I2CSlaveIntClear                     
0000aafd  I2CSlaveIntClearEx                   
0000a9af  I2CSlaveIntDisable                   
0000a9c7  I2CSlaveIntDisableEx                 
0000a955  I2CSlaveIntEnable                    
0000a96d  I2CSlaveIntEnableEx                  
0000aa51  I2CSlaveIntStatus                    
0000aa99  I2CSlaveIntStatusEx                  
0000ac49  I2CSlaveStatus                       
0000ac81  I2CTxFIFOConfigSet                   
0000aca9  I2CTxFIFOFlush                       
0000d571  IntDisable                           
0000d4ff  IntEnable                            
0000d5e3  IntIsEnabled                         
0000d3c3  IntMasterDisable                     
0000d3b3  IntMasterEnable                      
0000d6d9  IntPendClear                         
0000d669  IntPendSet                           
0000d4db  IntPriorityGet                       
0000d453  IntPriorityGroupingGet               
0000d439  IntPriorityGroupingSet               
0000d733  IntPriorityMaskGet                   
0000d727  IntPriorityMaskSet                   
0000d48b  IntPrioritySet                       
0000d3d3  IntRegister                          
0000d73b  IntTrigger                           
0000d425  IntUnregister                        
00012fcd  InternalUSBHCDSendEvent              
00011393  InternalUSBRegisterTickHandler       
000113e3  InternalUSBStartOfFrameTick          
0001134d  InternalUSBTickInit                  
0001138b  InternalUSBTickReset                 
0000c655  OTGDeviceDisconnect                  
0000a6c7  PWMClockGet                          
0000a6a7  PWMClockSet                          
0000a1f1  PWMDeadBandDisable                   
0000a1b9  PWMDeadBandEnable                    
0000a56d  PWMFaultIntClear                     
0000a59f  PWMFaultIntClearExt                  
0000a487  PWMFaultIntRegister                  
0000a4a5  PWMFaultIntUnregister                
0000a04d  PWMGenConfigure                      
0000a10b  PWMGenDisable                        
0000a0f1  PWMGenEnable                         
0000a671  PWMGenFaultClear                     
0000a5bd  PWMGenFaultConfigure                 
0000a63b  PWMGenFaultStatus                    
0000a617  PWMGenFaultTriggerGet                
0000a5ed  PWMGenFaultTriggerSet                
0000a525  PWMGenIntClear                       
0000a3f9  PWMGenIntRegister                    
0000a4fb  PWMGenIntStatus                      
0000a4dd  PWMGenIntTrigDisable                 
0000a4bf  PWMGenIntTrigEnable                  
0000a421  PWMGenIntUnregister                  
0000a0c7  PWMGenPeriodGet                      
0000a097  PWMGenPeriodSet                      
0000a555  PWMIntDisable                        
0000a53d  PWMIntEnable                         
0000a57f  PWMIntStatus                         
0000a2c7  PWMOutputFault                       
0000a295  PWMOutputFaultLevel                  
0000a263  PWMOutputInvert                      
0000a231  PWMOutputState                       
0000a6f1  PWMOutputUpdateMode                  
0000a16f  PWMPulseWidthGet                     
0000a125  PWMPulseWidthSet                     
0000a21f  PWMSyncTimeBase                      
0000a20d  PWMSyncUpdate                        
000132d1  ResetISR                             
0000ddc1  SSIAdvDataPutFrameEnd                
0000dde7  SSIAdvDataPutFrameEndNonBlocking     
0000de29  SSIAdvFrameHoldDisable               
0000de13  SSIAdvFrameHoldEnable                
0000dda5  SSIAdvModeSet                        
0000dd4f  SSIBusy                              
0000dd81  SSIClockSourceGet                    
0000dd6d  SSIClockSourceSet                    
0000db57  SSIConfigSetExpClk                   
0000dd37  SSIDMADisable                        
0000dd1f  SSIDMAEnable                         
0000dce1  SSIDataGet                           
0000dcfd  SSIDataGetNonBlocking                
0000dca7  SSIDataPut                           
0000dcc1  SSIDataPutNonBlocking                
0000dbf9  SSIDisable                           
0000dbe3  SSIEnable                            
0000dc95  SSIIntClear                          
0000dc5f  SSIIntDisable                        
0000dc47  SSIIntEnable                         
0000dc0f  SSIIntRegister                       
0000dc77  SSIIntStatus                         
0000dc2d  SSIIntUnregister                     
000066db  SysCtlAltClkConfig                   
00005eb1  SysCtlClockFreqSet                   
00006395  SysCtlClockGet                       
000066bf  SysCtlClockOutConfig                 
000061c9  SysCtlClockSet                       
00005db1  SysCtlDeepSleep                      
00006561  SysCtlDeepSleepClockConfigSet        
00006543  SysCtlDeepSleepClockSet              
00005d91  SysCtlDeepSleepPowerSet              
000132f9  SysCtlDelay                          
0000593f  SysCtlFlashSectorSizeGet             
00005913  SysCtlFlashSizeGet                   
00006637  SysCtlGPIOAHBDisable                 
0000661b  SysCtlGPIOAHBEnable                  
00005d25  SysCtlIntClear                       
00005d0d  SysCtlIntDisable                     
00005cf9  SysCtlIntEnable                      
00005cd1  SysCtlIntRegister                    
00005d35  SysCtlIntStatus                      
00005ce9  SysCtlIntUnregister                  
00005d77  SysCtlLDODeepSleepGet                
00005d67  SysCtlLDODeepSleepSet                
00005d61  SysCtlLDOSleepGet                    
00005d51  SysCtlLDOSleepSet                    
00005de7  SysCtlMOSCConfigSet                  
000066ab  SysCtlNMIClear                       
000066a5  SysCtlNMIStatus                      
00005dfd  SysCtlPIOSCCalibrate                 
00006605  SysCtlPWMClockGet                    
000065eb  SysCtlPWMClockSet                    
00005c7d  SysCtlPeripheralClockGating          
00005c35  SysCtlPeripheralDeepSleepDisable     
00005be5  SysCtlPeripheralDeepSleepEnable      
00005b21  SysCtlPeripheralDisable              
00005ae5  SysCtlPeripheralEnable               
00005a21  SysCtlPeripheralPowerOff             
000059e5  SysCtlPeripheralPowerOn              
00005965  SysCtlPeripheralPresent              
000059a5  SysCtlPeripheralReady                
00005a5d  SysCtlPeripheralReset                
00005ba9  SysCtlPeripheralSleepDisable         
00005b65  SysCtlPeripheralSleepEnable          
00005da1  SysCtlReset                          
00005e5d  SysCtlResetBehaviorGet               
00005e4d  SysCtlResetBehaviorSet               
00005dd3  SysCtlResetCauseClear                
00005dcd  SysCtlResetCauseGet                  
00005909  SysCtlSRAMSizeGet                    
00005da9  SysCtlSleep                          
00005d7d  SysCtlSleepPowerSet                  
00006665  SysCtlUSBPLLDisable                  
00006653  SysCtlUSBPLLEnable                   
00006691  SysCtlVoltageEventClear              
00006675  SysCtlVoltageEventConfig             
00006685  SysCtlVoltageEventStatus             
0000b3d1  UART9BitAddrSend                     
0000b3ab  UART9BitAddrSet                      
0000b395  UART9BitDisable                      
0000b37f  UART9BitEnable                       
0000b223  UARTBreakCtl                         
0000b24d  UARTBusy                             
0000b1cb  UARTCharGet                          
0000b1af  UARTCharGetNonBlocking               
0000b205  UARTCharPut                          
0000b1e1  UARTCharPutNonBlocking               
0000b173  UARTCharsAvail                       
0000b36f  UARTClockSourceGet                   
0000b35b  UARTClockSourceSet                   
0000af43  UARTConfigGetExpClk                  
0000aecd  UARTConfigSetExpClk                  
0000b321  UARTDMADisable                       
0000b309  UARTDMAEnable                        
0000afb3  UARTDisable                          
0000b037  UARTDisableSIR                       
0000af8f  UARTEnable                           
0000b009  UARTEnableSIR                        
0000aff3  UARTFIFODisable                      
0000afdd  UARTFIFOEnable                       
0000aea5  UARTFIFOLevelGet                     
0000ae8d  UARTFIFOLevelSet                     
0000b133  UARTFlowControlGet                   
0000b117  UARTFlowControlSet                   
0000b2f7  UARTIntClear                         
0000b2c1  UARTIntDisable                       
0000b2a9  UARTIntEnable                        
0000b26b  UARTIntRegister                      
0000b2d9  UARTIntStatus                        
0000b289  UARTIntUnregister                    
0000b0cd  UARTModemControlClear                
0000b0f1  UARTModemControlGet                  
0000b095  UARTModemControlSet                  
0000b103  UARTModemStatusGet                   
0000ae7b  UARTParityModeGet                    
0000ae5f  UARTParityModeSet                    
0000b34b  UARTRxErrorClear                     
0000b339  UARTRxErrorGet                       
0000b07f  UARTSmartCardDisable                 
0000b04d  UARTSmartCardEnable                  
0000b191  UARTSpaceAvail                       
0000be31  UARTStdioConfig                      
0000b161  UARTTxIntModeGet                     
0000b145  UARTTxIntModeSet                     
0000bf77  UARTgetc                             
0000bebd  UARTgets                             
0000c297  UARTprintf                           
0000bf9d  UARTvprintf                          
0000be77  UARTwrite                            
00011887  ULPIConfigSet                        
00011929  ULPIPowerTransceiver                 
000131f9  USB0DeviceIntHandler                 
0000c389  USB0DualModeIntHandler               
0000c571  USB0OTGModeIntHandler                
0000323f  USBClockDisable                      
00003223  USBClockEnable                       
0000320f  USBControllerVersion                 
0000e2bd  USBDCDConfigDescGet                  
0000e26f  USBDCDConfigDescGetNum               
0000e237  USBDCDConfigDescGetSize              
0000e39f  USBDCDConfigGetInterface             
0000e3d5  USBDCDConfigGetInterfaceEndpoint     
0000e34b  USBDCDConfigGetNumAlternateInterfaces
00003605  USBDCDDeviceInfoInit                 
000039b9  USBDCDFeatureGet                     
000038f5  USBDCDFeatureSet                     
00003655  USBDCDInit                           
0000388b  USBDCDPowerStatusSet                 
000039ed  USBDCDRemoteWakeLPM                  
00003a0d  USBDCDRemoteWakeupRequest            
0000381b  USBDCDRequestDataEP0                 
00003841  USBDCDSendDataEP0                    
00003863  USBDCDSetDefaultConfiguration        
00003875  USBDCDStallEP0                       
000037d3  USBDCDTerm                           
00007f6d  USBDHIDCompositeInit                 
0000e5b1  USBDHIDGamepadCompositeInit          
0000e563  USBDHIDGamepadInit                   
0000e68d  USBDHIDGamepadSendReport             
0000e6e9  USBDHIDGamepadTerm                   
00007f37  USBDHIDInit                          
0000818d  USBDHIDPacketRead                    
0000828d  USBDHIDPowerStatusSet                
000082a1  USBDHIDRemoteWakeupRequest           
0000810d  USBDHIDReportWrite                   
0000824f  USBDHIDRxPacketAvailable             
000080d9  USBDHIDSetRxCBData                   
000080f3  USBDHIDSetTxCBData                   
000080c1  USBDHIDTerm                          
00008231  USBDHIDTxPacketAvailable             
00003377  USBDMAChannelAddressGet              
0000335b  USBDMAChannelAddressSet              
000032e1  USBDMAChannelConfigSet               
000033ab  USBDMAChannelCountGet                
0000338f  USBDMAChannelCountSet                
000032c1  USBDMAChannelDisable                 
000032a1  USBDMAChannelEnable                  
00003271  USBDMAChannelIntDisable              
00003251  USBDMAChannelIntEnable               
00003291  USBDMAChannelIntStatus               
00003311  USBDMAChannelStatus                  
00003331  USBDMAChannelStatusClear             
000033c3  USBDMANumChannels                    
0000f085  USBDescGet                           
0000f1a9  USBDescGetInterface                  
0000f1d7  USBDescGetInterfaceEndpoint          
0000f029  USBDescGetNum                        
0000f0ef  USBDescGetNumAlternateInterfaces     
0000267d  USBDevAddrGet                        
00002669  USBDevAddrSet                        
0000263d  USBDevConnect                        
00002653  USBDevDisconnect                     
000029b3  USBDevEndpointConfigGet              
000028c1  USBDevEndpointConfigSet              
00002d3d  USBDevEndpointDataAck                
00002567  USBDevEndpointStall                  
000025c9  USBDevEndpointStallClear             
000023e3  USBDevEndpointStatusClear            
0000352f  USBDevLPMConfig                      
0000355d  USBDevLPMDisable                     
00003545  USBDevLPMEnable                      
00003517  USBDevLPMRemoteWake                  
00003177  USBDevMode                           
000021a9  USBDevSpeedGet                       
0000d837  USBDeviceConfig                      
0000da2d  USBDeviceConfigAlternate             
00003b25  USBDeviceEnumHandler                 
00003c45  USBDeviceEnumResetHandler            
00004615  USBDeviceIntHandlerInternal          
00003a41  USBDeviceResumeTickHandler           
0000c3d5  USBDualModeInit                      
0000c433  USBDualModeTerm                      
00003129  USBEndpointDMAChannel                
00002b6f  USBEndpointDMAConfigSet              
00002c41  USBEndpointDMADisable                
00002c07  USBEndpointDMAEnable                 
00002c7b  USBEndpointDataAvail                 
00002cb3  USBEndpointDataGet                   
00002dad  USBEndpointDataPut                   
00002e11  USBEndpointDataSend                  
00002501  USBEndpointDataToggleClear           
000031db  USBEndpointPacketCountSet            
0000236f  USBEndpointStatus                    
000030ff  USBFIFOAddrGet                       
00002b09  USBFIFOConfigGet                     
00002aa3  USBFIFOConfigSet                     
00002e69  USBFIFOFlush                         
000030c3  USBFrameNumberGet                    
00011081  USBHCDControlTransfer                
00011b61  USBHCDFeatureSet                     
000126d5  USBHCDHubDeviceConnected             
000132ad  USBHCDHubDeviceDisconnected          
00011171  USBHCDInit                           
0001151d  USBHCDMain                           
00013229  USBHCDPowerAutomatic                 
000132b9  USBHCDPowerConfigGet                 
000128c5  USBHCDPowerConfigSet                 
00012d5d  USBHCDReset                          
000129f5  USBHCDSetAddress                     
00012e6f  USBHCDSetConfig                      
00013199  USBHHubEnumerationComplete           
000131b1  USBHHubEnumerationError              
00012a3d  USBHHubInit                          
00010099  USBHHubMain                          
00002117  USBHighSpeed                         
00002f79  USBHostAddrGet                       
00002f41  USBHostAddrSet                       
000122c9  USBHostCheckPipes                    
00002691  USBHostEndpointConfig                
00002d7b  USBHostEndpointDataAck               
00002465  USBHostEndpointDataToggle            
0000253b  USBHostEndpointPing                  
0000282b  USBHostEndpointSpeed                 
0000239b  USBHostEndpointStatusClear           
0000300b  USBHostHubAddrGet                    
00002fa7  USBHostHubAddrSet                    
0000cfbd  USBHostIntHandlerInternal            
000034db  USBHostLPMConfig                     
000034ff  USBHostLPMResume                     
00003493  USBHostLPMSend                       
00003165  USBHostMode                          
00003039  USBHostPwrConfig                     
000030ab  USBHostPwrDisable                    
00003093  USBHostPwrEnable                     
0000307b  USBHostPwrFaultDisable               
00003063  USBHostPwrFaultEnable                
00002ed9  USBHostRequestIN                     
00002f01  USBHostRequestINClear                
00002f2f  USBHostRequestStatus                 
000020e9  USBHostReset                         
00002145  USBHostResume                        
00002173  USBHostSpeedGet                      
000020d3  USBHostSuspend                       
000021c1  USBIntDisableControl                 
00002285  USBIntDisableEndpoint                
000021ff  USBIntEnableControl                  
000022b3  USBIntEnableEndpoint                 
00002337  USBIntRegister                       
00002239  USBIntStatusControl                  
000022e1  USBIntStatusEndpoint                 
00002355  USBIntUnregister                     
00003589  USBLPMEndpointGet                    
000035e9  USBLPMIntDisable                     
000035cf  USBLPMIntEnable                      
000035bf  USBLPMIntStatus                      
00003575  USBLPMLinkStateGet                   
000035a5  USBLPMRemoteWakeEnabled              
0000739f  USBLibDMAAddrGet                     
000073cf  USBLibDMAInit                        
000073b7  USBLibDMASizeGet                     
0000319b  USBModeConfig                        
00003115  USBModeGet                           
000031fb  USBNumEndpointsGet                   
0000c70b  USBOTGFeatureSet                     
0000c675  USBOTGMain                           
00003189  USBOTGMode                           
0000c47d  USBOTGModeInit                       
0000c455  USBOTGModeTerm                       
0000c54b  USBOTGPollRate                       
000030d1  USBOTGSessionRequest                 
000031af  USBPHYPowerOff                       
000031c5  USBPHYPowerOn                        
0000c34d  USBStackModeSet                      
000033d5  USBULPIConfig                        
00003403  USBULPIDisable                       
000033eb  USBULPIEnable                        
0000341b  USBULPIRegRead                       
00003453  USBULPIRegWrite                      
20006ec8  __CIOBUF_                            
20007e20  __STACK_END                          
00000200  __STACK_SIZE                         
20007e20  __STACK_TOP                          
00000010  __SYSMEM_SIZE                        
00013e78  __TI_CINIT_Base                      
00013e90  __TI_CINIT_Limit                     
00013e5c  __TI_Handler_Table_Base              
00013e68  __TI_Handler_Table_Limit             
00012b9d  __TI_auto_init_nobinit_nopinit       
00012ea5  __TI_cleanup                         
20007b64  __TI_cleanup_ptr                     
00012039  __TI_closefile                       
00012261  __TI_decompress_lzss                 
0001329d  __TI_decompress_none                 
00012911  __TI_doflush                         
20007b68  __TI_dtors_ptr                       
20007b6c  __TI_enable_exit_profile_output      
20007b54  __TI_ft_end                          
00012783  __TI_ltoa                            
ffffffff  __TI_pprof_out_hndl                  
00008e39  __TI_printfi                         
ffffffff  __TI_prof_data_size                  
ffffffff  __TI_prof_data_start                 
00012ed9  __TI_readmsg                         
00000000  __TI_static_base__                   
200071e8  __TI_tmpnams                         
00012d95  __TI_writemsg                        
000123f5  __TI_wrt_ok                          
000132c5  __TI_zero_init                       
00011dc1  __aeabi_cdcmpeq                      
00011dc1  __aeabi_cdcmple                      
00011e47  __aeabi_cdrcmple                     
00012acd  __aeabi_d2iz                         
0000f753  __aeabi_dadd                         
0001048d  __aeabi_ddiv                         
00010f85  __aeabi_dmul                         
0000f749  __aeabi_dsub                         
000132e9  __aeabi_errno_addr                   
00012f71  __aeabi_i2d                          
00009887  __aeabi_idiv0                        
00009887  __aeabi_ldiv0                        
00011f49  __aeabi_memclr                       
00011f49  __aeabi_memclr4                      
00011f49  __aeabi_memclr8                      
00011bfd  __aeabi_memcpy                       
00011bfd  __aeabi_memcpy4                      
00011bfd  __aeabi_memcpy8                      
00011f4b  __aeabi_memset                       
00011f4b  __aeabi_memset4                      
00011f4b  __aeabi_memset8                      
20007b60  __aeabi_stderr                       
20007b58  __aeabi_stdin                        
20007b5c  __aeabi_stdout                       
00012c25  __aeabi_uidiv                        
00012c25  __aeabi_uidivmod                     
00011c99  __aeabi_uldivmod                     
ffffffff  __binit__                            
ffffffff  __c_args__                           
UNDEFED   __mpu_init                           
20007c20  __stack                              
20000000  __start___llvm_prf_cnts              
20000000  __stop___llvm_prf_cnts               
00013129  _abort_msg                           
00012f0d  _c_int00_noargs                      
00013428  _ctypes_                             
20007868  _device                              
20007654  _ftable                              
20007bb0  _lock                                
00003603  _nop                                 
200078e0  _stream                              
20007e20  _sys_memory                          
UNDEFED   _system_post_cinit                   
000132ff  _system_pre_init                     
20007bb4  _unlock                              
00013303  abort                                
200075f4  adc_info                             
20007bc0  adc_pin_struct                       
20007c08  adc_semphr                           
0000edb1  adc_task                             
0000b49f  add_i2c_msg                          
0000cbd1  add_page                             
20007638  addr_ack_err                         
00010e85  aligned_alloc                        
2000763c  arb_lost_err                         
0001295d  atoi                                 
000117df  bgd_color                            
ffffffff  binit                                
00011279  board_task                           
000117d1  bold_text_color                      
20007bc8  button_info                          
200075fc  buttons_info                         
00011831  clear_below_line                     
00011827  clear_in_line                        
0001181d  clear_line                           
00011813  clear_terminal                       
20007640  clk_tout_err                         
00012571  close                                
0000ce55  console_task                         
00010d47  console_uart_task                    
0000fe5f  control_drawdata                     
0000fedf  control_drawinput                    
0000fda9  control_drawpage                     
0001317d  copysign                             
0001317d  copysignl                            
0000f58d  create_error                         
000117ed  cursor_pos                           
20007644  data_ack_err                         
000006a5  eTaskGetState                        
20007c18  errno                                
00012a85  exit                                 
00011ecd  fflush                               
00012f41  finddevice                           
00010a5d  fputs                                
00011439  free                                 
0001232d  frexp                                
0001232d  frexpl                               
00012391  fseek                                
20007b7c  g_bUSBTimerInitialized               
20007650  g_eOTGModeState                      
20007ba4  g_iUSBMode                           
20000000  g_pfnRAMVectors                      
2000751c  g_pfnTickHandlers                    
00000000  g_pfnVectors                         
20007648  g_ppsDevInfo                         
00013b88  g_ppui8StringDescriptors             
20007388  g_psDCDInst                          
00013984  g_pui8ConfigString                   
20007b20  g_pui8HIDDeviceDescriptor            
20007534  g_pvTickInstance                     
20007744  g_sGamepadDevice                     
00013a4c  g_sHIDHandlers                       
20007b80  g_ui32CurrentUSBTick                 
2000764c  g_ui32PollRate                       
20007b84  g_ui32USBSOFCount                    
20007ba8  g_ui32WaitTicks                      
0000ed39  get_adc_config                       
0000ed91  get_adc_struct                       
0000ed7d  get_adc_val                          
0000fcfd  get_button_config                    
0000fd5f  get_button_struct                    
00010c81  get_char                             
000102ff  get_gpo                              
0001028f  get_gpo_config                       
0000fb43  get_light_value                      
00012be1  getdevice                            
00010617  homepage_drawdata                    
00010619  homepage_drawinput                   
000105c5  homepage_drawpage                    
20007bf8  i2c_msg_queue                        
0000b52d  i2c_task                             
0000ec1d  init_adc                             
00011261  init_board                           
0000fc21  init_buttons                         
00010945  init_buzzer_lcdbl                    
0000cbc1  init_console                         
00010ccd  init_console_uart                    
0001020d  init_gpos                            
0000b419  init_i2c                             
0000de41  init_lcd_screen                      
0000fb0b  init_light_temp                      
0000c9a5  init_usb                             
0000df55  lcd_cmd_task                         
0000df19  lcd_data_task                        
0000dfa5  lcd_task                             
00010b71  ldexp                                
00010b71  ldexpl                               
00013c64  led_info                             
0000fb69  light_temp_drawdata                  
0000fb8f  light_temp_drawinput                 
0000fb51  light_temp_drawpage                  
0000fb19  light_temp_task                      
0000f639  logger_drawdata                      
0000f6d3  logger_drawinput                     
0000f5ff  logger_drawpage                      
00013079  lseek                                
0000ee31  main                                 
000132f1  malloc                               
00010e85  memalign                             
00013161  memccpy                              
00013109  memchr                               
00011bfd  memcpy                               
00011f51  memset                               
20007604  parmbuf                              
000057bd  pcQueueGetName                       
00000d49  pcTaskGetName                        
0000df03  put_lcd_cmd                          
0000deed  put_lcd_data                         
0000f3cd  pvPortMalloc                         
00001a85  pvTaskIncrementMutexHeldCount        
20007930  pxCurrentTCB                         
0000e721  pxPortInitialiseStack                
0000fd41  read_button                          
00012ff9  remove                               
00011809  restore_cursor_pos                   
000117ff  save_cursor_pos                      
00010b71  scalbn                               
00010b71  scalbnl                              
000109dd  set_buzzer_period                    
0000f5ed  set_error                            
000102d3  set_gpo                              
00010a31  set_lcdbl_duty_period                
000117b5  set_text_mode                        
000115fd  setvbuf                              
00012c65  sprintf                              
00010a23  stop_buzzer                          
00013211  strchr                               
000131e1  strcmp                               
00013251  strcpy                               
00013265  strlen                               
00012e39  strncpy                              
000129e1  taskmanager_drawdata                 
000129e3  taskmanager_drawinput                
000129a9  taskmanager_drawpage                 
000117c3  text_color                           
0000bda9  uDMAChannelAssign                    
0000ba4f  uDMAChannelAttributeDisable          
0000b9fb  uDMAChannelAttributeEnable           
0000baa3  uDMAChannelAttributeGet              
0000bb13  uDMAChannelControlSet                
0000b987  uDMAChannelDisable                   
0000b96f  uDMAChannelEnable                    
0000b99f  uDMAChannelIsEnabled                 
0000bd21  uDMAChannelModeGet                   
0000b9e3  uDMAChannelRequest                   
0000bc4d  uDMAChannelScatterGatherSet          
0000be05  uDMAChannelSelectDefault             
0000bdf1  uDMAChannelSelectSecondary           
0000bcd9  uDMAChannelSizeGet                   
0000bb55  uDMAChannelTransferSet               
0000b9dd  uDMAControlAlternateBaseGet          
0000b9d7  uDMAControlBaseGet                   
0000b9c7  uDMAControlBaseSet                   
0000b959  uDMADisable                          
0000b951  uDMAEnable                           
0000b967  uDMAErrorStatusClear                 
0000b961  uDMAErrorStatusGet                   
0000bd95  uDMAIntClear                         
0000bd67  uDMAIntRegister                      
0000bd8f  uDMAIntStatus                        
0000bd7d  uDMAIntUnregister                    
2000026c  ucHeap                               
000054ed  ucQueueGetQueueType                  
00013c6c  ulMaxSyscallInterruptPriority        
[...]
0000b103  UARTModemStatusGet                   
0000b117  UARTFlowControlSet                   
0000b133  UARTFlowControlGet                   
0000b145  UARTTxIntModeSet                     
0000b161  UARTTxIntModeGet                     
0000b173  UARTCharsAvail                       
0000b191  UARTSpaceAvail                       
0000b1af  UARTCharGetNonBlocking               
0000b1cb  UARTCharGet                          
0000b1e1  UARTCharPutNonBlocking               
0000b205  UARTCharPut                          
0000b223  UARTBreakCtl                         
0000b24d  UARTBusy                             
0000b26b  UARTIntRegister                      
0000b289  UARTIntUnregister                    
0000b2a9  UARTIntEnable                        
0000b2c1  UARTIntDisable                       
0000b2d9  UARTIntStatus                        
0000b2f7  UARTIntClear                         
0000b309  UARTDMAEnable                        
0000b321  UARTDMADisable                       
0000b339  UARTRxErrorGet                       
0000b34b  UARTRxErrorClear                     
0000b35b  UARTClockSourceSet                   
0000b36f  UARTClockSourceGet                   
0000b37f  UART9BitEnable                       
0000b395  UART9BitDisable                      
0000b3ab  UART9BitAddrSet                      
0000b3d1  UART9BitAddrSend                     
0000b419  init_i2c                             
0000b49f  add_i2c_msg                          
0000b52d  i2c_task                             
0000b951  uDMAEnable                           
0000b959  uDMADisable                          
0000b961  uDMAErrorStatusGet                   
0000b967  uDMAErrorStatusClear                 
0000b96f  uDMAChannelEnable                    
0000b987  uDMAChannelDisable                   
0000b99f  uDMAChannelIsEnabled                 
0000b9c7  uDMAControlBaseSet                   
0000b9d7  uDMAControlBaseGet                   
0000b9dd  uDMAControlAlternateBaseGet          
0000b9e3  uDMAChannelRequest                   
0000b9fb  uDMAChannelAttributeEnable           
0000ba4f  uDMAChannelAttributeDisable          
0000baa3  uDMAChannelAttributeGet              
0000bb13  uDMAChannelControlSet                
0000bb55  uDMAChannelTransferSet               
0000bc4d  uDMAChannelScatterGatherSet          
0000bcd9  uDMAChannelSizeGet                   
0000bd21  uDMAChannelModeGet                   
0000bd67  uDMAIntRegister                      
0000bd7d  uDMAIntUnregister                    
0000bd8f  uDMAIntStatus                        
0000bd95  uDMAIntClear                         
0000bda9  uDMAChannelAssign                    
0000bdf1  uDMAChannelSelectSecondary           
0000be05  uDMAChannelSelectDefault             
0000be31  UARTStdioConfig                      
0000be77  UARTwrite                            
0000bebd  UARTgets                             
0000bf77  UARTgetc                             
0000bf9d  UARTvprintf                          
0000c297  UARTprintf                           
0000c34d  USBStackModeSet                      
0000c389  USB0DualModeIntHandler               
0000c3d5  USBDualModeInit                      
0000c433  USBDualModeTerm                      
0000c455  USBOTGModeTerm                       
0000c47d  USBOTGModeInit                       
0000c54b  USBOTGPollRate                       
0000c571  USB0OTGModeIntHandler                
0000c655  OTGDeviceDisconnect                  
0000c675  USBOTGMain                           
0000c70b  USBOTGFeatureSet                     
0000c769  GamepadHandler                       
0000c9a5  init_usb                             
0000cab1  usb_task                             
0000cbc1  init_console                         
0000cbd1  add_page                             
0000ce55  console_task                         
0000cfbd  USBHostIntHandlerInternal            
0000d3b3  IntMasterEnable                      
0000d3c3  IntMasterDisable                     
0000d3d3  IntRegister                          
0000d425  IntUnregister                        
0000d439  IntPriorityGroupingSet               
0000d453  IntPriorityGroupingGet               
0000d48b  IntPrioritySet                       
0000d4db  IntPriorityGet                       
0000d4ff  IntEnable                            
0000d571  IntDisable                           
0000d5e3  IntIsEnabled                         
0000d669  IntPendSet                           
0000d6d9  IntPendClear                         
0000d727  IntPriorityMaskSet                   
0000d733  IntPriorityMaskGet                   
0000d73b  IntTrigger                           
0000d837  USBDeviceConfig                      
0000da2d  USBDeviceConfigAlternate             
0000db57  SSIConfigSetExpClk                   
0000dbe3  SSIEnable                            
0000dbf9  SSIDisable                           
0000dc0f  SSIIntRegister                       
0000dc2d  SSIIntUnregister                     
0000dc47  SSIIntEnable                         
0000dc5f  SSIIntDisable                        
0000dc77  SSIIntStatus                         
0000dc95  SSIIntClear                          
0000dca7  SSIDataPut                           
0000dcc1  SSIDataPutNonBlocking                
0000dce1  SSIDataGet                           
0000dcfd  SSIDataGetNonBlocking                
0000dd1f  SSIDMAEnable                         
0000dd37  SSIDMADisable                        
0000dd4f  SSIBusy                              
0000dd6d  SSIClockSourceSet                    
0000dd81  SSIClockSourceGet                    
0000dda5  SSIAdvModeSet                        
0000ddc1  SSIAdvDataPutFrameEnd                
0000dde7  SSIAdvDataPutFrameEndNonBlocking     
0000de13  SSIAdvFrameHoldEnable                
0000de29  SSIAdvFrameHoldDisable               
0000de41  init_lcd_screen                      
0000deed  put_lcd_data                         
0000df03  put_lcd_cmd                          
0000df19  lcd_data_task                        
0000df55  lcd_cmd_task                         
0000dfa5  lcd_task                             
0000e237  USBDCDConfigDescGetSize              
0000e26f  USBDCDConfigDescGetNum               
0000e2bd  USBDCDConfigDescGet                  
0000e34b  USBDCDConfigGetNumAlternateInterfaces
0000e39f  USBDCDConfigGetInterface             
0000e3d5  USBDCDConfigGetInterfaceEndpoint     
0000e563  USBDHIDGamepadInit                   
0000e5b1  USBDHIDGamepadCompositeInit          
0000e68d  USBDHIDGamepadSendReport             
0000e6e9  USBDHIDGamepadTerm                   
0000e721  pxPortInitialiseStack                
0000e7ad  xPortStartScheduler                  
0000e841  vPortEndScheduler                    
0000e865  vPortEnterCritical                   
0000e8a7  vPortExitCritical                    
0000e8d3  xPortSysTickHandler                  
0000e8f9  vPortSetupTimerInterrupt             
0000e915  vPortValidateInterruptPriority       
0000ec1d  init_adc                             
0000ed39  get_adc_config                       
0000ed7d  get_adc_val                          
0000ed91  get_adc_struct                       
0000edb1  adc_task                             
0000ee31  main                                 
0000f029  USBDescGetNum                        
0000f085  USBDescGet                           
0000f0ef  USBDescGetNumAlternateInterfaces     
0000f1a9  USBDescGetInterface                  
0000f1d7  USBDescGetInterfaceEndpoint          
0000f3cd  pvPortMalloc                         
0000f4cd  vPortFree                            
0000f52b  xPortGetFreeHeapSize                 
0000f531  vPortInitialiseBlocks                
0000f58d  create_error                         
0000f5ed  set_error                            
0000f5ff  logger_drawpage                      
0000f639  logger_drawdata                      
0000f6d3  logger_drawinput                     
0000f749  __aeabi_dsub                         
0000f753  __aeabi_dadd                         
0000fb0b  init_light_temp                      
0000fb19  light_temp_task                      
0000fb43  get_light_value                      
0000fb51  light_temp_drawpage                  
0000fb69  light_temp_drawdata                  
0000fb8f  light_temp_drawinput                 
0000fc21  init_buttons                         
0000fcfd  get_button_config                    
0000fd41  read_button                          
0000fd5f  get_button_struct                    
0000fda9  control_drawpage                     
0000fe5f  control_drawdata                     
0000fedf  control_drawinput                    
00010099  USBHHubMain                          
0001020d  init_gpos                            
0001028f  get_gpo_config                       
000102d3  set_gpo                              
000102ff  get_gpo                              
0001048d  __aeabi_ddiv                         
000105c5  homepage_drawpage                    
00010617  homepage_drawdata                    
00010619  homepage_drawinput                   
000106f5  vListInitialise                      
00010725  vListInitialiseItem                  
00010735  vListInsertEnd                       
00010771  vListInsert                          
000107d7  uxListRemove                         
00010945  init_buzzer_lcdbl                    
000109dd  set_buzzer_period                    
00010a23  stop_buzzer                          
00010a31  set_lcdbl_duty_period                
00010a5d  fputs                                
00010b71  ldexp                                
00010b71  ldexpl                               
00010b71  scalbn                               
00010b71  scalbnl                              
00010c81  get_char                             
00010ccd  init_console_uart                    
00010d47  console_uart_task                    
00010e85  aligned_alloc                        
00010e85  memalign                             
00010f85  __aeabi_dmul                         
00011081  USBHCDControlTransfer                
00011171  USBHCDInit                           
00011261  init_board                           
00011279  board_task                           
0001134d  InternalUSBTickInit                  
0001138b  InternalUSBTickReset                 
00011393  InternalUSBRegisterTickHandler       
000113e3  InternalUSBStartOfFrameTick          
00011439  free                                 
0001151d  USBHCDMain                           
000115fd  setvbuf                              
000116e9  ulPortGetIPSR                        
00011701  xPortPendSVHandler                   
00011761  vPortSVCHandler                      
00011781  vPortStartFirstTask                  
000117a5  vPortEnableVFP                       
000117b5  set_text_mode                        
000117c3  text_color                           
000117d1  bold_text_color                      
000117df  bgd_color                            
000117ed  cursor_pos                           
000117ff  save_cursor_pos                      
00011809  restore_cursor_pos                   
00011813  clear_terminal                       
0001181d  clear_line                           
00011827  clear_in_line                        
00011831  clear_below_line                     
00011887  ULPIConfigSet                        
00011929  ULPIPowerTransceiver                 
00011951  FPUEnable                            
00011963  FPUDisable                           
00011971  FPUStackingEnable                    
00011983  FPULazyStackingEnable                
0001198f  FPUStackingDisable                   
0001199b  FPUHalfPrecisionModeSet              
000119b5  FPUNaNModeSet                        
000119cf  FPUFlushToZeroModeSet                
000119e9  FPURoundingModeSet                   
00011b61  USBHCDFeatureSet                     
00011bfd  __aeabi_memcpy                       
00011bfd  __aeabi_memcpy4                      
00011bfd  __aeabi_memcpy8                      
00011bfd  memcpy                               
00011c99  __aeabi_uldivmod                     
00011dc1  __aeabi_cdcmpeq                      
00011dc1  __aeabi_cdcmple                      
00011e47  __aeabi_cdrcmple                     
00011ecd  fflush                               
00011f49  __aeabi_memclr                       
00011f49  __aeabi_memclr4                      
00011f49  __aeabi_memclr8                      
00011f4b  __aeabi_memset                       
00011f4b  __aeabi_memset4                      
00011f4b  __aeabi_memset8                      
00011f51  memset                               
00012039  __TI_closefile                       
0001218d  HOSTrename                           
000121f9  HOSTlseek                            
00012261  __TI_decompress_lzss                 
000122c9  USBHostCheckPipes                    
0001232d  frexp                                
0001232d  frexpl                               
00012391  fseek                                
000123f5  __TI_wrt_ok                          
00012459  HOSTopen                             
000124b9  ConfigDescAlloc                      
00012571  close                                
000125cd  HOSTread                             
00012625  HOSTwrite                            
000126d5  USBHCDHubDeviceConnected             
00012783  __TI_ltoa                            
000128c5  USBHCDPowerConfigSet                 
00012911  __TI_doflush                         
0001295d  atoi                                 
000129a9  taskmanager_drawpage                 
000129e1  taskmanager_drawdata                 
000129e3  taskmanager_drawinput                
000129f5  USBHCDSetAddress                     
00012a3d  USBHHubInit                          
00012a85  exit                                 
00012acd  __aeabi_d2iz                         
00012b15  HOSTclose                            
00012b59  HOSTunlink                           
00012b9d  __TI_auto_init_nobinit_nopinit       
00012be1  getdevice                            
00012c25  __aeabi_uidiv                        
00012c25  __aeabi_uidivmod                     
00012c65  sprintf                              
00012ce3  CPUcpsid                             
00012cef  CPUprimask                           
00012cf9  CPUcpsie                             
00012d05  CPUwfi                               
00012d09  CPUbasepriSet                        
00012d17  CPUbasepriGet                        
00012d5d  USBHCDReset                          
00012d95  __TI_writemsg                        
00012dc3  C$$IO$$                              
00012e39  strncpy                              
00012e6f  USBHCDSetConfig                      
00012ea5  __TI_cleanup                         
00012ed9  __TI_readmsg                         
00012f0d  _c_int00_noargs                      
00012f41  finddevice                           
00012f71  __aeabi_i2d                          
00012fa1  ConfigDescFree                       
00012fcd  InternalUSBHCDSendEvent              
00012ff9  remove                               
00012ff9  unlink                               
00013025  vApplicationMallocFailedHook         
00013035  vApplicationIdleHook                 
00013037  vApplicationStackOverflowHook        
00013079  lseek                                
000130a1  write                                
00013109  memchr                               
00013129  _abort_msg                           
00013161  memccpy                              
0001317d  copysign                             
0001317d  copysignl                            
00013199  USBHHubEnumerationComplete           
000131b1  USBHHubEnumerationError              
000131e1  strcmp                               
000131f9  USB0DeviceIntHandler                 
00013211  strchr                               
00013229  USBHCDPowerAutomatic                 
00013251  strcpy                               
00013265  strlen                               
0001328b  wcslen                               
0001329d  __TI_decompress_none                 
000132ad  USBHCDHubDeviceDisconnected          
000132b9  USBHCDPowerConfigGet                 
000132c5  __TI_zero_init                       
000132d1  ResetISR                             
000132e9  __aeabi_errno_addr                   
000132f1  malloc                               
000132f9  SysCtlDelay                          
000132ff  _system_pre_init                     
00013303  C$$EXIT                              
00013303  abort                                
00013428  _ctypes_                             
00013984  g_pui8ConfigString                   
00013a4c  g_sHIDHandlers                       
00013b88  g_ppui8StringDescriptors             
00013c64  led_info                             
00013c6c  ulMaxSyscallInterruptPriority        
00013e5c  __TI_Handler_Table_Base              
00013e68  __TI_Handler_Table_Limit             
00013e78  __TI_CINIT_Base                      
00013e90  __TI_CINIT_Limit                     
20000000  __start___llvm_prf_cnts              
20000000  __stop___llvm_prf_cnts               
20000000  g_pfnRAMVectors                      
2000026c  ucHeap                               
20006ec8  __CIOBUF_                            
200071e8  __TI_tmpnams                         
20007388  g_psDCDInst                          
20007418  xQueueRegistry                       
2000751c  g_pfnTickHandlers                    
20007534  g_pvTickInstance                     
200075f4  adc_info                             
200075fc  buttons_info                         
20007604  parmbuf                              
20007638  addr_ack_err                         
2000763c  arb_lost_err                         
20007640  clk_tout_err                         
20007644  data_ack_err                         
20007648  g_ppsDevInfo                         
2000764c  g_ui32PollRate                       
20007650  g_eOTGModeState                      
20007654  _ftable                              
20007744  g_sGamepadDevice                     
20007868  _device                              
200078e0  _stream                              
20007930  pxCurrentTCB                         
20007b20  g_pui8HIDDeviceDescriptor            
20007b54  __TI_ft_end                          
20007b58  __aeabi_stdin                        
20007b5c  __aeabi_stdout                       
20007b60  __aeabi_stderr                       
20007b64  __TI_cleanup_ptr                     
20007b68  __TI_dtors_ptr                       
20007b6c  __TI_enable_exit_profile_output      
20007b7c  g_bUSBTimerInitialized               
20007b80  g_ui32CurrentUSBTick                 
20007b84  g_ui32USBSOFCount                    
20007ba4  g_iUSBMode                           
20007ba8  g_ui32WaitTicks                      
20007bb0  _lock                                
20007bb4  _unlock                              
20007bc0  adc_pin_struct                       
20007bc8  button_info                          
20007bf8  i2c_msg_queue                        
20007c08  adc_semphr                           
20007c18  errno                                
20007c20  __stack                              
20007e20  __STACK_END                          
20007e20  __STACK_TOP                          
20007e20  _sys_memory                          
ffffffff  __TI_pprof_out_hndl                  
ffffffff  __TI_prof_data_size                  
ffffffff  __TI_prof_data_start                 
ffffffff  __binit__                            
ffffffff  __c_args__                           
ffffffff  binit                                
UNDEFED   __mpu_init                           
UNDEFED   _system_post_cinit                   

[875 symbols]
