<?xml version="1.0" encoding="ISO-8859-1" ?>
<link_info>
   <banner>TI ARM Linker PC v20.2.2.LTS</banner>
   <copyright>Copyright (c) 1996-2018 Texas Instruments Incorporated</copyright>
   <link_time>0x607c5fe3</link_time>
   <link_errors>0x0</link_errors>
   <output_file>Game_Controller.out</output_file>
   <entry_point>
      <name>_c_int00_noargs</name>
      <address>0x12de1</address>
   </entry_point>
   <input_file_list>
      <input_file id="fl-2">
         <path>.\</path>
         <kind>object</kind>
         <file>ADC_task.obj</file>
         <name>ADC_task.obj</name>
      </input_file>
      <input_file id="fl-3">
         <path>.\</path>
         <kind>object</kind>
         <file>GPOs.obj</file>
         <name>GPOs.obj</name>
      </input_file>
      <input_file id="fl-4">
         <path>.\</path>
         <kind>object</kind>
         <file>I2C_task.obj</file>
         <name>I2C_task.obj</name>
      </input_file>
      <input_file id="fl-5">
         <path>.\</path>
         <kind>object</kind>
         <file>board_task.obj</file>
         <name>board_task.obj</name>
      </input_file>
      <input_file id="fl-6">
         <path>.\</path>
         <kind>object</kind>
         <file>buttons.obj</file>
         <name>buttons.obj</name>
      </input_file>
      <input_file id="fl-7">
         <path>.\</path>
         <kind>object</kind>
         <file>buzzer_lcdbl.obj</file>
         <name>buzzer_lcdbl.obj</name>
      </input_file>
      <input_file id="fl-8">
         <path>.\</path>
         <kind>object</kind>
         <file>console_task.obj</file>
         <name>console_task.obj</name>
      </input_file>
      <input_file id="fl-9">
         <path>.\</path>
         <kind>object</kind>
         <file>console_uart.obj</file>
         <name>console_uart.obj</name>
      </input_file>
      <input_file id="fl-a">
         <path>.\</path>
         <kind>object</kind>
         <file>control_page.obj</file>
         <name>control_page.obj</name>
      </input_file>
      <input_file id="fl-b">
         <path>.\</path>
         <kind>object</kind>
         <file>heap_2.obj</file>
         <name>heap_2.obj</name>
      </input_file>
      <input_file id="fl-c">
         <path>.\</path>
         <kind>object</kind>
         <file>homepage.obj</file>
         <name>homepage.obj</name>
      </input_file>
      <input_file id="fl-d">
         <path>.\</path>
         <kind>object</kind>
         <file>hooks.obj</file>
         <name>hooks.obj</name>
      </input_file>
      <input_file id="fl-e">
         <path>.\</path>
         <kind>object</kind>
         <file>lcd_task.obj</file>
         <name>lcd_task.obj</name>
      </input_file>
      <input_file id="fl-f">
         <path>.\</path>
         <kind>object</kind>
         <file>light_temp_task.obj</file>
         <name>light_temp_task.obj</name>
      </input_file>
      <input_file id="fl-10">
         <path>.\</path>
         <kind>object</kind>
         <file>logger.obj</file>
         <name>logger.obj</name>
      </input_file>
      <input_file id="fl-11">
         <path>.\</path>
         <kind>object</kind>
         <file>main.obj</file>
         <name>main.obj</name>
      </input_file>
      <input_file id="fl-12">
         <path>.\</path>
         <kind>object</kind>
         <file>task_manager_page.obj</file>
         <name>task_manager_page.obj</name>
      </input_file>
      <input_file id="fl-13">
         <path>.\</path>
         <kind>object</kind>
         <file>text_controls.obj</file>
         <name>text_controls.obj</name>
      </input_file>
      <input_file id="fl-14">
         <path>.\</path>
         <kind>object</kind>
         <file>tm4c123gh6pm_startup_ccs.obj</file>
         <name>tm4c123gh6pm_startup_ccs.obj</name>
      </input_file>
      <input_file id="fl-15">
         <path>.\</path>
         <kind>object</kind>
         <file>usb_structs.obj</file>
         <name>usb_structs.obj</name>
      </input_file>
      <input_file id="fl-16">
         <path>.\</path>
         <kind>object</kind>
         <file>usb_task.obj</file>
         <name>usb_task.obj</name>
      </input_file>
      <input_file id="fl-17">
         <path>.\</path>
         <kind>object</kind>
         <file>watchdog_task.obj</file>
         <name>watchdog_task.obj</name>
      </input_file>
      <input_file id="fl-18">
         <path>.\FreeRTOS\</path>
         <kind>object</kind>
         <file>croutine.obj</file>
         <name>croutine.obj</name>
      </input_file>
      <input_file id="fl-19">
         <path>.\FreeRTOS\</path>
         <kind>object</kind>
         <file>event_groups.obj</file>
         <name>event_groups.obj</name>
      </input_file>
      <input_file id="fl-1a">
         <path>.\FreeRTOS\</path>
         <kind>object</kind>
         <file>list.obj</file>
         <name>list.obj</name>
      </input_file>
      <input_file id="fl-1b">
         <path>.\FreeRTOS\</path>
         <kind>object</kind>
         <file>queue.obj</file>
         <name>queue.obj</name>
      </input_file>
      <input_file id="fl-1c">
         <path>.\FreeRTOS\</path>
         <kind>object</kind>
         <file>stream_buffer.obj</file>
         <name>stream_buffer.obj</name>
      </input_file>
      <input_file id="fl-1d">
         <path>.\FreeRTOS\</path>
         <kind>object</kind>
         <file>tasks.obj</file>
         <name>tasks.obj</name>
      </input_file>
      <input_file id="fl-1e">
         <path>.\FreeRTOS\</path>
         <kind>object</kind>
         <file>timers.obj</file>
         <name>timers.obj</name>
      </input_file>
      <input_file id="fl-1f">
         <path>.\FreeRTOS\portable\CCS\ARM_CM4F\</path>
         <kind>object</kind>
         <file>port.obj</file>
         <name>port.obj</name>
      </input_file>
      <input_file id="fl-20">
         <path>.\FreeRTOS\portable\CCS\ARM_CM4F\</path>
         <kind>object</kind>
         <file>portasm.obj</file>
         <name>portasm.obj</name>
      </input_file>
      <input_file id="fl-21">
         <path>.\driverlib\</path>
         <kind>object</kind>
         <file>adc.obj</file>
         <name>adc.obj</name>
      </input_file>
      <input_file id="fl-22">
         <path>.\driverlib\</path>
         <kind>object</kind>
         <file>aes.obj</file>
         <name>aes.obj</name>
      </input_file>
      <input_file id="fl-23">
         <path>.\driverlib\</path>
         <kind>object</kind>
         <file>can.obj</file>
         <name>can.obj</name>
      </input_file>
      <input_file id="fl-24">
         <path>.\driverlib\</path>
         <kind>object</kind>
         <file>comp.obj</file>
         <name>comp.obj</name>
      </input_file>
      <input_file id="fl-25">
         <path>.\driverlib\</path>
         <kind>object</kind>
         <file>cpu.obj</file>
         <name>cpu.obj</name>
      </input_file>
      <input_file id="fl-26">
         <path>.\driverlib\</path>
         <kind>object</kind>
         <file>crc.obj</file>
         <name>crc.obj</name>
      </input_file>
      <input_file id="fl-27">
         <path>.\driverlib\</path>
         <kind>object</kind>
         <file>des.obj</file>
         <name>des.obj</name>
      </input_file>
      <input_file id="fl-28">
         <path>.\driverlib\</path>
         <kind>object</kind>
         <file>eeprom.obj</file>
         <name>eeprom.obj</name>
      </input_file>
      <input_file id="fl-29">
         <path>.\driverlib\</path>
         <kind>object</kind>
         <file>emac.obj</file>
         <name>emac.obj</name>
      </input_file>
      <input_file id="fl-2a">
         <path>.\driverlib\</path>
         <kind>object</kind>
         <file>epi.obj</file>
         <name>epi.obj</name>
      </input_file>
      <input_file id="fl-2b">
         <path>.\driverlib\</path>
         <kind>object</kind>
         <file>epi_workaround_ccs.obj</file>
         <name>epi_workaround_ccs.obj</name>
      </input_file>
      <input_file id="fl-2c">
         <path>.\driverlib\</path>
         <kind>object</kind>
         <file>flash.obj</file>
         <name>flash.obj</name>
      </input_file>
      <input_file id="fl-2d">
         <path>.\driverlib\</path>
         <kind>object</kind>
         <file>fpu.obj</file>
         <name>fpu.obj</name>
      </input_file>
      <input_file id="fl-2e">
         <path>.\driverlib\</path>
         <kind>object</kind>
         <file>gpio.obj</file>
         <name>gpio.obj</name>
      </input_file>
      <input_file id="fl-2f">
         <path>.\driverlib\</path>
         <kind>object</kind>
         <file>hibernate.obj</file>
         <name>hibernate.obj</name>
      </input_file>
      <input_file id="fl-30">
         <path>.\driverlib\</path>
         <kind>object</kind>
         <file>i2c.obj</file>
         <name>i2c.obj</name>
      </input_file>
      <input_file id="fl-31">
         <path>.\driverlib\</path>
         <kind>object</kind>
         <file>interrupt.obj</file>
         <name>interrupt.obj</name>
      </input_file>
      <input_file id="fl-32">
         <path>.\driverlib\</path>
         <kind>object</kind>
         <file>lcd.obj</file>
         <name>lcd.obj</name>
      </input_file>
      <input_file id="fl-33">
         <path>.\driverlib\</path>
         <kind>object</kind>
         <file>mpu.obj</file>
         <name>mpu.obj</name>
      </input_file>
      <input_file id="fl-34">
         <path>.\driverlib\</path>
         <kind>object</kind>
         <file>pwm.obj</file>
         <name>pwm.obj</name>
      </input_file>
      <input_file id="fl-35">
         <path>.\driverlib\</path>
         <kind>object</kind>
         <file>qei.obj</file>
         <name>qei.obj</name>
      </input_file>
      <input_file id="fl-36">
         <path>.\driverlib\</path>
         <kind>object</kind>
         <file>shamd5.obj</file>
         <name>shamd5.obj</name>
      </input_file>
      <input_file id="fl-37">
         <path>.\driverlib\</path>
         <kind>object</kind>
         <file>ssi.obj</file>
         <name>ssi.obj</name>
      </input_file>
      <input_file id="fl-38">
         <path>.\driverlib\</path>
         <kind>object</kind>
         <file>sw_crc.obj</file>
         <name>sw_crc.obj</name>
      </input_file>
      <input_file id="fl-39">
         <path>.\driverlib\</path>
         <kind>object</kind>
         <file>sysctl.obj</file>
         <name>sysctl.obj</name>
      </input_file>
      <input_file id="fl-3a">
         <path>.\driverlib\</path>
         <kind>object</kind>
         <file>sysexc.obj</file>
         <name>sysexc.obj</name>
      </input_file>
      <input_file id="fl-3b">
         <path>.\driverlib\</path>
         <kind>object</kind>
         <file>systick.obj</file>
         <name>systick.obj</name>
      </input_file>
      <input_file id="fl-3c">
         <path>.\driverlib\</path>
         <kind>object</kind>
         <file>timer.obj</file>
         <name>timer.obj</name>
      </input_file>
      <input_file id="fl-3d">
         <path>.\driverlib\</path>
         <kind>object</kind>
         <file>uart.obj</file>
         <name>uart.obj</name>
      </input_file>
      <input_file id="fl-3e">
         <path>.\driverlib\</path>
         <kind>object</kind>
         <file>udma.obj</file>
         <name>udma.obj</name>
      </input_file>
      <input_file id="fl-3f">
         <path>.\driverlib\</path>
         <kind>object</kind>
         <file>usb.obj</file>
         <name>usb.obj</name>
      </input_file>
      <input_file id="fl-40">
         <path>.\driverlib\</path>
         <kind>object</kind>
         <file>watchdog.obj</file>
         <name>watchdog.obj</name>
      </input_file>
      <input_file id="fl-41">
         <path>.\usb\</path>
         <kind>object</kind>
         <file>usbbuffer.obj</file>
         <name>usbbuffer.obj</name>
      </input_file>
      <input_file id="fl-42">
         <path>.\usb\</path>
         <kind>object</kind>
         <file>usbdaudio.obj</file>
         <name>usbdaudio.obj</name>
      </input_file>
      <input_file id="fl-43">
         <path>.\usb\</path>
         <kind>object</kind>
         <file>usbdbulk.obj</file>
         <name>usbdbulk.obj</name>
      </input_file>
      <input_file id="fl-44">
         <path>.\usb\</path>
         <kind>object</kind>
         <file>usbdcdc.obj</file>
         <name>usbdcdc.obj</name>
      </input_file>
      <input_file id="fl-45">
         <path>.\usb\</path>
         <kind>object</kind>
         <file>usbdcdesc.obj</file>
         <name>usbdcdesc.obj</name>
      </input_file>
      <input_file id="fl-46">
         <path>.\usb\</path>
         <kind>object</kind>
         <file>usbdcomp.obj</file>
         <name>usbdcomp.obj</name>
      </input_file>
      <input_file id="fl-47">
         <path>.\usb\</path>
         <kind>object</kind>
         <file>usbdconfig.obj</file>
         <name>usbdconfig.obj</name>
      </input_file>
      <input_file id="fl-48">
         <path>.\usb\</path>
         <kind>object</kind>
         <file>usbddfu-rt.obj</file>
         <name>usbddfu-rt.obj</name>
      </input_file>
      <input_file id="fl-49">
         <path>.\usb\</path>
         <kind>object</kind>
         <file>usbdenum.obj</file>
         <name>usbdenum.obj</name>
      </input_file>
      <input_file id="fl-4a">
         <path>.\usb\</path>
         <kind>object</kind>
         <file>usbdesc.obj</file>
         <name>usbdesc.obj</name>
      </input_file>
      <input_file id="fl-4b">
         <path>.\usb\</path>
         <kind>object</kind>
         <file>usbdhandler.obj</file>
         <name>usbdhandler.obj</name>
      </input_file>
      <input_file id="fl-4c">
         <path>.\usb\</path>
         <kind>object</kind>
         <file>usbdhid.obj</file>
         <name>usbdhid.obj</name>
      </input_file>
      <input_file id="fl-4d">
         <path>.\usb\</path>
         <kind>object</kind>
         <file>usbdhidgamepad.obj</file>
         <name>usbdhidgamepad.obj</name>
      </input_file>
      <input_file id="fl-4e">
         <path>.\usb\</path>
         <kind>object</kind>
         <file>usbdhidkeyb.obj</file>
         <name>usbdhidkeyb.obj</name>
      </input_file>
      <input_file id="fl-4f">
         <path>.\usb\</path>
         <kind>object</kind>
         <file>usbdhidmouse.obj</file>
         <name>usbdhidmouse.obj</name>
      </input_file>
      <input_file id="fl-50">
         <path>.\usb\</path>
         <kind>object</kind>
         <file>usbdma.obj</file>
         <name>usbdma.obj</name>
      </input_file>
      <input_file id="fl-51">
         <path>.\usb\</path>
         <kind>object</kind>
         <file>usbdmsc.obj</file>
         <name>usbdmsc.obj</name>
      </input_file>
      <input_file id="fl-52">
         <path>.\usb\</path>
         <kind>object</kind>
         <file>usbkeyboardmap.obj</file>
         <name>usbkeyboardmap.obj</name>
      </input_file>
      <input_file id="fl-53">
         <path>.\usb\</path>
         <kind>object</kind>
         <file>usbmode.obj</file>
         <name>usbmode.obj</name>
      </input_file>
      <input_file id="fl-54">
         <path>.\usb\</path>
         <kind>object</kind>
         <file>usbringbuf.obj</file>
         <name>usbringbuf.obj</name>
      </input_file>
      <input_file id="fl-55">
         <path>.\usb\</path>
         <kind>object</kind>
         <file>usbtick.obj</file>
         <name>usbtick.obj</name>
      </input_file>
      <input_file id="fl-56">
         <path>.\usb\</path>
         <kind>object</kind>
         <file>usbulpi.obj</file>
         <name>usbulpi.obj</name>
      </input_file>
      <input_file id="fl-57">
         <path>.\utils\</path>
         <kind>object</kind>
         <file>uartstdio.obj</file>
         <name>uartstdio.obj</name>
      </input_file>
      <input_file id="fl-5c">
         <kind>object</kind>
         <file>&lt;internal&gt;</file>
         <name>&lt;internal&gt;</name>
      </input_file>
      <input_file id="fl-112">
         <path>C:\ti\ccs1020\ccs\tools\compiler\ti-cgt-arm_20.2.2.LTS\lib\</path>
         <kind>archive</kind>
         <file>rtsv7M4_T_le_v4SPD16_eabi.lib</file>
         <name>sprintf.c.obj</name>
      </input_file>
      <input_file id="fl-113">
         <path>C:\ti\ccs1020\ccs\tools\compiler\ti-cgt-arm_20.2.2.LTS\lib\</path>
         <kind>archive</kind>
         <file>rtsv7M4_T_le_v4SPD16_eabi.lib</file>
         <name>memcpy_t2.asm.obj</name>
      </input_file>
      <input_file id="fl-114">
         <path>C:\ti\ccs1020\ccs\tools\compiler\ti-cgt-arm_20.2.2.LTS\lib\</path>
         <kind>archive</kind>
         <file>rtsv7M4_T_le_v4SPD16_eabi.lib</file>
         <name>memset_t2.asm.obj</name>
      </input_file>
      <input_file id="fl-115">
         <path>C:\ti\ccs1020\ccs\tools\compiler\ti-cgt-arm_20.2.2.LTS\lib\</path>
         <kind>archive</kind>
         <file>rtsv7M4_T_le_v4SPD16_eabi.lib</file>
         <name>u_divt2.asm.obj</name>
      </input_file>
      <input_file id="fl-116">
         <path>C:\ti\ccs1020\ccs\tools\compiler\ti-cgt-arm_20.2.2.LTS\lib\</path>
         <kind>archive</kind>
         <file>rtsv7M4_T_le_v4SPD16_eabi.lib</file>
         <name>copy_zero_init.c.obj</name>
      </input_file>
      <input_file id="fl-117">
         <path>C:\ti\ccs1020\ccs\tools\compiler\ti-cgt-arm_20.2.2.LTS\lib\</path>
         <kind>archive</kind>
         <file>rtsv7M4_T_le_v4SPD16_eabi.lib</file>
         <name>copy_decompress_none.c.obj</name>
      </input_file>
      <input_file id="fl-118">
         <path>C:\ti\ccs1020\ccs\tools\compiler\ti-cgt-arm_20.2.2.LTS\lib\</path>
         <kind>archive</kind>
         <file>rtsv7M4_T_le_v4SPD16_eabi.lib</file>
         <name>copy_decompress_lzss.c.obj</name>
      </input_file>
      <input_file id="fl-119">
         <path>C:\ti\ccs1020\ccs\tools\compiler\ti-cgt-arm_20.2.2.LTS\lib\</path>
         <kind>archive</kind>
         <file>rtsv7M4_T_le_v4SPD16_eabi.lib</file>
         <name>assert.c.obj</name>
      </input_file>
      <input_file id="fl-11a">
         <path>C:\ti\ccs1020\ccs\tools\compiler\ti-cgt-arm_20.2.2.LTS\lib\</path>
         <kind>archive</kind>
         <file>rtsv7M4_T_le_v4SPD16_eabi.lib</file>
         <name>defs.c.obj</name>
      </input_file>
      <input_file id="fl-11b">
         <path>C:\ti\ccs1020\ccs\tools\compiler\ti-cgt-arm_20.2.2.LTS\lib\</path>
         <kind>archive</kind>
         <file>rtsv7M4_T_le_v4SPD16_eabi.lib</file>
         <name>strcmp.c.obj</name>
      </input_file>
      <input_file id="fl-11c">
         <path>C:\ti\ccs1020\ccs\tools\compiler\ti-cgt-arm_20.2.2.LTS\lib\</path>
         <kind>archive</kind>
         <file>rtsv7M4_T_le_v4SPD16_eabi.lib</file>
         <name>strcpy.c.obj</name>
      </input_file>
      <input_file id="fl-11d">
         <path>C:\ti\ccs1020\ccs\tools\compiler\ti-cgt-arm_20.2.2.LTS\lib\</path>
         <kind>archive</kind>
         <file>rtsv7M4_T_le_v4SPD16_eabi.lib</file>
         <name>strlen.c.obj</name>
      </input_file>
      <input_file id="fl-11e">
         <path>C:\ti\ccs1020\ccs\tools\compiler\ti-cgt-arm_20.2.2.LTS\lib\</path>
         <kind>archive</kind>
         <file>rtsv7M4_T_le_v4SPD16_eabi.lib</file>
         <name>boot_cortex_m.c.obj</name>
      </input_file>
      <input_file id="fl-11f">
         <path>C:\ti\ccs1020\ccs\tools\compiler\ti-cgt-arm_20.2.2.LTS\lib\</path>
         <kind>archive</kind>
         <file>rtsv7M4_T_le_v4SPD16_eabi.lib</file>
         <name>_printfi.c.obj</name>
      </input_file>
      <input_file id="fl-120">
         <path>C:\ti\ccs1020\ccs\tools\compiler\ti-cgt-arm_20.2.2.LTS\lib\</path>
         <kind>archive</kind>
         <file>rtsv7M4_T_le_v4SPD16_eabi.lib</file>
         <name>fflush.c.obj</name>
      </input_file>
      <input_file id="fl-121">
         <path>C:\ti\ccs1020\ccs\tools\compiler\ti-cgt-arm_20.2.2.LTS\lib\</path>
         <kind>archive</kind>
         <file>rtsv7M4_T_le_v4SPD16_eabi.lib</file>
         <name>fputs.c.obj</name>
      </input_file>
      <input_file id="fl-122">
         <path>C:\ti\ccs1020\ccs\tools\compiler\ti-cgt-arm_20.2.2.LTS\lib\</path>
         <kind>archive</kind>
         <file>rtsv7M4_T_le_v4SPD16_eabi.lib</file>
         <name>_io_perm.c.obj</name>
      </input_file>
      <input_file id="fl-123">
         <path>C:\ti\ccs1020\ccs\tools\compiler\ti-cgt-arm_20.2.2.LTS\lib\</path>
         <kind>archive</kind>
         <file>rtsv7M4_T_le_v4SPD16_eabi.lib</file>
         <name>setvbuf.c.obj</name>
      </input_file>
      <input_file id="fl-124">
         <path>C:\ti\ccs1020\ccs\tools\compiler\ti-cgt-arm_20.2.2.LTS\lib\</path>
         <kind>archive</kind>
         <file>rtsv7M4_T_le_v4SPD16_eabi.lib</file>
         <name>div0.asm.obj</name>
      </input_file>
      <input_file id="fl-125">
         <path>C:\ti\ccs1020\ccs\tools\compiler\ti-cgt-arm_20.2.2.LTS\lib\</path>
         <kind>archive</kind>
         <file>rtsv7M4_T_le_v4SPD16_eabi.lib</file>
         <name>fd_add_t2.asm.obj</name>
      </input_file>
      <input_file id="fl-126">
         <path>C:\ti\ccs1020\ccs\tools\compiler\ti-cgt-arm_20.2.2.LTS\lib\</path>
         <kind>archive</kind>
         <file>rtsv7M4_T_le_v4SPD16_eabi.lib</file>
         <name>fd_cmp_t2.asm.obj</name>
      </input_file>
      <input_file id="fl-127">
         <path>C:\ti\ccs1020\ccs\tools\compiler\ti-cgt-arm_20.2.2.LTS\lib\</path>
         <kind>archive</kind>
         <file>rtsv7M4_T_le_v4SPD16_eabi.lib</file>
         <name>fd_div_t2.asm.obj</name>
      </input_file>
      <input_file id="fl-128">
         <path>C:\ti\ccs1020\ccs\tools\compiler\ti-cgt-arm_20.2.2.LTS\lib\</path>
         <kind>archive</kind>
         <file>rtsv7M4_T_le_v4SPD16_eabi.lib</file>
         <name>fd_mul_t2.asm.obj</name>
      </input_file>
      <input_file id="fl-129">
         <path>C:\ti\ccs1020\ccs\tools\compiler\ti-cgt-arm_20.2.2.LTS\lib\</path>
         <kind>archive</kind>
         <file>rtsv7M4_T_le_v4SPD16_eabi.lib</file>
         <name>fd_toi_t2.asm.obj</name>
      </input_file>
      <input_file id="fl-12a">
         <path>C:\ti\ccs1020\ccs\tools\compiler\ti-cgt-arm_20.2.2.LTS\lib\</path>
         <kind>archive</kind>
         <file>rtsv7M4_T_le_v4SPD16_eabi.lib</file>
         <name>i_tofd_t2.asm.obj</name>
      </input_file>
      <input_file id="fl-12b">
         <path>C:\ti\ccs1020\ccs\tools\compiler\ti-cgt-arm_20.2.2.LTS\lib\</path>
         <kind>archive</kind>
         <file>rtsv7M4_T_le_v4SPD16_eabi.lib</file>
         <name>ull_div_t2.asm.obj</name>
      </input_file>
      <input_file id="fl-12c">
         <path>C:\ti\ccs1020\ccs\tools\compiler\ti-cgt-arm_20.2.2.LTS\lib\</path>
         <kind>archive</kind>
         <file>rtsv7M4_T_le_v4SPD16_eabi.lib</file>
         <name>autoinit.c.obj</name>
      </input_file>
      <input_file id="fl-12d">
         <path>C:\ti\ccs1020\ccs\tools\compiler\ti-cgt-arm_20.2.2.LTS\lib\</path>
         <kind>archive</kind>
         <file>rtsv7M4_T_le_v4SPD16_eabi.lib</file>
         <name>pre_init.c.obj</name>
      </input_file>
      <input_file id="fl-12e">
         <path>C:\ti\ccs1020\ccs\tools\compiler\ti-cgt-arm_20.2.2.LTS\lib\</path>
         <kind>archive</kind>
         <file>rtsv7M4_T_le_v4SPD16_eabi.lib</file>
         <name>cpy_tbl.c.obj</name>
      </input_file>
      <input_file id="fl-12f">
         <path>C:\ti\ccs1020\ccs\tools\compiler\ti-cgt-arm_20.2.2.LTS\lib\</path>
         <kind>archive</kind>
         <file>rtsv7M4_T_le_v4SPD16_eabi.lib</file>
         <name>exit.c.obj</name>
      </input_file>
      <input_file id="fl-130">
         <path>C:\ti\ccs1020\ccs\tools\compiler\ti-cgt-arm_20.2.2.LTS\lib\</path>
         <kind>archive</kind>
         <file>rtsv7M4_T_le_v4SPD16_eabi.lib</file>
         <name>_lock.c.obj</name>
      </input_file>
      <input_file id="fl-131">
         <path>C:\ti\ccs1020\ccs\tools\compiler\ti-cgt-arm_20.2.2.LTS\lib\</path>
         <kind>archive</kind>
         <file>rtsv7M4_T_le_v4SPD16_eabi.lib</file>
         <name>_ltoa.c.obj</name>
      </input_file>
      <input_file id="fl-132">
         <path>C:\ti\ccs1020\ccs\tools\compiler\ti-cgt-arm_20.2.2.LTS\lib\</path>
         <kind>archive</kind>
         <file>rtsv7M4_T_le_v4SPD16_eabi.lib</file>
         <name>args_main.c.obj</name>
      </input_file>
      <input_file id="fl-133">
         <path>C:\ti\ccs1020\ccs\tools\compiler\ti-cgt-arm_20.2.2.LTS\lib\</path>
         <kind>archive</kind>
         <file>rtsv7M4_T_le_v4SPD16_eabi.lib</file>
         <name>atoi.c.obj</name>
      </input_file>
      <input_file id="fl-134">
         <path>C:\ti\ccs1020\ccs\tools\compiler\ti-cgt-arm_20.2.2.LTS\lib\</path>
         <kind>archive</kind>
         <file>rtsv7M4_T_le_v4SPD16_eabi.lib</file>
         <name>ctype.c.obj</name>
      </input_file>
      <input_file id="fl-135">
         <path>C:\ti\ccs1020\ccs\tools\compiler\ti-cgt-arm_20.2.2.LTS\lib\</path>
         <kind>archive</kind>
         <file>rtsv7M4_T_le_v4SPD16_eabi.lib</file>
         <name>memccpy.c.obj</name>
      </input_file>
      <input_file id="fl-136">
         <path>C:\ti\ccs1020\ccs\tools\compiler\ti-cgt-arm_20.2.2.LTS\lib\</path>
         <kind>archive</kind>
         <file>rtsv7M4_T_le_v4SPD16_eabi.lib</file>
         <name>memchr.c.obj</name>
      </input_file>
      <input_file id="fl-137">
         <path>C:\ti\ccs1020\ccs\tools\compiler\ti-cgt-arm_20.2.2.LTS\lib\</path>
         <kind>archive</kind>
         <file>rtsv7M4_T_le_v4SPD16_eabi.lib</file>
         <name>memory.c.obj</name>
      </input_file>
      <input_file id="fl-138">
         <path>C:\ti\ccs1020\ccs\tools\compiler\ti-cgt-arm_20.2.2.LTS\lib\</path>
         <kind>archive</kind>
         <file>rtsv7M4_T_le_v4SPD16_eabi.lib</file>
         <name>strchr.c.obj</name>
      </input_file>
      <input_file id="fl-139">
         <path>C:\ti\ccs1020\ccs\tools\compiler\ti-cgt-arm_20.2.2.LTS\lib\</path>
         <kind>archive</kind>
         <file>rtsv7M4_T_le_v4SPD16_eabi.lib</file>
         <name>write.c.obj</name>
      </input_file>
      <input_file id="fl-13a">
         <path>C:\ti\ccs1020\ccs\tools\compiler\ti-cgt-arm_20.2.2.LTS\lib\</path>
         <kind>archive</kind>
         <file>rtsv7M4_T_le_v4SPD16_eabi.lib</file>
         <name>host_device.c.obj</name>
      </input_file>
      <input_file id="fl-13b">
         <path>C:\ti\ccs1020\ccs\tools\compiler\ti-cgt-arm_20.2.2.LTS\lib\</path>
         <kind>archive</kind>
         <file>rtsv7M4_T_le_v4SPD16_eabi.lib</file>
         <name>errno.c.obj</name>
      </input_file>
      <input_file id="fl-13c">
         <path>C:\ti\ccs1020\ccs\tools\compiler\ti-cgt-arm_20.2.2.LTS\lib\</path>
         <kind>archive</kind>
         <file>rtsv7M4_T_le_v4SPD16_eabi.lib</file>
         <name>s_frexp.c.obj</name>
      </input_file>
      <input_file id="fl-13d">
         <path>C:\ti\ccs1020\ccs\tools\compiler\ti-cgt-arm_20.2.2.LTS\lib\</path>
         <kind>archive</kind>
         <file>rtsv7M4_T_le_v4SPD16_eabi.lib</file>
         <name>s_scalbn.c.obj</name>
      </input_file>
      <input_file id="fl-13e">
         <path>C:\ti\ccs1020\ccs\tools\compiler\ti-cgt-arm_20.2.2.LTS\lib\</path>
         <kind>archive</kind>
         <file>rtsv7M4_T_le_v4SPD16_eabi.lib</file>
         <name>wcslen.c.obj</name>
      </input_file>
      <input_file id="fl-13f">
         <path>C:\ti\ccs1020\ccs\tools\compiler\ti-cgt-arm_20.2.2.LTS\lib\</path>
         <kind>archive</kind>
         <file>rtsv7M4_T_le_v4SPD16_eabi.lib</file>
         <name>s_copysign.c.obj</name>
      </input_file>
      <input_file id="fl-140">
         <path>C:\ti\ccs1020\ccs\tools\compiler\ti-cgt-arm_20.2.2.LTS\lib\</path>
         <kind>archive</kind>
         <file>rtsv7M4_T_le_v4SPD16_eabi.lib</file>
         <name>fopen.c.obj</name>
      </input_file>
      <input_file id="fl-141">
         <path>C:\ti\ccs1020\ccs\tools\compiler\ti-cgt-arm_20.2.2.LTS\lib\</path>
         <kind>archive</kind>
         <file>rtsv7M4_T_le_v4SPD16_eabi.lib</file>
         <name>fseek.c.obj</name>
      </input_file>
      <input_file id="fl-142">
         <path>C:\ti\ccs1020\ccs\tools\compiler\ti-cgt-arm_20.2.2.LTS\lib\</path>
         <kind>archive</kind>
         <file>rtsv7M4_T_le_v4SPD16_eabi.lib</file>
         <name>hostclose.c.obj</name>
      </input_file>
      <input_file id="fl-143">
         <path>C:\ti\ccs1020\ccs\tools\compiler\ti-cgt-arm_20.2.2.LTS\lib\</path>
         <kind>archive</kind>
         <file>rtsv7M4_T_le_v4SPD16_eabi.lib</file>
         <name>hostlseek.c.obj</name>
      </input_file>
      <input_file id="fl-144">
         <path>C:\ti\ccs1020\ccs\tools\compiler\ti-cgt-arm_20.2.2.LTS\lib\</path>
         <kind>archive</kind>
         <file>rtsv7M4_T_le_v4SPD16_eabi.lib</file>
         <name>hostopen.c.obj</name>
      </input_file>
      <input_file id="fl-145">
         <path>C:\ti\ccs1020\ccs\tools\compiler\ti-cgt-arm_20.2.2.LTS\lib\</path>
         <kind>archive</kind>
         <file>rtsv7M4_T_le_v4SPD16_eabi.lib</file>
         <name>hostread.c.obj</name>
      </input_file>
      <input_file id="fl-146">
         <path>C:\ti\ccs1020\ccs\tools\compiler\ti-cgt-arm_20.2.2.LTS\lib\</path>
         <kind>archive</kind>
         <file>rtsv7M4_T_le_v4SPD16_eabi.lib</file>
         <name>hostrename.c.obj</name>
      </input_file>
      <input_file id="fl-147">
         <path>C:\ti\ccs1020\ccs\tools\compiler\ti-cgt-arm_20.2.2.LTS\lib\</path>
         <kind>archive</kind>
         <file>rtsv7M4_T_le_v4SPD16_eabi.lib</file>
         <name>hostunlink.c.obj</name>
      </input_file>
      <input_file id="fl-148">
         <path>C:\ti\ccs1020\ccs\tools\compiler\ti-cgt-arm_20.2.2.LTS\lib\</path>
         <kind>archive</kind>
         <file>rtsv7M4_T_le_v4SPD16_eabi.lib</file>
         <name>hostwrite.c.obj</name>
      </input_file>
      <input_file id="fl-149">
         <path>C:\ti\ccs1020\ccs\tools\compiler\ti-cgt-arm_20.2.2.LTS\lib\</path>
         <kind>archive</kind>
         <file>rtsv7M4_T_le_v4SPD16_eabi.lib</file>
         <name>trgmsg.c.obj</name>
      </input_file>
      <input_file id="fl-14a">
         <path>C:\ti\ccs1020\ccs\tools\compiler\ti-cgt-arm_20.2.2.LTS\lib\</path>
         <kind>archive</kind>
         <file>rtsv7M4_T_le_v4SPD16_eabi.lib</file>
         <name>open.c.obj</name>
      </input_file>
      <input_file id="fl-14b">
         <path>C:\ti\ccs1020\ccs\tools\compiler\ti-cgt-arm_20.2.2.LTS\lib\</path>
         <kind>archive</kind>
         <file>rtsv7M4_T_le_v4SPD16_eabi.lib</file>
         <name>lseek.c.obj</name>
      </input_file>
      <input_file id="fl-14c">
         <path>C:\ti\ccs1020\ccs\tools\compiler\ti-cgt-arm_20.2.2.LTS\lib\</path>
         <kind>archive</kind>
         <file>rtsv7M4_T_le_v4SPD16_eabi.lib</file>
         <name>fclose.c.obj</name>
      </input_file>
      <input_file id="fl-14d">
         <path>C:\ti\ccs1020\ccs\tools\compiler\ti-cgt-arm_20.2.2.LTS\lib\</path>
         <kind>archive</kind>
         <file>rtsv7M4_T_le_v4SPD16_eabi.lib</file>
         <name>getdevice.c.obj</name>
      </input_file>
      <input_file id="fl-14e">
         <path>C:\ti\ccs1020\ccs\tools\compiler\ti-cgt-arm_20.2.2.LTS\lib\</path>
         <kind>archive</kind>
         <file>rtsv7M4_T_le_v4SPD16_eabi.lib</file>
         <name>strncpy.c.obj</name>
      </input_file>
      <input_file id="fl-14f">
         <path>C:\ti\ccs1020\ccs\tools\compiler\ti-cgt-arm_20.2.2.LTS\lib\</path>
         <kind>archive</kind>
         <file>rtsv7M4_T_le_v4SPD16_eabi.lib</file>
         <name>remove.c.obj</name>
      </input_file>
      <input_file id="fl-150">
         <path>C:\ti\ccs1020\ccs\tools\compiler\ti-cgt-arm_20.2.2.LTS\lib\</path>
         <kind>archive</kind>
         <file>rtsv7M4_T_le_v4SPD16_eabi.lib</file>
         <name>close.c.obj</name>
      </input_file>
      <input_file id="fl-151">
         <path>C:\ti\ccs1020\ccs\tools\compiler\ti-cgt-arm_20.2.2.LTS\lib\</path>
         <kind>archive</kind>
         <file>rtsv7M4_T_le_v4SPD16_eabi.lib</file>
         <name>unlink.c.obj</name>
      </input_file>
      <input_file id="fl-152">
         <path>C:\ti\TivaWare_C_Series-2.2.0.295\usblib\ccs\Debug\</path>
         <kind>archive</kind>
         <file>usblib.lib</file>
         <name>usbhostenum.obj</name>
      </input_file>
      <input_file id="fl-153">
         <path>C:\ti\TivaWare_C_Series-2.2.0.295\usblib\ccs\Debug\</path>
         <kind>archive</kind>
         <file>usblib.lib</file>
         <name>usbhhub.obj</name>
      </input_file>
   </input_file_list>
   <object_component_list>
      <object_component id="oc-12">
         <name>.intvecs</name>
         <load_address>0x0</load_address>
         <run_address>0x0</run_address>
         <size>0x26c</size>
         <input_file_ref idref="fl-14"/>
      </object_component>
      <object_component id="oc-8c">
         <name>.text</name>
         <load_address>0x26c</load_address>
         <run_address>0x26c</run_address>
         <size>0x1df0</size>
         <input_file_ref idref="fl-1d"/>
      </object_component>
      <object_component id="oc-a8">
         <name>.text</name>
         <load_address>0x205c</load_address>
         <run_address>0x205c</run_address>
         <size>0x15ba</size>
         <input_file_ref idref="fl-3f"/>
      </object_component>
      <object_component id="oc-630">
         <name>.text:_nop</name>
         <load_address>0x3616</load_address>
         <run_address>0x3616</run_address>
         <size>0x2</size>
         <input_file_ref idref="fl-130"/>
      </object_component>
      <object_component id="oc-ae">
         <name>.text</name>
         <load_address>0x3618</load_address>
         <run_address>0x3618</run_address>
         <size>0x11f4</size>
         <input_file_ref idref="fl-49"/>
      </object_component>
      <object_component id="oc-1c7">
         <name>.text</name>
         <load_address>0x480c</load_address>
         <run_address>0x480c</run_address>
         <size>0x1058</size>
         <input_file_ref idref="fl-1b"/>
      </object_component>
      <object_component id="oc-171">
         <name>.text</name>
         <load_address>0x5864</load_address>
         <run_address>0x5864</run_address>
         <size>0xef4</size>
         <input_file_ref idref="fl-39"/>
      </object_component>
      <object_component id="oc-17d">
         <name>.text</name>
         <load_address>0x6758</load_address>
         <run_address>0x6758</run_address>
         <size>0xe64</size>
         <input_file_ref idref="fl-50"/>
      </object_component>
      <object_component id="oc-602">
         <name>.text</name>
         <load_address>0x75bc</load_address>
         <run_address>0x75bc</run_address>
         <size>0xd10</size>
         <input_file_ref idref="fl-4c"/>
      </object_component>
      <object_component id="oc-365">
         <name>.text</name>
         <load_address>0x82cc</load_address>
         <run_address>0x82cc</run_address>
         <size>0xb88</size>
         <input_file_ref idref="fl-2e"/>
      </object_component>
      <object_component id="oc-2bf">
         <name>.text:__TI_printfi</name>
         <load_address>0x8e54</load_address>
         <run_address>0x8e54</run_address>
         <size>0xa4e</size>
         <input_file_ref idref="fl-11f"/>
      </object_component>
      <object_component id="oc-6fb">
         <name>.text</name>
         <load_address>0x98a2</load_address>
         <run_address>0x98a2</run_address>
         <size>0x2</size>
         <input_file_ref idref="fl-124"/>
      </object_component>
      <object_component id="oc-393">
         <name>.text</name>
         <load_address>0x98a4</load_address>
         <run_address>0x98a4</run_address>
         <size>0x7c2</size>
         <input_file_ref idref="fl-21"/>
      </object_component>
      <object_component id="oc-3a8">
         <name>.text</name>
         <load_address>0xa068</load_address>
         <run_address>0xa068</run_address>
         <size>0x718</size>
         <input_file_ref idref="fl-34"/>
      </object_component>
      <object_component id="oc-3b3">
         <name>.text</name>
         <load_address>0xa780</load_address>
         <run_address>0xa780</run_address>
         <size>0x69c</size>
         <input_file_ref idref="fl-30"/>
      </object_component>
      <object_component id="oc-35f">
         <name>.text</name>
         <load_address>0xae1c</load_address>
         <run_address>0xae1c</run_address>
         <size>0x618</size>
         <input_file_ref idref="fl-3d"/>
      </object_component>
      <object_component id="oc-1f7">
         <name>.text</name>
         <load_address>0xb434</load_address>
         <run_address>0xb434</run_address>
         <size>0x53c</size>
         <input_file_ref idref="fl-4"/>
      </object_component>
      <object_component id="oc-322">
         <name>.text</name>
         <load_address>0xb970</load_address>
         <run_address>0xb970</run_address>
         <size>0x4e0</size>
         <input_file_ref idref="fl-3e"/>
      </object_component>
      <object_component id="oc-36b">
         <name>.text</name>
         <load_address>0xbe50</load_address>
         <run_address>0xbe50</run_address>
         <size>0x4a8</size>
         <input_file_ref idref="fl-57"/>
      </object_component>
      <object_component id="oc-3e1">
         <name>.text</name>
         <load_address>0xc2f8</load_address>
         <run_address>0xc2f8</run_address>
         <size>0x49c</size>
         <input_file_ref idref="fl-53"/>
      </object_component>
      <object_component id="oc-1d3">
         <name>.text</name>
         <load_address>0xc794</load_address>
         <run_address>0xc794</run_address>
         <size>0x3fc</size>
         <input_file_ref idref="fl-8"/>
      </object_component>
      <object_component id="oc-5cc">
         <name>.text:USBHostIntHandlerInternal</name>
         <load_address>0xcb90</load_address>
         <run_address>0xcb90</run_address>
         <size>0x3f4</size>
         <input_file_ref idref="fl-152"/>
      </object_component>
      <object_component id="oc-169">
         <name>.text</name>
         <load_address>0xcf84</load_address>
         <run_address>0xcf84</run_address>
         <size>0x3c0</size>
         <input_file_ref idref="fl-31"/>
      </object_component>
      <object_component id="oc-1a2">
         <name>.text</name>
         <load_address>0xd344</load_address>
         <run_address>0xd344</run_address>
         <size>0x388</size>
         <input_file_ref idref="fl-47"/>
      </object_component>
      <object_component id="oc-3d4">
         <name>.text</name>
         <load_address>0xd6cc</load_address>
         <run_address>0xd6cc</run_address>
         <size>0x346</size>
         <input_file_ref idref="fl-37"/>
      </object_component>
      <object_component id="oc-203">
         <name>.text</name>
         <load_address>0xda14</load_address>
         <run_address>0xda14</run_address>
         <size>0x324</size>
         <input_file_ref idref="fl-e"/>
      </object_component>
      <object_component id="oc-209">
         <name>.text</name>
         <load_address>0xdd38</load_address>
         <run_address>0xdd38</run_address>
         <size>0x300</size>
         <input_file_ref idref="fl-16"/>
      </object_component>
      <object_component id="oc-19c">
         <name>.text</name>
         <load_address>0xe038</load_address>
         <run_address>0xe038</run_address>
         <size>0x2de</size>
         <input_file_ref idref="fl-45"/>
      </object_component>
      <object_component id="oc-3e7">
         <name>.text</name>
         <load_address>0xe318</load_address>
         <run_address>0xe318</run_address>
         <size>0x2dc</size>
         <input_file_ref idref="fl-4d"/>
      </object_component>
      <object_component id="oc-35">
         <name>.text</name>
         <load_address>0xe5f4</load_address>
         <run_address>0xe5f4</run_address>
         <size>0x28c</size>
         <input_file_ref idref="fl-1f"/>
      </object_component>
      <object_component id="oc-4cd">
         <name>.text:_pconv_a</name>
         <load_address>0xe880</load_address>
         <run_address>0xe880</run_address>
         <size>0x270</size>
         <input_file_ref idref="fl-11f"/>
      </object_component>
      <object_component id="oc-1df">
         <name>.text</name>
         <load_address>0xeaf0</load_address>
         <run_address>0xeaf0</run_address>
         <size>0x214</size>
         <input_file_ref idref="fl-2"/>
      </object_component>
      <object_component id="oc-dd">
         <name>.text</name>
         <load_address>0xed04</load_address>
         <run_address>0xed04</run_address>
         <size>0x1f8</size>
         <input_file_ref idref="fl-11"/>
      </object_component>
      <object_component id="oc-34a">
         <name>.text</name>
         <load_address>0xeefc</load_address>
         <run_address>0xeefc</run_address>
         <size>0x1d2</size>
         <input_file_ref idref="fl-4a"/>
      </object_component>
      <object_component id="oc-4bb">
         <name>.text:_pconv_g</name>
         <load_address>0xf0d0</load_address>
         <run_address>0xf0d0</run_address>
         <size>0x1d0</size>
         <input_file_ref idref="fl-11f"/>
      </object_component>
      <object_component id="oc-106">
         <name>.text</name>
         <load_address>0xf2a0</load_address>
         <run_address>0xf2a0</run_address>
         <size>0x1c0</size>
         <input_file_ref idref="fl-b"/>
      </object_component>
      <object_component id="oc-21e">
         <name>.text</name>
         <load_address>0xf460</load_address>
         <run_address>0xf460</run_address>
         <size>0x1bc</size>
         <input_file_ref idref="fl-10"/>
      </object_component>
      <object_component id="oc-680">
         <name>.text</name>
         <load_address>0xf61c</load_address>
         <run_address>0xf61c</run_address>
         <size>0x1b6</size>
         <input_file_ref idref="fl-125"/>
      </object_component>
      <object_component id="oc-7a6">
         <name>.text:ProcessUSBDeviceStateMachine</name>
         <load_address>0xf7d4</load_address>
         <run_address>0xf7d4</run_address>
         <size>0x190</size>
         <input_file_ref idref="fl-152"/>
      </object_component>
      <object_component id="oc-1fd">
         <name>.text</name>
         <load_address>0xf964</load_address>
         <run_address>0xf964</run_address>
         <size>0x190</size>
         <input_file_ref idref="fl-f"/>
      </object_component>
      <object_component id="oc-1d9">
         <name>.text</name>
         <load_address>0xfaf4</load_address>
         <run_address>0xfaf4</run_address>
         <size>0x188</size>
         <input_file_ref idref="fl-6"/>
      </object_component>
      <object_component id="oc-218">
         <name>.text</name>
         <load_address>0xfc7c</load_address>
         <run_address>0xfc7c</run_address>
         <size>0x17c</size>
         <input_file_ref idref="fl-a"/>
      </object_component>
      <object_component id="oc-78c">
         <name>.text:USBHCDInitInternal</name>
         <load_address>0xfdf8</load_address>
         <run_address>0xfdf8</run_address>
         <size>0x174</size>
         <input_file_ref idref="fl-152"/>
      </object_component>
      <object_component id="oc-7a0">
         <name>.text:USBHHubMain</name>
         <load_address>0xff6c</load_address>
         <run_address>0xff6c</run_address>
         <size>0x174</size>
         <input_file_ref idref="fl-153"/>
      </object_component>
      <object_component id="oc-1e5">
         <name>.text</name>
         <load_address>0x100e0</load_address>
         <run_address>0x100e0</run_address>
         <size>0x144</size>
         <input_file_ref idref="fl-3"/>
      </object_component>
      <object_component id="oc-4c7">
         <name>.text:_pconv_e</name>
         <load_address>0x10224</load_address>
         <run_address>0x10224</run_address>
         <size>0x13c</size>
         <input_file_ref idref="fl-11f"/>
      </object_component>
      <object_component id="oc-666">
         <name>.text</name>
         <load_address>0x10360</load_address>
         <run_address>0x10360</run_address>
         <size>0x136</size>
         <input_file_ref idref="fl-127"/>
      </object_component>
      <object_component id="oc-212">
         <name>.text</name>
         <load_address>0x10498</load_address>
         <run_address>0x10498</run_address>
         <size>0x130</size>
         <input_file_ref idref="fl-c"/>
      </object_component>
      <object_component id="oc-10c">
         <name>.text</name>
         <load_address>0x105c8</load_address>
         <run_address>0x105c8</run_address>
         <size>0x12a</size>
         <input_file_ref idref="fl-1a"/>
      </object_component>
      <object_component id="oc-692">
         <name>.text:fcvt</name>
         <load_address>0x106f4</load_address>
         <run_address>0x106f4</run_address>
         <size>0x124</size>
         <input_file_ref idref="fl-11f"/>
      </object_component>
      <object_component id="oc-1eb">
         <name>.text</name>
         <load_address>0x10818</load_address>
         <run_address>0x10818</run_address>
         <size>0x118</size>
         <input_file_ref idref="fl-7"/>
      </object_component>
      <object_component id="oc-56d">
         <name>.text:fputs</name>
         <load_address>0x10930</load_address>
         <run_address>0x10930</run_address>
         <size>0x114</size>
         <input_file_ref idref="fl-121"/>
      </object_component>
      <object_component id="oc-6a6">
         <name>.text:scalbn</name>
         <load_address>0x10a44</load_address>
         <run_address>0x10a44</run_address>
         <size>0x110</size>
         <input_file_ref idref="fl-13d"/>
      </object_component>
      <object_component id="oc-1cd">
         <name>.text</name>
         <load_address>0x10b54</load_address>
         <run_address>0x10b54</run_address>
         <size>0x104</size>
         <input_file_ref idref="fl-9"/>
      </object_component>
      <object_component id="oc-a06">
         <name>.text:USBHCDEnumHandler</name>
         <load_address>0x10c58</load_address>
         <run_address>0x10c58</run_address>
         <size>0x100</size>
         <input_file_ref idref="fl-152"/>
      </object_component>
      <object_component id="oc-9c0">
         <name>.text:aligned_alloc</name>
         <load_address>0x10d58</load_address>
         <run_address>0x10d58</run_address>
         <size>0x100</size>
         <input_file_ref idref="fl-137"/>
      </object_component>
      <object_component id="oc-661">
         <name>.text</name>
         <load_address>0x10e58</load_address>
         <run_address>0x10e58</run_address>
         <size>0xfc</size>
         <input_file_ref idref="fl-128"/>
      </object_component>
      <object_component id="oc-970">
         <name>.text:USBHCDControlTransfer</name>
         <load_address>0x10f54</load_address>
         <run_address>0x10f54</run_address>
         <size>0xf0</size>
         <input_file_ref idref="fl-152"/>
      </object_component>
      <object_component id="oc-5de">
         <name>.text:USBHCDInit</name>
         <load_address>0x11044</load_address>
         <run_address>0x11044</run_address>
         <size>0xf0</size>
         <input_file_ref idref="fl-152"/>
      </object_component>
      <object_component id="oc-1f1">
         <name>.text</name>
         <load_address>0x11134</load_address>
         <run_address>0x11134</run_address>
         <size>0xec</size>
         <input_file_ref idref="fl-5"/>
      </object_component>
      <object_component id="oc-183">
         <name>.text</name>
         <load_address>0x11220</load_address>
         <run_address>0x11220</run_address>
         <size>0xec</size>
         <input_file_ref idref="fl-55"/>
      </object_component>
      <object_component id="oc-935">
         <name>.text:free</name>
         <load_address>0x1130c</load_address>
         <run_address>0x1130c</run_address>
         <size>0xe4</size>
         <input_file_ref idref="fl-137"/>
      </object_component>
      <object_component id="oc-5f4">
         <name>.text:USBHCDMain</name>
         <load_address>0x113f0</load_address>
         <run_address>0x113f0</run_address>
         <size>0xe0</size>
         <input_file_ref idref="fl-152"/>
      </object_component>
      <object_component id="oc-836">
         <name>.text:setvbuf</name>
         <load_address>0x114d0</load_address>
         <run_address>0x114d0</run_address>
         <size>0xdc</size>
         <input_file_ref idref="fl-123"/>
      </object_component>
      <object_component id="oc-30">
         <name>.text</name>
         <load_address>0x115ac</load_address>
         <run_address>0x115ac</run_address>
         <size>0xda</size>
         <input_file_ref idref="fl-20"/>
      </object_component>
      <object_component id="oc-37b">
         <name>.text</name>
         <load_address>0x11688</load_address>
         <run_address>0x11688</run_address>
         <size>0xd2</size>
         <input_file_ref idref="fl-13"/>
      </object_component>
      <object_component id="oc-177">
         <name>.text</name>
         <load_address>0x1175a</load_address>
         <run_address>0x1175a</run_address>
         <size>0xc8</size>
         <input_file_ref idref="fl-56"/>
      </object_component>
      <object_component id="oc-1c1">
         <name>.text</name>
         <load_address>0x11824</load_address>
         <run_address>0x11824</run_address>
         <size>0xc0</size>
         <input_file_ref idref="fl-2d"/>
      </object_component>
      <object_component id="oc-4b0">
         <name>.text:_ltostr</name>
         <load_address>0x118e4</load_address>
         <run_address>0x118e4</run_address>
         <size>0xb1</size>
         <input_file_ref idref="fl-11f"/>
      </object_component>
      <object_component id="oc-8c7">
         <name>.text:USBHCDDeviceDisconnected</name>
         <load_address>0x11998</load_address>
         <run_address>0x11998</run_address>
         <size>0x9c</size>
         <input_file_ref idref="fl-152"/>
      </object_component>
      <object_component id="oc-5fa">
         <name>.text:USBHCDFeatureSet</name>
         <load_address>0x11a34</load_address>
         <run_address>0x11a34</run_address>
         <size>0x9c</size>
         <input_file_ref idref="fl-152"/>
      </object_component>
      <object_component id="oc-4f">
         <name>.text</name>
         <load_address>0x11ad0</load_address>
         <run_address>0x11ad0</run_address>
         <size>0x9c</size>
         <input_file_ref idref="fl-113"/>
      </object_component>
      <object_component id="oc-65a">
         <name>.text</name>
         <load_address>0x11b6c</load_address>
         <run_address>0x11b6c</run_address>
         <size>0x96</size>
         <input_file_ref idref="fl-12b"/>
      </object_component>
      <object_component id="oc-8df">
         <name>.text:USBHCDOpenDriver</name>
         <load_address>0x11c04</load_address>
         <run_address>0x11c04</run_address>
         <size>0x90</size>
         <input_file_ref idref="fl-152"/>
      </object_component>
      <object_component id="oc-4b6">
         <name>.text:__aeabi_cdcmple</name>
         <load_address>0x11c94</load_address>
         <run_address>0x11c94</run_address>
         <size>0x86</size>
         <input_file_ref idref="fl-126"/>
      </object_component>
      <object_component id="oc-66b">
         <name>.text:__aeabi_cdrcmple</name>
         <load_address>0x11d1a</load_address>
         <run_address>0x11d1a</run_address>
         <size>0x86</size>
         <input_file_ref idref="fl-126"/>
      </object_component>
      <object_component id="oc-573">
         <name>.text:fflush</name>
         <load_address>0x11da0</load_address>
         <run_address>0x11da0</run_address>
         <size>0x7c</size>
         <input_file_ref idref="fl-120"/>
      </object_component>
      <object_component id="oc-d1">
         <name>.text</name>
         <load_address>0x11e1c</load_address>
         <run_address>0x11e1c</run_address>
         <size>0x7a</size>
         <input_file_ref idref="fl-114"/>
      </object_component>
      <object_component id="oc-8cd">
         <name>.text:USBHCDGetConfigDescriptor</name>
         <load_address>0x11e96</load_address>
         <run_address>0x11e96</run_address>
         <size>0x74</size>
         <input_file_ref idref="fl-152"/>
      </object_component>
      <object_component id="oc-9c7">
         <name>.text:__TI_closefile</name>
         <load_address>0x11f0c</load_address>
         <run_address>0x11f0c</run_address>
         <size>0x74</size>
         <input_file_ref idref="fl-14c"/>
      </object_component>
      <object_component id="oc-a28">
         <name>.text:split</name>
         <load_address>0x11f80</load_address>
         <run_address>0x11f80</run_address>
         <size>0x70</size>
         <input_file_ref idref="fl-137"/>
      </object_component>
      <object_component id="oc-68b">
         <name>.text:_mcpy</name>
         <load_address>0x11ff0</load_address>
         <run_address>0x11ff0</run_address>
         <size>0x6e</size>
         <input_file_ref idref="fl-11f"/>
      </object_component>
      <object_component id="oc-9f4">
         <name>.text:HOSTrename</name>
         <load_address>0x12060</load_address>
         <run_address>0x12060</run_address>
         <size>0x6c</size>
         <input_file_ref idref="fl-146"/>
      </object_component>
      <object_component id="oc-9e8">
         <name>.text:HOSTlseek</name>
         <load_address>0x120cc</load_address>
         <run_address>0x120cc</run_address>
         <size>0x68</size>
         <input_file_ref idref="fl-143"/>
      </object_component>
      <object_component id="oc-15">
         <name>.text:decompress:lzss:__TI_decompress_lzss</name>
         <load_address>0x12134</load_address>
         <run_address>0x12134</run_address>
         <size>0x68</size>
         <input_file_ref idref="fl-118"/>
      </object_component>
      <object_component id="oc-79a">
         <name>.text:USBHostCheckPipes</name>
         <load_address>0x1219c</load_address>
         <run_address>0x1219c</run_address>
         <size>0x64</size>
         <input_file_ref idref="fl-152"/>
      </object_component>
      <object_component id="oc-6a0">
         <name>.text:frexp</name>
         <load_address>0x12200</load_address>
         <run_address>0x12200</run_address>
         <size>0x64</size>
         <input_file_ref idref="fl-13c"/>
      </object_component>
      <object_component id="oc-830">
         <name>.text:fseek</name>
         <load_address>0x12264</load_address>
         <run_address>0x12264</run_address>
         <size>0x64</size>
         <input_file_ref idref="fl-141"/>
      </object_component>
      <object_component id="oc-70b">
         <name>.text:__TI_wrt_ok</name>
         <load_address>0x122c8</load_address>
         <run_address>0x122c8</run_address>
         <size>0x62</size>
         <input_file_ref idref="fl-122"/>
      </object_component>
      <object_component id="oc-9d0">
         <name>.text:HOSTopen</name>
         <load_address>0x1232c</load_address>
         <run_address>0x1232c</run_address>
         <size>0x60</size>
         <input_file_ref idref="fl-144"/>
      </object_component>
      <object_component id="oc-992">
         <name>.text:ConfigDescAlloc</name>
         <load_address>0x1238c</load_address>
         <run_address>0x1238c</run_address>
         <size>0x5c</size>
         <input_file_ref idref="fl-152"/>
      </object_component>
      <object_component id="oc-8f1">
         <name>.text:USBHCDGetDeviceDescriptor</name>
         <load_address>0x123e8</load_address>
         <run_address>0x123e8</run_address>
         <size>0x5c</size>
         <input_file_ref idref="fl-152"/>
      </object_component>
      <object_component id="oc-a2f">
         <name>.text:close</name>
         <load_address>0x12444</load_address>
         <run_address>0x12444</run_address>
         <size>0x5c</size>
         <input_file_ref idref="fl-150"/>
      </object_component>
      <object_component id="oc-9dc">
         <name>.text:HOSTread</name>
         <load_address>0x124a0</load_address>
         <run_address>0x124a0</run_address>
         <size>0x58</size>
         <input_file_ref idref="fl-145"/>
      </object_component>
      <object_component id="oc-9e2">
         <name>.text:HOSTwrite</name>
         <load_address>0x124f8</load_address>
         <run_address>0x124f8</run_address>
         <size>0x58</size>
         <input_file_ref idref="fl-148"/>
      </object_component>
      <object_component id="oc-a5a">
         <name>.text:USBHCDEP0StateTx</name>
         <load_address>0x12550</load_address>
         <run_address>0x12550</run_address>
         <size>0x58</size>
         <input_file_ref idref="fl-152"/>
      </object_component>
      <object_component id="oc-896">
         <name>.text:USBHCDHubDeviceConnected</name>
         <load_address>0x125a8</load_address>
         <run_address>0x125a8</run_address>
         <size>0x58</size>
         <input_file_ref idref="fl-152"/>
      </object_component>
      <object_component id="oc-4c1">
         <name>.text:_pconv_f</name>
         <load_address>0x12600</load_address>
         <run_address>0x12600</run_address>
         <size>0x56</size>
         <input_file_ref idref="fl-11f"/>
      </object_component>
      <object_component id="oc-675">
         <name>.text:__TI_ltoa</name>
         <load_address>0x12656</load_address>
         <run_address>0x12656</run_address>
         <size>0x54</size>
         <input_file_ref idref="fl-131"/>
      </object_component>
      <object_component id="oc-685">
         <name>.text:_ecpy</name>
         <load_address>0x126aa</load_address>
         <run_address>0x126aa</run_address>
         <size>0x52</size>
         <input_file_ref idref="fl-11f"/>
      </object_component>
      <object_component id="oc-89c">
         <name>.text:HubGetPortStatus</name>
         <load_address>0x126fc</load_address>
         <run_address>0x126fc</run_address>
         <size>0x50</size>
         <input_file_ref idref="fl-153"/>
      </object_component>
      <object_component id="oc-8a8">
         <name>.text:HubDriverDeviceDisconnect</name>
         <load_address>0x1274c</load_address>
         <run_address>0x1274c</run_address>
         <size>0x4c</size>
         <input_file_ref idref="fl-153"/>
      </object_component>
      <object_component id="oc-5e4">
         <name>.text:USBHCDPowerConfigSet</name>
         <load_address>0x12798</load_address>
         <run_address>0x12798</run_address>
         <size>0x4c</size>
         <input_file_ref idref="fl-152"/>
      </object_component>
      <object_component id="oc-717">
         <name>.text:__TI_doflush</name>
         <load_address>0x127e4</load_address>
         <run_address>0x127e4</run_address>
         <size>0x4c</size>
         <input_file_ref idref="fl-120"/>
      </object_component>
      <object_component id="oc-4aa">
         <name>.text:atoi</name>
         <load_address>0x12830</load_address>
         <run_address>0x12830</run_address>
         <size>0x4c</size>
         <input_file_ref idref="fl-133"/>
      </object_component>
      <object_component id="oc-224">
         <name>.text</name>
         <load_address>0x1287c</load_address>
         <run_address>0x1287c</run_address>
         <size>0x4c</size>
         <input_file_ref idref="fl-12"/>
      </object_component>
      <object_component id="oc-8fd">
         <name>.text:USBHCDSetAddress</name>
         <load_address>0x128c8</load_address>
         <run_address>0x128c8</run_address>
         <size>0x48</size>
         <input_file_ref idref="fl-152"/>
      </object_component>
      <object_component id="oc-883">
         <name>.text:USBHHubInit</name>
         <load_address>0x12910</load_address>
         <run_address>0x12910</run_address>
         <size>0x48</size>
         <input_file_ref idref="fl-153"/>
      </object_component>
      <object_component id="oc-231">
         <name>.text:exit</name>
         <load_address>0x12958</load_address>
         <run_address>0x12958</run_address>
         <size>0x48</size>
         <input_file_ref idref="fl-12f"/>
      </object_component>
      <object_component id="oc-670">
         <name>.text</name>
         <load_address>0x129a0</load_address>
         <run_address>0x129a0</run_address>
         <size>0x48</size>
         <input_file_ref idref="fl-129"/>
      </object_component>
      <object_component id="oc-9d6">
         <name>.text:HOSTclose</name>
         <load_address>0x129e8</load_address>
         <run_address>0x129e8</run_address>
         <size>0x44</size>
         <input_file_ref idref="fl-142"/>
      </object_component>
      <object_component id="oc-9ee">
         <name>.text:HOSTunlink</name>
         <load_address>0x12a2c</load_address>
         <run_address>0x12a2c</run_address>
         <size>0x44</size>
         <input_file_ref idref="fl-147"/>
      </object_component>
      <object_component id="oc-237">
         <name>.text:__TI_auto_init_nobinit_nopinit:__TI_auto_init_nobinit_nopinit</name>
         <load_address>0x12a70</load_address>
         <run_address>0x12a70</run_address>
         <size>0x44</size>
         <input_file_ref idref="fl-12c"/>
      </object_component>
      <object_component id="oc-a6c">
         <name>.text:getdevice</name>
         <load_address>0x12ab4</load_address>
         <run_address>0x12ab4</run_address>
         <size>0x44</size>
         <input_file_ref idref="fl-14d"/>
      </object_component>
      <object_component id="oc-55c">
         <name>.text</name>
         <load_address>0x12af8</load_address>
         <run_address>0x12af8</run_address>
         <size>0x40</size>
         <input_file_ref idref="fl-115"/>
      </object_component>
      <object_component id="oc-139">
         <name>.text:sprintf</name>
         <load_address>0x12b38</load_address>
         <run_address>0x12b38</run_address>
         <size>0x40</size>
         <input_file_ref idref="fl-112"/>
      </object_component>
      <object_component id="oc-698">
         <name>.text:_fcpy</name>
         <load_address>0x12b78</load_address>
         <run_address>0x12b78</run_address>
         <size>0x3e</size>
         <input_file_ref idref="fl-11f"/>
      </object_component>
      <object_component id="oc-2ee">
         <name>.text</name>
         <load_address>0x12bb6</load_address>
         <run_address>0x12bb6</run_address>
         <size>0x3e</size>
         <input_file_ref idref="fl-25"/>
      </object_component>
      <object_component id="oc-8b4">
         <name>.text:HubDriverReset</name>
         <load_address>0x12bf4</load_address>
         <run_address>0x12bf4</run_address>
         <size>0x3c</size>
         <input_file_ref idref="fl-153"/>
      </object_component>
      <object_component id="oc-8eb">
         <name>.text:USBHCDReset</name>
         <load_address>0x12c30</load_address>
         <run_address>0x12c30</run_address>
         <size>0x38</size>
         <input_file_ref idref="fl-152"/>
      </object_component>
      <object_component id="oc-a3e">
         <name>.text:__TI_writemsg</name>
         <load_address>0x12c68</load_address>
         <run_address>0x12c68</run_address>
         <size>0x38</size>
         <input_file_ref idref="fl-149"/>
      </object_component>
      <object_component id="oc-8a2">
         <name>.text:HubClearPortFeature</name>
         <load_address>0x12ca0</load_address>
         <run_address>0x12ca0</run_address>
         <size>0x36</size>
         <input_file_ref idref="fl-153"/>
      </object_component>
      <object_component id="oc-967">
         <name>.text:HubSetPortFeature</name>
         <load_address>0x12cd6</load_address>
         <run_address>0x12cd6</run_address>
         <size>0x36</size>
         <input_file_ref idref="fl-153"/>
      </object_component>
      <object_component id="oc-a8d">
         <name>.text:strncpy</name>
         <load_address>0x12d0c</load_address>
         <run_address>0x12d0c</run_address>
         <size>0x36</size>
         <input_file_ref idref="fl-14e"/>
      </object_component>
      <object_component id="oc-8d9">
         <name>.text:USBHCDSetConfig</name>
         <load_address>0x12d42</load_address>
         <run_address>0x12d42</run_address>
         <size>0x34</size>
         <input_file_ref idref="fl-152"/>
      </object_component>
      <object_component id="oc-941">
         <name>.text:__TI_cleanup</name>
         <load_address>0x12d78</load_address>
         <run_address>0x12d78</run_address>
         <size>0x34</size>
         <input_file_ref idref="fl-140"/>
      </object_component>
      <object_component id="oc-a44">
         <name>.text:__TI_readmsg</name>
         <load_address>0x12dac</load_address>
         <run_address>0x12dac</run_address>
         <size>0x34</size>
         <input_file_ref idref="fl-149"/>
      </object_component>
      <object_component id="oc-6d">
         <name>.text:_c_int00_noargs:_c_int00_noargs</name>
         <load_address>0x12de0</load_address>
         <run_address>0x12de0</run_address>
         <size>0x34</size>
         <input_file_ref idref="fl-11e"/>
      </object_component>
      <object_component id="oc-a93">
         <name>.text:finddevice</name>
         <load_address>0x12e14</load_address>
         <run_address>0x12e14</run_address>
         <size>0x30</size>
         <input_file_ref idref="fl-14d"/>
      </object_component>
      <object_component id="oc-67b">
         <name>.text</name>
         <load_address>0x12e44</load_address>
         <run_address>0x12e44</run_address>
         <size>0x2e</size>
         <input_file_ref idref="fl-12a"/>
      </object_component>
      <object_component id="oc-98b">
         <name>.text:ConfigDescFree</name>
         <load_address>0x12e74</load_address>
         <run_address>0x12e74</run_address>
         <size>0x2c</size>
         <input_file_ref idref="fl-152"/>
      </object_component>
      <object_component id="oc-5ea">
         <name>.text:InternalUSBHCDSendEvent</name>
         <load_address>0x12ea0</load_address>
         <run_address>0x12ea0</run_address>
         <size>0x2c</size>
         <input_file_ref idref="fl-152"/>
      </object_component>
      <object_component id="oc-a35">
         <name>.text:unlink</name>
         <load_address>0x12ecc</load_address>
         <run_address>0x12ecc</run_address>
         <size>0x2c</size>
         <input_file_ref idref="fl-151"/>
      </object_component>
      <object_component id="oc-121">
         <name>.text</name>
         <load_address>0x12ef8</load_address>
         <run_address>0x12ef8</run_address>
         <size>0x2a</size>
         <input_file_ref idref="fl-d"/>
      </object_component>
      <object_component id="oc-9b9">
         <name>.text:free_list_insert</name>
         <load_address>0x12f24</load_address>
         <run_address>0x12f24</run_address>
         <size>0x28</size>
         <input_file_ref idref="fl-137"/>
      </object_component>
      <object_component id="oc-92d">
         <name>.text:lseek</name>
         <load_address>0x12f4c</load_address>
         <run_address>0x12f4c</run_address>
         <size>0x28</size>
         <input_file_ref idref="fl-14b"/>
      </object_component>
      <object_component id="oc-71d">
         <name>.text:write</name>
         <load_address>0x12f74</load_address>
         <run_address>0x12f74</run_address>
         <size>0x28</size>
         <input_file_ref idref="fl-139"/>
      </object_component>
      <object_component id="oc-8ae">
         <name>.text:HubDriverDeviceConnect</name>
         <load_address>0x12f9c</load_address>
         <run_address>0x12f9c</run_address>
         <size>0x20</size>
         <input_file_ref idref="fl-153"/>
      </object_component>
      <object_component id="oc-890">
         <name>.text:HubDriverDeviceReset</name>
         <load_address>0x12fbc</load_address>
         <run_address>0x12fbc</run_address>
         <size>0x20</size>
         <input_file_ref idref="fl-153"/>
      </object_component>
      <object_component id="oc-711">
         <name>.text:memchr</name>
         <load_address>0x12fdc</load_address>
         <run_address>0x12fdc</run_address>
         <size>0x20</size>
         <input_file_ref idref="fl-136"/>
      </object_component>
      <object_component id="oc-375">
         <name>.text:_abort_msg</name>
         <load_address>0x12ffc</load_address>
         <run_address>0x12ffc</run_address>
         <size>0x1c</size>
         <input_file_ref idref="fl-119"/>
      </object_component>
      <object_component id="oc-9b3">
         <name>.text:free_list_remove</name>
         <load_address>0x13018</load_address>
         <run_address>0x13018</run_address>
         <size>0x1c</size>
         <input_file_ref idref="fl-137"/>
      </object_component>
      <object_component id="oc-4d3">
         <name>.text:memccpy</name>
         <load_address>0x13034</load_address>
         <run_address>0x13034</run_address>
         <size>0x1c</size>
         <input_file_ref idref="fl-135"/>
      </object_component>
      <object_component id="oc-813">
         <name>.text:copysign</name>
         <load_address>0x13050</load_address>
         <run_address>0x13050</run_address>
         <size>0x1a</size>
         <input_file_ref idref="fl-13f"/>
      </object_component>
      <object_component id="oc-8e5">
         <name>.text:USBHHubEnumerationComplete</name>
         <load_address>0x1306c</load_address>
         <run_address>0x1306c</run_address>
         <size>0x18</size>
         <input_file_ref idref="fl-153"/>
      </object_component>
      <object_component id="oc-8f7">
         <name>.text:USBHHubEnumerationError</name>
         <load_address>0x13084</load_address>
         <run_address>0x13084</run_address>
         <size>0x18</size>
         <input_file_ref idref="fl-153"/>
      </object_component>
      <object_component id="oc-2c5">
         <name>.text:_outs</name>
         <load_address>0x1309c</load_address>
         <run_address>0x1309c</run_address>
         <size>0x18</size>
         <input_file_ref idref="fl-112"/>
      </object_component>
      <object_component id="oc-388">
         <name>.text:strcmp</name>
         <load_address>0x130b4</load_address>
         <run_address>0x130b4</run_address>
         <size>0x18</size>
         <input_file_ref idref="fl-11b"/>
      </object_component>
      <object_component id="oc-3b">
         <name>.text</name>
         <load_address>0x130cc</load_address>
         <run_address>0x130cc</run_address>
         <size>0x18</size>
         <input_file_ref idref="fl-4b"/>
      </object_component>
      <object_component id="oc-6ac">
         <name>.text:strchr</name>
         <load_address>0x130e4</load_address>
         <run_address>0x130e4</run_address>
         <size>0x16</size>
         <input_file_ref idref="fl-138"/>
      </object_component>
      <object_component id="oc-5d8">
         <name>.text:USBHCDPowerAutomatic</name>
         <load_address>0x130fc</load_address>
         <run_address>0x130fc</run_address>
         <size>0x14</size>
         <input_file_ref idref="fl-152"/>
      </object_component>
      <object_component id="oc-8ba">
         <name>.text:USBHubPortSpeedSet</name>
         <load_address>0x13110</load_address>
         <run_address>0x13110</run_address>
         <size>0x14</size>
         <input_file_ref idref="fl-153"/>
      </object_component>
      <object_component id="oc-12d">
         <name>.text:strcpy</name>
         <load_address>0x13124</load_address>
         <run_address>0x13124</run_address>
         <size>0x14</size>
         <input_file_ref idref="fl-11c"/>
      </object_component>
      <object_component id="oc-133">
         <name>.text:strlen</name>
         <load_address>0x13138</load_address>
         <run_address>0x13138</run_address>
         <size>0x14</size>
         <input_file_ref idref="fl-11d"/>
      </object_component>
      <object_component id="oc-8d3">
         <name>.text:SendUnknownConnect</name>
         <load_address>0x1314c</load_address>
         <run_address>0x1314c</run_address>
         <size>0x12</size>
         <input_file_ref idref="fl-152"/>
      </object_component>
      <object_component id="oc-4d9">
         <name>.text:wcslen</name>
         <load_address>0x1315e</load_address>
         <run_address>0x1315e</run_address>
         <size>0x12</size>
         <input_file_ref idref="fl-13e"/>
      </object_component>
      <object_component id="oc-1b">
         <name>.text:decompress:none:__TI_decompress_none</name>
         <load_address>0x13170</load_address>
         <run_address>0x13170</run_address>
         <size>0xe</size>
         <input_file_ref idref="fl-117"/>
      </object_component>
      <object_component id="oc-978">
         <name>.text:USBHCDHubDeviceDisconnected</name>
         <load_address>0x13180</load_address>
         <run_address>0x13180</run_address>
         <size>0xc</size>
         <input_file_ref idref="fl-152"/>
      </object_component>
      <object_component id="oc-5d2">
         <name>.text:USBHCDPowerConfigGet</name>
         <load_address>0x1318c</load_address>
         <run_address>0x1318c</run_address>
         <size>0xc</size>
         <input_file_ref idref="fl-152"/>
      </object_component>
      <object_component id="oc-61">
         <name>.text:decompress:ZI:__TI_zero_init</name>
         <load_address>0x13198</load_address>
         <run_address>0x13198</run_address>
         <size>0xc</size>
         <input_file_ref idref="fl-116"/>
      </object_component>
      <object_component id="oc-2a">
         <name>.text</name>
         <load_address>0x131a4</load_address>
         <run_address>0x131a4</run_address>
         <size>0xc</size>
         <input_file_ref idref="fl-14"/>
      </object_component>
      <object_component id="oc-2cb">
         <name>.text:_outc</name>
         <load_address>0x131b0</load_address>
         <run_address>0x131b0</run_address>
         <size>0xa</size>
         <input_file_ref idref="fl-112"/>
      </object_component>
      <object_component id="oc-4df">
         <name>.text:__aeabi_errno_addr</name>
         <load_address>0x131bc</load_address>
         <run_address>0x131bc</run_address>
         <size>0x8</size>
         <input_file_ref idref="fl-13b"/>
      </object_component>
      <object_component id="oc-93b">
         <name>.text:malloc</name>
         <load_address>0x131c4</load_address>
         <run_address>0x131c4</run_address>
         <size>0x8</size>
         <input_file_ref idref="fl-137"/>
      </object_component>
      <object_component id="oc-319">
         <name>.text:SysCtlDelay</name>
         <load_address>0x131cc</load_address>
         <run_address>0x131cc</run_address>
         <size>0x6</size>
         <input_file_ref idref="fl-39"/>
      </object_component>
      <object_component id="oc-d7">
         <name>.text:_system_pre_init</name>
         <load_address>0x131d2</load_address>
         <run_address>0x131d2</run_address>
         <size>0x4</size>
         <input_file_ref idref="fl-12d"/>
      </object_component>
      <object_component id="oc-22b">
         <name>.text:abort:abort</name>
         <load_address>0x131d6</load_address>
         <run_address>0x131d6</run_address>
         <size>0x4</size>
         <input_file_ref idref="fl-12f"/>
      </object_component>
      <object_component id="oc-313">
         <name>.const:g_pppui32XTALtoVCO</name>
         <load_address>0x131dc</load_address>
         <run_address>0x131dc</run_address>
         <size>0x120</size>
         <input_file_ref idref="fl-39"/>
      </object_component>
      <object_component id="oc-655">
         <name>.const:.string:_ctypes_</name>
         <load_address>0x132fc</load_address>
         <run_address>0x132fc</run_address>
         <size>0x101</size>
         <input_file_ref idref="fl-134"/>
      </object_component>
      <object_component id="oc-548">
         <name>.const:g_ppui32GPIOIntMapBlizzard</name>
         <load_address>0x13400</load_address>
         <run_address>0x13400</run_address>
         <size>0xc0</size>
         <input_file_ref idref="fl-2e"/>
      </object_component>
      <object_component id="oc-54b">
         <name>.const:g_ppui32GPIOIntMapSnowflake</name>
         <load_address>0x134c0</load_address>
         <run_address>0x134c0</run_address>
         <size>0xc0</size>
         <input_file_ref idref="fl-2e"/>
      </object_component>
      <object_component id="oc-2fa">
         <name>.const:g_pui32Regs</name>
         <load_address>0x13580</load_address>
         <run_address>0x13580</run_address>
         <size>0x9c</size>
         <input_file_ref idref="fl-31"/>
      </object_component>
      <object_component id="oc-54e">
         <name>.const:g_pui32GPIOBaseAddrs</name>
         <load_address>0x1361c</load_address>
         <run_address>0x1361c</run_address>
         <size>0x90</size>
         <input_file_ref idref="fl-2e"/>
      </object_component>
      <object_component id="oc-310">
         <name>.const:g_pui32Xtals</name>
         <load_address>0x136ac</load_address>
         <run_address>0x136ac</run_address>
         <size>0x6c</size>
         <input_file_ref idref="fl-39"/>
      </object_component>
      <object_component id="oc-5ad">
         <name>.const:g_ppui32I2CIntMapSnowflake</name>
         <load_address>0x13718</load_address>
         <run_address>0x13718</run_address>
         <size>0x50</size>
         <input_file_ref idref="fl-30"/>
      </object_component>
      <object_component id="oc-540">
         <name>.const:g_ppui32UARTIntMap</name>
         <load_address>0x13768</load_address>
         <run_address>0x13768</run_address>
         <size>0x40</size>
         <input_file_ref idref="fl-3d"/>
      </object_component>
      <object_component id="oc-543">
         <name>.const:g_ppui32UARTIntMapSnowflake</name>
         <load_address>0x137a8</load_address>
         <run_address>0x137a8</run_address>
         <size>0x40</size>
         <input_file_ref idref="fl-3d"/>
      </object_component>
      <object_component id="oc-7ba">
         <name>.const:.string:g_pui8GameReportDescriptor</name>
         <load_address>0x137e8</load_address>
         <run_address>0x137e8</run_address>
         <size>0x3a</size>
         <input_file_ref idref="fl-4d"/>
      </object_component>
      <object_component id="oc-84e">
         <name>.const:.string</name>
         <load_address>0x13824</load_address>
         <run_address>0x13824</run_address>
         <size>0x34</size>
         <input_file_ref idref="fl-6"/>
      </object_component>
      <object_component id="oc-7df">
         <name>.const:.string:g_pui8ConfigString</name>
         <load_address>0x13858</load_address>
         <run_address>0x13858</run_address>
         <size>0x34</size>
         <input_file_ref idref="fl-15"/>
      </object_component>
      <object_component id="oc-199">
         <name>.const:g_psUSBDStdRequests</name>
         <load_address>0x1388c</load_address>
         <run_address>0x1388c</run_address>
         <size>0x34</size>
         <input_file_ref idref="fl-49"/>
      </object_component>
      <object_component id="oc-859">
         <name>.const:.string</name>
         <load_address>0x138c0</load_address>
         <run_address>0x138c0</run_address>
         <size>0x30</size>
         <input_file_ref idref="fl-2"/>
      </object_component>
      <object_component id="oc-5aa">
         <name>.const:g_ppui32I2CIntMap</name>
         <load_address>0x138f0</load_address>
[...]
      </symbol>
      <symbol id="sm-1830">
         <name>__aeabi_memcpy</name>
         <value>0x11ad1</value>
         <object_component_ref idref="oc-4f"/>
      </symbol>
      <symbol id="sm-1831">
         <name>__aeabi_memcpy8</name>
         <value>0x11ad1</value>
         <object_component_ref idref="oc-4f"/>
      </symbol>
      <symbol id="sm-1832">
         <name>__aeabi_memcpy4</name>
         <value>0x11ad1</value>
         <object_component_ref idref="oc-4f"/>
      </symbol>
      <symbol id="sm-1841">
         <name>__aeabi_memset</name>
         <value>0x11e1f</value>
         <object_component_ref idref="oc-d1"/>
      </symbol>
      <symbol id="sm-1842">
         <name>memset</name>
         <value>0x11e25</value>
         <object_component_ref idref="oc-d1"/>
      </symbol>
      <symbol id="sm-1843">
         <name>__aeabi_memset8</name>
         <value>0x11e1f</value>
         <object_component_ref idref="oc-d1"/>
      </symbol>
      <symbol id="sm-1844">
         <name>__aeabi_memset4</name>
         <value>0x11e1f</value>
         <object_component_ref idref="oc-d1"/>
      </symbol>
      <symbol id="sm-1845">
         <name>__aeabi_memclr8</name>
         <value>0x11e1d</value>
         <object_component_ref idref="oc-d1"/>
      </symbol>
      <symbol id="sm-1846">
         <name>__aeabi_memclr4</name>
         <value>0x11e1d</value>
         <object_component_ref idref="oc-d1"/>
      </symbol>
      <symbol id="sm-1847">
         <name>__aeabi_memclr</name>
         <value>0x11e1d</value>
         <object_component_ref idref="oc-d1"/>
      </symbol>
      <symbol id="sm-1856">
         <name>__aeabi_uidivmod</name>
         <value>0x12af9</value>
         <object_component_ref idref="oc-55c"/>
      </symbol>
      <symbol id="sm-1857">
         <name>__aeabi_uidiv</name>
         <value>0x12af9</value>
         <object_component_ref idref="oc-55c"/>
      </symbol>
      <symbol id="sm-186e">
         <name>__TI_zero_init</name>
         <value>0x13199</value>
         <object_component_ref idref="oc-61"/>
      </symbol>
      <symbol id="sm-1885">
         <name>__TI_decompress_none</name>
         <value>0x13171</value>
         <object_component_ref idref="oc-1b"/>
      </symbol>
      <symbol id="sm-18a8">
         <name>__TI_decompress_lzss</name>
         <value>0x12135</value>
         <object_component_ref idref="oc-15"/>
      </symbol>
      <symbol id="sm-18bc">
         <name>_abort_msg</name>
         <value>0x12ffd</value>
         <object_component_ref idref="oc-375"/>
      </symbol>
      <symbol id="sm-18d1">
         <name>__TI_tmpnams</name>
         <value>0x200071e8</value>
      </symbol>
      <symbol id="sm-18d2">
         <name>__aeabi_stdout</name>
         <value>0x20007b54</value>
         <object_component_ref idref="oc-725"/>
      </symbol>
      <symbol id="sm-18d3">
         <name>__aeabi_stderr</name>
         <value>0x20007b58</value>
         <object_component_ref idref="oc-725"/>
      </symbol>
      <symbol id="sm-18d4">
         <name>__aeabi_stdin</name>
         <value>0x20007b50</value>
         <object_component_ref idref="oc-725"/>
      </symbol>
      <symbol id="sm-18d5">
         <name>_ftable</name>
         <value>0x2000764c</value>
         <object_component_ref idref="oc-579"/>
      </symbol>
      <symbol id="sm-18d6">
         <name>__TI_ft_end</name>
         <value>0x20007b4c</value>
         <object_component_ref idref="oc-725"/>
      </symbol>
      <symbol id="sm-18e5">
         <name>strcmp</name>
         <value>0x130b5</value>
         <object_component_ref idref="oc-388"/>
      </symbol>
      <symbol id="sm-18f3">
         <name>strcpy</name>
         <value>0x13125</value>
         <object_component_ref idref="oc-12d"/>
      </symbol>
      <symbol id="sm-1901">
         <name>strlen</name>
         <value>0x13139</value>
         <object_component_ref idref="oc-133"/>
      </symbol>
      <symbol id="sm-1914">
         <name>__stack</name>
         <value>0x20007c18</value>
         <object_component_ref idref="oc-24"/>
      </symbol>
      <symbol id="sm-1915">
         <name>_c_int00_noargs</name>
         <value>0x12de1</value>
         <object_component_ref idref="oc-6d"/>
      </symbol>
      <symbol id="sm-1a7a">
         <name>__TI_printfi</name>
         <value>0x8e55</value>
         <object_component_ref idref="oc-2bf"/>
      </symbol>
      <symbol id="sm-1a9b">
         <name>__TI_doflush</name>
         <value>0x127e5</value>
         <object_component_ref idref="oc-717"/>
      </symbol>
      <symbol id="sm-1a9c">
         <name>fflush</name>
         <value>0x11da1</value>
         <object_component_ref idref="oc-573"/>
      </symbol>
      <symbol id="sm-1aba">
         <name>fputs</name>
         <value>0x10931</value>
         <object_component_ref idref="oc-56d"/>
      </symbol>
      <symbol id="sm-1ad2">
         <name>__TI_wrt_ok</name>
         <value>0x122c9</value>
         <object_component_ref idref="oc-70b"/>
      </symbol>
      <symbol id="sm-1aee">
         <name>setvbuf</name>
         <value>0x114d1</value>
         <object_component_ref idref="oc-836"/>
      </symbol>
      <symbol id="sm-1af8">
         <name>__aeabi_idiv0</name>
         <value>0x98a3</value>
         <object_component_ref idref="oc-6fb"/>
      </symbol>
      <symbol id="sm-1af9">
         <name>__aeabi_ldiv0</name>
         <value>0x98a3</value>
         <object_component_ref idref="oc-6fb"/>
      </symbol>
      <symbol id="sm-1b10">
         <name>__aeabi_dsub</name>
         <value>0xf61d</value>
         <object_component_ref idref="oc-680"/>
      </symbol>
      <symbol id="sm-1b11">
         <name>__aeabi_dadd</name>
         <value>0xf627</value>
         <object_component_ref idref="oc-680"/>
      </symbol>
      <symbol id="sm-1b33">
         <name>__aeabi_cdcmpeq</name>
         <value>0x11c95</value>
         <object_component_ref idref="oc-4b6"/>
      </symbol>
      <symbol id="sm-1b34">
         <name>__aeabi_cdcmple</name>
         <value>0x11c95</value>
         <object_component_ref idref="oc-4b6"/>
      </symbol>
      <symbol id="sm-1b35">
         <name>__aeabi_cdrcmple</name>
         <value>0x11d1b</value>
         <object_component_ref idref="oc-66b"/>
      </symbol>
      <symbol id="sm-1b49">
         <name>__aeabi_ddiv</name>
         <value>0x10361</value>
         <object_component_ref idref="oc-666"/>
      </symbol>
      <symbol id="sm-1b54">
         <name>__aeabi_dmul</name>
         <value>0x10e59</value>
         <object_component_ref idref="oc-661"/>
      </symbol>
      <symbol id="sm-1b5e">
         <name>__aeabi_d2iz</name>
         <value>0x129a1</value>
         <object_component_ref idref="oc-670"/>
      </symbol>
      <symbol id="sm-1b68">
         <name>__aeabi_i2d</name>
         <value>0x12e45</value>
         <object_component_ref idref="oc-67b"/>
      </symbol>
      <symbol id="sm-1b75">
         <name>__aeabi_uldivmod</name>
         <value>0x11b6d</value>
         <object_component_ref idref="oc-65a"/>
      </symbol>
      <symbol id="sm-1b9d">
         <name>__TI_auto_init_nobinit_nopinit</name>
         <value>0x12a71</value>
         <object_component_ref idref="oc-237"/>
      </symbol>
      <symbol id="sm-1ba7">
         <name>_system_pre_init</name>
         <value>0x131d3</value>
         <object_component_ref idref="oc-d7"/>
      </symbol>
      <symbol id="sm-1bce">
         <name>C$$EXIT</name>
         <value>0x131d7</value>
         <object_component_ref idref="oc-22b"/>
      </symbol>
      <symbol id="sm-1bcf">
         <name>abort</name>
         <value>0x131d7</value>
         <object_component_ref idref="oc-22b"/>
      </symbol>
      <symbol id="sm-1bd0">
         <name>__TI_dtors_ptr</name>
         <value>0x20007b60</value>
         <object_component_ref idref="oc-40c"/>
      </symbol>
      <symbol id="sm-1bd1">
         <name>__TI_cleanup_ptr</name>
         <value>0x20007b5c</value>
         <object_component_ref idref="oc-40c"/>
      </symbol>
      <symbol id="sm-1bd2">
         <name>__TI_enable_exit_profile_output</name>
         <value>0x20007b64</value>
         <object_component_ref idref="oc-40c"/>
      </symbol>
      <symbol id="sm-1bd3">
         <name>exit</name>
         <value>0x12959</value>
         <object_component_ref idref="oc-231"/>
      </symbol>
      <symbol id="sm-1be8">
         <name>_nop</name>
         <value>0x3617</value>
         <object_component_ref idref="oc-630"/>
      </symbol>
      <symbol id="sm-1be9">
         <name>_lock</name>
         <value>0x20007ba8</value>
         <object_component_ref idref="oc-40f"/>
      </symbol>
      <symbol id="sm-1bea">
         <name>_unlock</name>
         <value>0x20007bac</value>
         <object_component_ref idref="oc-40f"/>
      </symbol>
      <symbol id="sm-1bf9">
         <name>__TI_ltoa</name>
         <value>0x12657</value>
         <object_component_ref idref="oc-675"/>
      </symbol>
      <symbol id="sm-1c10">
         <name>atoi</name>
         <value>0x12831</value>
         <object_component_ref idref="oc-4aa"/>
      </symbol>
      <symbol id="sm-1c1b">
         <name>_ctypes_</name>
         <value>0x132fc</value>
         <object_component_ref idref="oc-655"/>
      </symbol>
      <symbol id="sm-1c2b">
         <name>memccpy</name>
         <value>0x13035</value>
         <object_component_ref idref="oc-4d3"/>
      </symbol>
      <symbol id="sm-1c3b">
         <name>memchr</name>
         <value>0x12fdd</value>
         <object_component_ref idref="oc-711"/>
      </symbol>
      <symbol id="sm-1cc4">
         <name>_sys_memory</name>
         <value>0x20007e18</value>
         <object_component_ref idref="oc-27"/>
      </symbol>
      <symbol id="sm-1cc5">
         <name>free</name>
         <value>0x1130d</value>
         <object_component_ref idref="oc-935"/>
      </symbol>
      <symbol id="sm-1cc6">
         <name>memalign</name>
         <value>0x10d59</value>
         <object_component_ref idref="oc-9c0"/>
      </symbol>
      <symbol id="sm-1cc7">
         <name>malloc</name>
         <value>0x131c5</value>
         <object_component_ref idref="oc-93b"/>
      </symbol>
      <symbol id="sm-1cc8">
         <name>aligned_alloc</name>
         <value>0x10d59</value>
         <object_component_ref idref="oc-9c0"/>
      </symbol>
      <symbol id="sm-1cd8">
         <name>strchr</name>
         <value>0x130e5</value>
         <object_component_ref idref="oc-6ac"/>
      </symbol>
      <symbol id="sm-1cf2">
         <name>write</name>
         <value>0x12f75</value>
         <object_component_ref idref="oc-71d"/>
      </symbol>
      <symbol id="sm-1d03">
         <name>_stream</name>
         <value>0x200078d8</value>
         <object_component_ref idref="oc-841"/>
      </symbol>
      <symbol id="sm-1d04">
         <name>_device</name>
         <value>0x20007860</value>
         <object_component_ref idref="oc-952"/>
      </symbol>
      <symbol id="sm-1d1a">
         <name>__aeabi_errno_addr</name>
         <value>0x131bd</value>
         <object_component_ref idref="oc-4df"/>
      </symbol>
      <symbol id="sm-1d1b">
         <name>errno</name>
         <value>0x20007c10</value>
         <object_component_ref idref="oc-6bc"/>
      </symbol>
      <symbol id="sm-1d3b">
         <name>frexpl</name>
         <value>0x12201</value>
         <object_component_ref idref="oc-6a0"/>
      </symbol>
      <symbol id="sm-1d3c">
         <name>frexp</name>
         <value>0x12201</value>
         <object_component_ref idref="oc-6a0"/>
      </symbol>
      <symbol id="sm-1d59">
         <name>scalbn</name>
         <value>0x10a45</value>
         <object_component_ref idref="oc-6a6"/>
      </symbol>
      <symbol id="sm-1d5a">
         <name>scalbnl</name>
         <value>0x10a45</value>
         <object_component_ref idref="oc-6a6"/>
      </symbol>
      <symbol id="sm-1d5b">
         <name>ldexpl</name>
         <value>0x10a45</value>
         <object_component_ref idref="oc-6a6"/>
      </symbol>
      <symbol id="sm-1d5c">
         <name>ldexp</name>
         <value>0x10a45</value>
         <object_component_ref idref="oc-6a6"/>
      </symbol>
      <symbol id="sm-1d75">
         <name>wcslen</name>
         <value>0x1315f</value>
         <object_component_ref idref="oc-4d9"/>
      </symbol>
      <symbol id="sm-1d7f">
         <name>copysign</name>
         <value>0x13051</value>
         <object_component_ref idref="oc-813"/>
      </symbol>
      <symbol id="sm-1d80">
         <name>copysignl</name>
         <value>0x13051</value>
         <object_component_ref idref="oc-813"/>
      </symbol>
      <symbol id="sm-1d90">
         <name>__TI_cleanup</name>
         <value>0x12d79</value>
         <object_component_ref idref="oc-941"/>
      </symbol>
      <symbol id="sm-1da2">
         <name>fseek</name>
         <value>0x12265</value>
         <object_component_ref idref="oc-830"/>
      </symbol>
      <symbol id="sm-1db3">
         <name>HOSTclose</name>
         <value>0x129e9</value>
         <object_component_ref idref="oc-9d6"/>
      </symbol>
      <symbol id="sm-1dc4">
         <name>HOSTlseek</name>
         <value>0x120cd</value>
         <object_component_ref idref="oc-9e8"/>
      </symbol>
      <symbol id="sm-1dd6">
         <name>parmbuf</name>
         <value>0x20007604</value>
      </symbol>
      <symbol id="sm-1dd7">
         <name>HOSTopen</name>
         <value>0x1232d</value>
         <object_component_ref idref="oc-9d0"/>
      </symbol>
      <symbol id="sm-1de8">
         <name>HOSTread</name>
         <value>0x124a1</value>
         <object_component_ref idref="oc-9dc"/>
      </symbol>
      <symbol id="sm-1df9">
         <name>HOSTrename</name>
         <value>0x12061</value>
         <object_component_ref idref="oc-9f4"/>
      </symbol>
      <symbol id="sm-1e0a">
         <name>HOSTunlink</name>
         <value>0x12a2d</value>
         <object_component_ref idref="oc-9ee"/>
      </symbol>
      <symbol id="sm-1e1b">
         <name>HOSTwrite</name>
         <value>0x124f9</value>
         <object_component_ref idref="oc-9e2"/>
      </symbol>
      <symbol id="sm-1e3f">
         <name>__TI_readmsg</name>
         <value>0x12dad</value>
         <object_component_ref idref="oc-a44"/>
      </symbol>
      <symbol id="sm-1e40">
         <name>C$$IO$$</name>
         <value>0x12c97</value>
         <object_component_ref idref="oc-a3e"/>
      </symbol>
      <symbol id="sm-1e41">
         <name>__CIOBUF_</name>
         <value>0x20006ec8</value>
         <object_component_ref idref="oc-a76"/>
      </symbol>
      <symbol id="sm-1e42">
         <name>__TI_writemsg</name>
         <value>0x12c69</value>
         <object_component_ref idref="oc-a3e"/>
      </symbol>
      <symbol id="sm-1e53">
         <name>lseek</name>
         <value>0x12f4d</value>
         <object_component_ref idref="oc-92d"/>
      </symbol>
      <symbol id="sm-1e68">
         <name>__TI_closefile</name>
         <value>0x11f0d</value>
         <object_component_ref idref="oc-9c7"/>
      </symbol>
      <symbol id="sm-1e8b">
         <name>finddevice</name>
         <value>0x12e15</value>
         <object_component_ref idref="oc-a93"/>
      </symbol>
      <symbol id="sm-1e8c">
         <name>getdevice</name>
         <value>0x12ab5</value>
         <object_component_ref idref="oc-a6c"/>
      </symbol>
      <symbol id="sm-1e9c">
         <name>strncpy</name>
         <value>0x12d0d</value>
         <object_component_ref idref="oc-a8d"/>
      </symbol>
      <symbol id="sm-1eb1">
         <name>close</name>
         <value>0x12445</value>
         <object_component_ref idref="oc-a2f"/>
      </symbol>
      <symbol id="sm-1ec1">
         <name>unlink</name>
         <value>0x12ecd</value>
         <object_component_ref idref="oc-a35"/>
      </symbol>
      <symbol id="sm-20c0">
         <name>USBHCDSetAddress</name>
         <value>0x128c9</value>
         <object_component_ref idref="oc-8fd"/>
      </symbol>
      <symbol id="sm-20c1">
         <name>USBHCDHubDeviceDisconnected</name>
         <value>0x13181</value>
         <object_component_ref idref="oc-978"/>
      </symbol>
      <symbol id="sm-20c2">
         <name>USBHCDFeatureSet</name>
         <value>0x11a35</value>
         <object_component_ref idref="oc-5fa"/>
      </symbol>
      <symbol id="sm-20c3">
         <name>USBHCDHubDeviceConnected</name>
         <value>0x125a9</value>
         <object_component_ref idref="oc-896"/>
      </symbol>
      <symbol id="sm-20c4">
         <name>USBHCDPowerConfigSet</name>
         <value>0x12799</value>
         <object_component_ref idref="oc-5e4"/>
      </symbol>
      <symbol id="sm-20c5">
         <name>USBHCDReset</name>
         <value>0x12c31</value>
         <object_component_ref idref="oc-8eb"/>
      </symbol>
      <symbol id="sm-20c6">
         <name>USBHostIntHandlerInternal</name>
         <value>0xcb91</value>
         <object_component_ref idref="oc-5cc"/>
      </symbol>
      <symbol id="sm-20c7">
         <name>USBHCDInit</name>
         <value>0x11045</value>
         <object_component_ref idref="oc-5de"/>
      </symbol>
      <symbol id="sm-20c8">
         <name>USBHCDMain</name>
         <value>0x113f1</value>
         <object_component_ref idref="oc-5f4"/>
      </symbol>
      <symbol id="sm-20c9">
         <name>USBHCDPowerAutomatic</name>
         <value>0x130fd</value>
         <object_component_ref idref="oc-5d8"/>
      </symbol>
      <symbol id="sm-20ca">
         <name>ConfigDescFree</name>
         <value>0x12e75</value>
         <object_component_ref idref="oc-98b"/>
      </symbol>
      <symbol id="sm-20cb">
         <name>USBHCDControlTransfer</name>
         <value>0x10f55</value>
         <object_component_ref idref="oc-970"/>
      </symbol>
      <symbol id="sm-20cc">
         <name>USBHostCheckPipes</name>
         <value>0x1219d</value>
         <object_component_ref idref="oc-79a"/>
      </symbol>
      <symbol id="sm-20cd">
         <name>InternalUSBHCDSendEvent</name>
         <value>0x12ea1</value>
         <object_component_ref idref="oc-5ea"/>
      </symbol>
      <symbol id="sm-20ce">
         <name>USBHCDPowerConfigGet</name>
         <value>0x1318d</value>
         <object_component_ref idref="oc-5d2"/>
      </symbol>
      <symbol id="sm-20cf">
         <name>USBHCDSetConfig</name>
         <value>0x12d43</value>
         <object_component_ref idref="oc-8d9"/>
      </symbol>
      <symbol id="sm-20d0">
         <name>ConfigDescAlloc</name>
         <value>0x1238d</value>
         <object_component_ref idref="oc-992"/>
      </symbol>
      <symbol id="sm-2183">
         <name>USBHHubInit</name>
         <value>0x12911</value>
         <object_component_ref idref="oc-883"/>
      </symbol>
      <symbol id="sm-2184">
         <name>USBHHubMain</name>
         <value>0xff6d</value>
         <object_component_ref idref="oc-7a0"/>
      </symbol>
      <symbol id="sm-2185">
         <name>USBHHubEnumerationComplete</name>
         <value>0x1306d</value>
         <object_component_ref idref="oc-8e5"/>
      </symbol>
      <symbol id="sm-2186">
         <name>USBHHubEnumerationError</name>
         <value>0x13085</value>
         <object_component_ref idref="oc-8f7"/>
      </symbol>
      <symbol id="sm-2187">
         <name>__TI_static_base__</name>
         <value>0x0</value>
      </symbol>
      <symbol id="sm-218a">
         <name>__mpu_init</name>
         <value>0x0</value>
      </symbol>
      <symbol id="sm-218b">
         <name>_system_post_cinit</name>
         <value>0x0</value>
      </symbol>
      <symbol id="sm-218c">
         <name>remove</name>
         <value>0x12ecd</value>
      </symbol>
   </symbol_table>
   <title>Link successful</title>
</link_info>
