<?xml version="1.0" encoding="ISO-8859-1" ?>
<link_info>
   <banner>TI ARM Linker PC v20.2.2.LTS</banner>
   <copyright>Copyright (c) 1996-2018 Texas Instruments Incorporated</copyright>
   <link_time>0x6256335e</link_time>
   <link_errors>0x0</link_errors>
   <output_file>Game_Controller.out</output_file>
   <entry_point>
      <name>_c_int00_noargs</name>
      <address>0x12f0d</address>
   </entry_point>
   <input_file_list>
      <input_file id="fl-2">
         <path>.\</path>
         <kind>object</kind>
         <file>ADC_task.obj</file>
         <name>ADC_task.obj</name>
      </input_file>
      <input_file id="fl-3">
         <path>.\</path>
         <kind>object</kind>
         <file>GPOs.obj</file>
         <name>GPOs.obj</name>
      </input_file>
      <input_file id="fl-4">
         <path>.\</path>
         <kind>object</kind>
         <file>I2C_task.obj</file>
         <name>I2C_task.obj</name>
      </input_file>
      <input_file id="fl-5">
         <path>.\</path>
         <kind>object</kind>
         <file>board_task.obj</file>
         <name>board_task.obj</name>
      </input_file>
      <input_file id="fl-6">
         <path>.\</path>
         <kind>object</kind>
         <file>buttons.obj</file>
         <name>buttons.obj</name>
      </input_file>
      <input_file id="fl-7">
         <path>.\</path>
         <kind>object</kind>
         <file>buzzer_lcdbl.obj</file>
         <name>buzzer_lcdbl.obj</name>
      </input_file>
      <input_file id="fl-8">
         <path>.\</path>
         <kind>object</kind>
         <file>console_task.obj</file>
         <name>console_task.obj</name>
      </input_file>
      <input_file id="fl-9">
         <path>.\</path>
         <kind>object</kind>
         <file>console_uart.obj</file>
         <name>console_uart.obj</name>
      </input_file>
      <input_file id="fl-a">
         <path>.\</path>
         <kind>object</kind>
         <file>control_page.obj</file>
         <name>control_page.obj</name>
      </input_file>
      <input_file id="fl-b">
         <path>.\</path>
         <kind>object</kind>
         <file>heap_2.obj</file>
         <name>heap_2.obj</name>
      </input_file>
      <input_file id="fl-c">
         <path>.\</path>
         <kind>object</kind>
         <file>homepage.obj</file>
         <name>homepage.obj</name>
      </input_file>
      <input_file id="fl-d">
         <path>.\</path>
         <kind>object</kind>
         <file>hooks.obj</file>
         <name>hooks.obj</name>
      </input_file>
      <input_file id="fl-e">
         <path>.\</path>
         <kind>object</kind>
         <file>lcd_task.obj</file>
         <name>lcd_task.obj</name>
      </input_file>
      <input_file id="fl-f">
         <path>.\</path>
         <kind>object</kind>
         <file>light_temp_task.obj</file>
         <name>light_temp_task.obj</name>
      </input_file>
      <input_file id="fl-10">
         <path>.\</path>
         <kind>object</kind>
         <file>logger.obj</file>
         <name>logger.obj</name>
      </input_file>
      <input_file id="fl-11">
         <path>.\</path>
         <kind>object</kind>
         <file>main.obj</file>
         <name>main.obj</name>
      </input_file>
      <input_file id="fl-12">
         <path>.\</path>
         <kind>object</kind>
         <file>task_manager_page.obj</file>
         <name>task_manager_page.obj</name>
      </input_file>
      <input_file id="fl-13">
         <path>.\</path>
         <kind>object</kind>
         <file>text_controls.obj</file>
         <name>text_controls.obj</name>
      </input_file>
      <input_file id="fl-14">
         <path>.\</path>
         <kind>object</kind>
         <file>tm4c123gh6pm_startup_ccs.obj</file>
         <name>tm4c123gh6pm_startup_ccs.obj</name>
      </input_file>
      <input_file id="fl-15">
         <path>.\</path>
         <kind>object</kind>
         <file>usb_structs.obj</file>
         <name>usb_structs.obj</name>
      </input_file>
      <input_file id="fl-16">
         <path>.\</path>
         <kind>object</kind>
         <file>usb_task.obj</file>
         <name>usb_task.obj</name>
      </input_file>
      <input_file id="fl-17">
         <path>.\</path>
         <kind>object</kind>
         <file>watchdog_task.obj</file>
         <name>watchdog_task.obj</name>
      </input_file>
      <input_file id="fl-18">
         <path>.\FreeRTOS\</path>
         <kind>object</kind>
         <file>croutine.obj</file>
         <name>croutine.obj</name>
      </input_file>
      <input_file id="fl-19">
         <path>.\FreeRTOS\</path>
         <kind>object</kind>
         <file>event_groups.obj</file>
         <name>event_groups.obj</name>
      </input_file>
      <input_file id="fl-1a">
         <path>.\FreeRTOS\</path>
         <kind>object</kind>
         <file>list.obj</file>
         <name>list.obj</name>
      </input_file>
      <input_file id="fl-1b">
         <path>.\FreeRTOS\</path>
         <kind>object</kind>
         <file>queue.obj</file>
         <name>queue.obj</name>
      </input_file>
      <input_file id="fl-1c">
         <path>.\FreeRTOS\</path>
         <kind>object</kind>
         <file>stream_buffer.obj</file>
         <name>stream_buffer.obj</name>
      </input_file>
      <input_file id="fl-1d">
         <path>.\FreeRTOS\</path>
         <kind>object</kind>
         <file>tasks.obj</file>
         <name>tasks.obj</name>
      </input_file>
      <input_file id="fl-1e">
         <path>.\FreeRTOS\</path>
         <kind>object</kind>
         <file>timers.obj</file>
         <name>timers.obj</name>
      </input_file>
      <input_file id="fl-1f">
         <path>.\FreeRTOS\portable\CCS\ARM_CM4F\</path>
         <kind>object</kind>
         <file>port.obj</file>
         <name>port.obj</name>
      </input_file>
      <input_file id="fl-20">
         <path>.\FreeRTOS\portable\CCS\ARM_CM4F\</path>
         <kind>object</kind>
         <file>portasm.obj</file>
         <name>portasm.obj</name>
      </input_file>
      <input_file id="fl-21">
         <path>.\driverlib\</path>
         <kind>object</kind>
         <file>adc.obj</file>
         <name>adc.obj</name>
      </input_file>
      <input_file id="fl-22">
         <path>.\driverlib\</path>
         <kind>object</kind>
         <file>aes.obj</file>
         <name>aes.obj</name>
      </input_file>
      <input_file id="fl-23">
         <path>.\driverlib\</path>
         <kind>object</kind>
         <file>can.obj</file>
         <name>can.obj</name>
      </input_file>
      <input_file id="fl-24">
         <path>.\driverlib\</path>
         <kind>object</kind>
         <file>comp.obj</file>
         <name>comp.obj</name>
      </input_file>
      <input_file id="fl-25">
         <path>.\driverlib\</path>
         <kind>object</kind>
         <file>cpu.obj</file>
         <name>cpu.obj</name>
      </input_file>
      <input_file id="fl-26">
         <path>.\driverlib\</path>
         <kind>object</kind>
         <file>crc.obj</file>
         <name>crc.obj</name>
      </input_file>
      <input_file id="fl-27">
         <path>.\driverlib\</path>
         <kind>object</kind>
         <file>des.obj</file>
         <name>des.obj</name>
      </input_file>
      <input_file id="fl-28">
         <path>.\driverlib\</path>
         <kind>object</kind>
         <file>eeprom.obj</file>
         <name>eeprom.obj</name>
      </input_file>
      <input_file id="fl-29">
         <path>.\driverlib\</path>
         <kind>object</kind>
         <file>emac.obj</file>
         <name>emac.obj</name>
      </input_file>
      <input_file id="fl-2a">
         <path>.\driverlib\</path>
         <kind>object</kind>
         <file>epi.obj</file>
         <name>epi.obj</name>
      </input_file>
      <input_file id="fl-2b">
         <path>.\driverlib\</path>
         <kind>object</kind>
         <file>epi_workaround_ccs.obj</file>
         <name>epi_workaround_ccs.obj</name>
      </input_file>
      <input_file id="fl-2c">
         <path>.\driverlib\</path>
         <kind>object</kind>
         <file>flash.obj</file>
         <name>flash.obj</name>
      </input_file>
      <input_file id="fl-2d">
         <path>.\driverlib\</path>
         <kind>object</kind>
         <file>fpu.obj</file>
         <name>fpu.obj</name>
      </input_file>
      <input_file id="fl-2e">
         <path>.\driverlib\</path>
         <kind>object</kind>
         <file>gpio.obj</file>
         <name>gpio.obj</name>
      </input_file>
      <input_file id="fl-2f">
         <path>.\driverlib\</path>
         <kind>object</kind>
         <file>hibernate.obj</file>
         <name>hibernate.obj</name>
      </input_file>
      <input_file id="fl-30">
         <path>.\driverlib\</path>
         <kind>object</kind>
         <file>i2c.obj</file>
         <name>i2c.obj</name>
      </input_file>
      <input_file id="fl-31">
         <path>.\driverlib\</path>
         <kind>object</kind>
         <file>interrupt.obj</file>
         <name>interrupt.obj</name>
      </input_file>
      <input_file id="fl-32">
         <path>.\driverlib\</path>
         <kind>object</kind>
         <file>lcd.obj</file>
         <name>lcd.obj</name>
      </input_file>
      <input_file id="fl-33">
         <path>.\driverlib\</path>
         <kind>object</kind>
         <file>mpu.obj</file>
         <name>mpu.obj</name>
      </input_file>
      <input_file id="fl-34">
         <path>.\driverlib\</path>
         <kind>object</kind>
         <file>pwm.obj</file>
         <name>pwm.obj</name>
      </input_file>
      <input_file id="fl-35">
         <path>.\driverlib\</path>
         <kind>object</kind>
         <file>qei.obj</file>
         <name>qei.obj</name>
      </input_file>
      <input_file id="fl-36">
         <path>.\driverlib\</path>
         <kind>object</kind>
         <file>shamd5.obj</file>
         <name>shamd5.obj</name>
      </input_file>
      <input_file id="fl-37">
         <path>.\driverlib\</path>
         <kind>object</kind>
         <file>ssi.obj</file>
         <name>ssi.obj</name>
      </input_file>
      <input_file id="fl-38">
         <path>.\driverlib\</path>
         <kind>object</kind>
         <file>sw_crc.obj</file>
         <name>sw_crc.obj</name>
      </input_file>
      <input_file id="fl-39">
         <path>.\driverlib\</path>
         <kind>object</kind>
         <file>sysctl.obj</file>
         <name>sysctl.obj</name>
      </input_file>
      <input_file id="fl-3a">
         <path>.\driverlib\</path>
         <kind>object</kind>
         <file>sysexc.obj</file>
         <name>sysexc.obj</name>
      </input_file>
      <input_file id="fl-3b">
         <path>.\driverlib\</path>
         <kind>object</kind>
         <file>systick.obj</file>
         <name>systick.obj</name>
      </input_file>
      <input_file id="fl-3c">
         <path>.\driverlib\</path>
         <kind>object</kind>
         <file>timer.obj</file>
         <name>timer.obj</name>
      </input_file>
      <input_file id="fl-3d">
         <path>.\driverlib\</path>
         <kind>object</kind>
         <file>uart.obj</file>
         <name>uart.obj</name>
      </input_file>
      <input_file id="fl-3e">
         <path>.\driverlib\</path>
         <kind>object</kind>
         <file>udma.obj</file>
         <name>udma.obj</name>
      </input_file>
      <input_file id="fl-3f">
         <path>.\driverlib\</path>
         <kind>object</kind>
         <file>usb.obj</file>
         <name>usb.obj</name>
      </input_file>
      <input_file id="fl-40">
         <path>.\driverlib\</path>
         <kind>object</kind>
         <file>watchdog.obj</file>
         <name>watchdog.obj</name>
      </input_file>
      <input_file id="fl-41">
         <path>.\usb\</path>
         <kind>object</kind>
         <file>usbbuffer.obj</file>
         <name>usbbuffer.obj</name>
      </input_file>
      <input_file id="fl-42">
         <path>.\usb\</path>
         <kind>object</kind>
         <file>usbdaudio.obj</file>
         <name>usbdaudio.obj</name>
      </input_file>
      <input_file id="fl-43">
         <path>.\usb\</path>
         <kind>object</kind>
         <file>usbdbulk.obj</file>
         <name>usbdbulk.obj</name>
      </input_file>
      <input_file id="fl-44">
         <path>.\usb\</path>
         <kind>object</kind>
         <file>usbdcdc.obj</file>
         <name>usbdcdc.obj</name>
      </input_file>
      <input_file id="fl-45">
         <path>.\usb\</path>
         <kind>object</kind>
         <file>usbdcdesc.obj</file>
         <name>usbdcdesc.obj</name>
      </input_file>
      <input_file id="fl-46">
         <path>.\usb\</path>
         <kind>object</kind>
         <file>usbdcomp.obj</file>
         <name>usbdcomp.obj</name>
      </input_file>
      <input_file id="fl-47">
         <path>.\usb\</path>
         <kind>object</kind>
         <file>usbdconfig.obj</file>
         <name>usbdconfig.obj</name>
      </input_file>
      <input_file id="fl-48">
         <path>.\usb\</path>
         <kind>object</kind>
         <file>usbddfu-rt.obj</file>
         <name>usbddfu-rt.obj</name>
      </input_file>
      <input_file id="fl-49">
         <path>.\usb\</path>
         <kind>object</kind>
         <file>usbdenum.obj</file>
         <name>usbdenum.obj</name>
      </input_file>
      <input_file id="fl-4a">
         <path>.\usb\</path>
         <kind>object</kind>
         <file>usbdesc.obj</file>
         <name>usbdesc.obj</name>
      </input_file>
      <input_file id="fl-4b">
         <path>.\usb\</path>
         <kind>object</kind>
         <file>usbdhandler.obj</file>
         <name>usbdhandler.obj</name>
      </input_file>
      <input_file id="fl-4c">
         <path>.\usb\</path>
         <kind>object</kind>
         <file>usbdhid.obj</file>
         <name>usbdhid.obj</name>
      </input_file>
      <input_file id="fl-4d">
         <path>.\usb\</path>
         <kind>object</kind>
         <file>usbdhidgamepad.obj</file>
         <name>usbdhidgamepad.obj</name>
      </input_file>
      <input_file id="fl-4e">
         <path>.\usb\</path>
         <kind>object</kind>
         <file>usbdhidkeyb.obj</file>
         <name>usbdhidkeyb.obj</name>
      </input_file>
      <input_file id="fl-4f">
         <path>.\usb\</path>
         <kind>object</kind>
         <file>usbdhidmouse.obj</file>
         <name>usbdhidmouse.obj</name>
      </input_file>
      <input_file id="fl-50">
         <path>.\usb\</path>
         <kind>object</kind>
         <file>usbdma.obj</file>
         <name>usbdma.obj</name>
      </input_file>
      <input_file id="fl-51">
         <path>.\usb\</path>
         <kind>object</kind>
         <file>usbdmsc.obj</file>
         <name>usbdmsc.obj</name>
      </input_file>
      <input_file id="fl-52">
         <path>.\usb\</path>
         <kind>object</kind>
         <file>usbkeyboardmap.obj</file>
         <name>usbkeyboardmap.obj</name>
      </input_file>
      <input_file id="fl-53">
         <path>.\usb\</path>
         <kind>object</kind>
         <file>usbmode.obj</file>
         <name>usbmode.obj</name>
      </input_file>
      <input_file id="fl-54">
         <path>.\usb\</path>
         <kind>object</kind>
         <file>usbringbuf.obj</file>
         <name>usbringbuf.obj</name>
      </input_file>
      <input_file id="fl-55">
         <path>.\usb\</path>
         <kind>object</kind>
         <file>usbtick.obj</file>
         <name>usbtick.obj</name>
      </input_file>
      <input_file id="fl-56">
         <path>.\usb\</path>
         <kind>object</kind>
         <file>usbulpi.obj</file>
         <name>usbulpi.obj</name>
      </input_file>
      <input_file id="fl-57">
         <path>.\utils\</path>
         <kind>object</kind>
         <file>uartstdio.obj</file>
         <name>uartstdio.obj</name>
      </input_file>
      <input_file id="fl-5c">
         <kind>object</kind>
         <file>&lt;internal&gt;</file>
         <name>&lt;internal&gt;</name>
      </input_file>
      <input_file id="fl-112">
         <path>C:\ti\ccs1020\ccs\tools\compiler\ti-cgt-arm_20.2.2.LTS\lib\</path>
         <kind>archive</kind>
         <file>rtsv7M4_T_le_v4SPD16_eabi.lib</file>
         <name>sprintf.c.obj</name>
      </input_file>
      <input_file id="fl-113">
         <path>C:\ti\ccs1020\ccs\tools\compiler\ti-cgt-arm_20.2.2.LTS\lib\</path>
         <kind>archive</kind>
         <file>rtsv7M4_T_le_v4SPD16_eabi.lib</file>
         <name>memcpy_t2.asm.obj</name>
      </input_file>
      <input_file id="fl-114">
         <path>C:\ti\ccs1020\ccs\tools\compiler\ti-cgt-arm_20.2.2.LTS\lib\</path>
         <kind>archive</kind>
         <file>rtsv7M4_T_le_v4SPD16_eabi.lib</file>
         <name>memset_t2.asm.obj</name>
      </input_file>
      <input_file id="fl-115">
         <path>C:\ti\ccs1020\ccs\tools\compiler\ti-cgt-arm_20.2.2.LTS\lib\</path>
         <kind>archive</kind>
         <file>rtsv7M4_T_le_v4SPD16_eabi.lib</file>
         <name>u_divt2.asm.obj</name>
      </input_file>
      <input_file id="fl-116">
         <path>C:\ti\ccs1020\ccs\tools\compiler\ti-cgt-arm_20.2.2.LTS\lib\</path>
         <kind>archive</kind>
         <file>rtsv7M4_T_le_v4SPD16_eabi.lib</file>
         <name>copy_zero_init.c.obj</name>
      </input_file>
      <input_file id="fl-117">
         <path>C:\ti\ccs1020\ccs\tools\compiler\ti-cgt-arm_20.2.2.LTS\lib\</path>
         <kind>archive</kind>
         <file>rtsv7M4_T_le_v4SPD16_eabi.lib</file>
         <name>copy_decompress_none.c.obj</name>
      </input_file>
      <input_file id="fl-118">
         <path>C:\ti\ccs1020\ccs\tools\compiler\ti-cgt-arm_20.2.2.LTS\lib\</path>
         <kind>archive</kind>
         <file>rtsv7M4_T_le_v4SPD16_eabi.lib</file>
         <name>copy_decompress_lzss.c.obj</name>
      </input_file>
      <input_file id="fl-119">
         <path>C:\ti\ccs1020\ccs\tools\compiler\ti-cgt-arm_20.2.2.LTS\lib\</path>
         <kind>archive</kind>
         <file>rtsv7M4_T_le_v4SPD16_eabi.lib</file>
         <name>assert.c.obj</name>
      </input_file>
      <input_file id="fl-11a">
         <path>C:\ti\ccs1020\ccs\tools\compiler\ti-cgt-arm_20.2.2.LTS\lib\</path>
         <kind>archive</kind>
         <file>rtsv7M4_T_le_v4SPD16_eabi.lib</file>
         <name>defs.c.obj</name>
      </input_file>
      <input_file id="fl-11b">
         <path>C:\ti\ccs1020\ccs\tools\compiler\ti-cgt-arm_20.2.2.LTS\lib\</path>
         <kind>archive</kind>
         <file>rtsv7M4_T_le_v4SPD16_eabi.lib</file>
         <name>strcmp.c.obj</name>
      </input_file>
      <input_file id="fl-11c">
         <path>C:\ti\ccs1020\ccs\tools\compiler\ti-cgt-arm_20.2.2.LTS\lib\</path>
         <kind>archive</kind>
         <file>rtsv7M4_T_le_v4SPD16_eabi.lib</file>
         <name>strcpy.c.obj</name>
      </input_file>
      <input_file id="fl-11d">
         <path>C:\ti\ccs1020\ccs\tools\compiler\ti-cgt-arm_20.2.2.LTS\lib\</path>
         <kind>archive</kind>
         <file>rtsv7M4_T_le_v4SPD16_eabi.lib</file>
         <name>strlen.c.obj</name>
      </input_file>
      <input_file id="fl-11e">
         <path>C:\ti\ccs1020\ccs\tools\compiler\ti-cgt-arm_20.2.2.LTS\lib\</path>
         <kind>archive</kind>
         <file>rtsv7M4_T_le_v4SPD16_eabi.lib</file>
         <name>boot_cortex_m.c.obj</name>
      </input_file>
      <input_file id="fl-11f">
         <path>C:\ti\ccs1020\ccs\tools\compiler\ti-cgt-arm_20.2.2.LTS\lib\</path>
         <kind>archive</kind>
         <file>rtsv7M4_T_le_v4SPD16_eabi.lib</file>
         <name>_printfi.c.obj</name>
      </input_file>
      <input_file id="fl-120">
         <path>C:\ti\ccs1020\ccs\tools\compiler\ti-cgt-arm_20.2.2.LTS\lib\</path>
         <kind>archive</kind>
         <file>rtsv7M4_T_le_v4SPD16_eabi.lib</file>
         <name>fflush.c.obj</name>
      </input_file>
      <input_file id="fl-121">
         <path>C:\ti\ccs1020\ccs\tools\compiler\ti-cgt-arm_20.2.2.LTS\lib\</path>
         <kind>archive</kind>
         <file>rtsv7M4_T_le_v4SPD16_eabi.lib</file>
         <name>fputs.c.obj</name>
      </input_file>
      <input_file id="fl-122">
         <path>C:\ti\ccs1020\ccs\tools\compiler\ti-cgt-arm_20.2.2.LTS\lib\</path>
         <kind>archive</kind>
         <file>rtsv7M4_T_le_v4SPD16_eabi.lib</file>
         <name>_io_perm.c.obj</name>
      </input_file>
      <input_file id="fl-123">
         <path>C:\ti\ccs1020\ccs\tools\compiler\ti-cgt-arm_20.2.2.LTS\lib\</path>
         <kind>archive</kind>
         <file>rtsv7M4_T_le_v4SPD16_eabi.lib</file>
         <name>setvbuf.c.obj</name>
      </input_file>
      <input_file id="fl-124">
         <path>C:\ti\ccs1020\ccs\tools\compiler\ti-cgt-arm_20.2.2.LTS\lib\</path>
         <kind>archive</kind>
         <file>rtsv7M4_T_le_v4SPD16_eabi.lib</file>
         <name>div0.asm.obj</name>
      </input_file>
      <input_file id="fl-125">
         <path>C:\ti\ccs1020\ccs\tools\compiler\ti-cgt-arm_20.2.2.LTS\lib\</path>
         <kind>archive</kind>
         <file>rtsv7M4_T_le_v4SPD16_eabi.lib</file>
         <name>fd_add_t2.asm.obj</name>
      </input_file>
      <input_file id="fl-126">
         <path>C:\ti\ccs1020\ccs\tools\compiler\ti-cgt-arm_20.2.2.LTS\lib\</path>
         <kind>archive</kind>
         <file>rtsv7M4_T_le_v4SPD16_eabi.lib</file>
         <name>fd_cmp_t2.asm.obj</name>
      </input_file>
      <input_file id="fl-127">
         <path>C:\ti\ccs1020\ccs\tools\compiler\ti-cgt-arm_20.2.2.LTS\lib\</path>
         <kind>archive</kind>
         <file>rtsv7M4_T_le_v4SPD16_eabi.lib</file>
         <name>fd_div_t2.asm.obj</name>
      </input_file>
      <input_file id="fl-128">
         <path>C:\ti\ccs1020\ccs\tools\compiler\ti-cgt-arm_20.2.2.LTS\lib\</path>
         <kind>archive</kind>
         <file>rtsv7M4_T_le_v4SPD16_eabi.lib</file>
         <name>fd_mul_t2.asm.obj</name>
      </input_file>
      <input_file id="fl-129">
         <path>C:\ti\ccs1020\ccs\tools\compiler\ti-cgt-arm_20.2.2.LTS\lib\</path>
         <kind>archive</kind>
         <file>rtsv7M4_T_le_v4SPD16_eabi.lib</file>
         <name>fd_toi_t2.asm.obj</name>
      </input_file>
      <input_file id="fl-12a">
         <path>C:\ti\ccs1020\ccs\tools\compiler\ti-cgt-arm_20.2.2.LTS\lib\</path>
         <kind>archive</kind>
         <file>rtsv7M4_T_le_v4SPD16_eabi.lib</file>
         <name>i_tofd_t2.asm.obj</name>
      </input_file>
      <input_file id="fl-12b">
         <path>C:\ti\ccs1020\ccs\tools\compiler\ti-cgt-arm_20.2.2.LTS\lib\</path>
         <kind>archive</kind>
         <file>rtsv7M4_T_le_v4SPD16_eabi.lib</file>
         <name>ull_div_t2.asm.obj</name>
      </input_file>
      <input_file id="fl-12c">
         <path>C:\ti\ccs1020\ccs\tools\compiler\ti-cgt-arm_20.2.2.LTS\lib\</path>
         <kind>archive</kind>
         <file>rtsv7M4_T_le_v4SPD16_eabi.lib</file>
         <name>autoinit.c.obj</name>
      </input_file>
      <input_file id="fl-12d">
         <path>C:\ti\ccs1020\ccs\tools\compiler\ti-cgt-arm_20.2.2.LTS\lib\</path>
         <kind>archive</kind>
         <file>rtsv7M4_T_le_v4SPD16_eabi.lib</file>
         <name>pre_init.c.obj</name>
      </input_file>
      <input_file id="fl-12e">
         <path>C:\ti\ccs1020\ccs\tools\compiler\ti-cgt-arm_20.2.2.LTS\lib\</path>
         <kind>archive</kind>
         <file>rtsv7M4_T_le_v4SPD16_eabi.lib</file>
         <name>cpy_tbl.c.obj</name>
      </input_file>
      <input_file id="fl-12f">
         <path>C:\ti\ccs1020\ccs\tools\compiler\ti-cgt-arm_20.2.2.LTS\lib\</path>
         <kind>archive</kind>
         <file>rtsv7M4_T_le_v4SPD16_eabi.lib</file>
         <name>exit.c.obj</name>
      </input_file>
      <input_file id="fl-130">
         <path>C:\ti\ccs1020\ccs\tools\compiler\ti-cgt-arm_20.2.2.LTS\lib\</path>
         <kind>archive</kind>
         <file>rtsv7M4_T_le_v4SPD16_eabi.lib</file>
         <name>_lock.c.obj</name>
      </input_file>
      <input_file id="fl-131">
         <path>C:\ti\ccs1020\ccs\tools\compiler\ti-cgt-arm_20.2.2.LTS\lib\</path>
         <kind>archive</kind>
         <file>rtsv7M4_T_le_v4SPD16_eabi.lib</file>
         <name>_ltoa.c.obj</name>
      </input_file>
      <input_file id="fl-132">
         <path>C:\ti\ccs1020\ccs\tools\compiler\ti-cgt-arm_20.2.2.LTS\lib\</path>
         <kind>archive</kind>
         <file>rtsv7M4_T_le_v4SPD16_eabi.lib</file>
         <name>args_main.c.obj</name>
      </input_file>
      <input_file id="fl-133">
         <path>C:\ti\ccs1020\ccs\tools\compiler\ti-cgt-arm_20.2.2.LTS\lib\</path>
         <kind>archive</kind>
         <file>rtsv7M4_T_le_v4SPD16_eabi.lib</file>
         <name>atoi.c.obj</name>
      </input_file>
      <input_file id="fl-134">
         <path>C:\ti\ccs1020\ccs\tools\compiler\ti-cgt-arm_20.2.2.LTS\lib\</path>
         <kind>archive</kind>
         <file>rtsv7M4_T_le_v4SPD16_eabi.lib</file>
         <name>ctype.c.obj</name>
      </input_file>
      <input_file id="fl-135">
         <path>C:\ti\ccs1020\ccs\tools\compiler\ti-cgt-arm_20.2.2.LTS\lib\</path>
         <kind>archive</kind>
         <file>rtsv7M4_T_le_v4SPD16_eabi.lib</file>
         <name>memccpy.c.obj</name>
      </input_file>
      <input_file id="fl-136">
         <path>C:\ti\ccs1020\ccs\tools\compiler\ti-cgt-arm_20.2.2.LTS\lib\</path>
         <kind>archive</kind>
         <file>rtsv7M4_T_le_v4SPD16_eabi.lib</file>
         <name>memchr.c.obj</name>
      </input_file>
      <input_file id="fl-137">
         <path>C:\ti\ccs1020\ccs\tools\compiler\ti-cgt-arm_20.2.2.LTS\lib\</path>
         <kind>archive</kind>
         <file>rtsv7M4_T_le_v4SPD16_eabi.lib</file>
         <name>memory.c.obj</name>
      </input_file>
      <input_file id="fl-138">
         <path>C:\ti\ccs1020\ccs\tools\compiler\ti-cgt-arm_20.2.2.LTS\lib\</path>
         <kind>archive</kind>
         <file>rtsv7M4_T_le_v4SPD16_eabi.lib</file>
         <name>strchr.c.obj</name>
      </input_file>
      <input_file id="fl-139">
         <path>C:\ti\ccs1020\ccs\tools\compiler\ti-cgt-arm_20.2.2.LTS\lib\</path>
         <kind>archive</kind>
         <file>rtsv7M4_T_le_v4SPD16_eabi.lib</file>
         <name>write.c.obj</name>
      </input_file>
      <input_file id="fl-13a">
         <path>C:\ti\ccs1020\ccs\tools\compiler\ti-cgt-arm_20.2.2.LTS\lib\</path>
         <kind>archive</kind>
         <file>rtsv7M4_T_le_v4SPD16_eabi.lib</file>
         <name>host_device.c.obj</name>
      </input_file>
      <input_file id="fl-13b">
         <path>C:\ti\ccs1020\ccs\tools\compiler\ti-cgt-arm_20.2.2.LTS\lib\</path>
         <kind>archive</kind>
         <file>rtsv7M4_T_le_v4SPD16_eabi.lib</file>
         <name>errno.c.obj</name>
      </input_file>
      <input_file id="fl-13c">
         <path>C:\ti\ccs1020\ccs\tools\compiler\ti-cgt-arm_20.2.2.LTS\lib\</path>
         <kind>archive</kind>
         <file>rtsv7M4_T_le_v4SPD16_eabi.lib</file>
         <name>s_frexp.c.obj</name>
      </input_file>
      <input_file id="fl-13d">
         <path>C:\ti\ccs1020\ccs\tools\compiler\ti-cgt-arm_20.2.2.LTS\lib\</path>
         <kind>archive</kind>
         <file>rtsv7M4_T_le_v4SPD16_eabi.lib</file>
         <name>s_scalbn.c.obj</name>
      </input_file>
      <input_file id="fl-13e">
         <path>C:\ti\ccs1020\ccs\tools\compiler\ti-cgt-arm_20.2.2.LTS\lib\</path>
         <kind>archive</kind>
         <file>rtsv7M4_T_le_v4SPD16_eabi.lib</file>
         <name>wcslen.c.obj</name>
      </input_file>
      <input_file id="fl-13f">
         <path>C:\ti\ccs1020\ccs\tools\compiler\ti-cgt-arm_20.2.2.LTS\lib\</path>
         <kind>archive</kind>
         <file>rtsv7M4_T_le_v4SPD16_eabi.lib</file>
         <name>s_copysign.c.obj</name>
      </input_file>
      <input_file id="fl-140">
         <path>C:\ti\ccs1020\ccs\tools\compiler\ti-cgt-arm_20.2.2.LTS\lib\</path>
         <kind>archive</kind>
         <file>rtsv7M4_T_le_v4SPD16_eabi.lib</file>
         <name>fopen.c.obj</name>
      </input_file>
      <input_file id="fl-141">
         <path>C:\ti\ccs1020\ccs\tools\compiler\ti-cgt-arm_20.2.2.LTS\lib\</path>
         <kind>archive</kind>
         <file>rtsv7M4_T_le_v4SPD16_eabi.lib</file>
         <name>fseek.c.obj</name>
      </input_file>
      <input_file id="fl-142">
         <path>C:\ti\ccs1020\ccs\tools\compiler\ti-cgt-arm_20.2.2.LTS\lib\</path>
         <kind>archive</kind>
         <file>rtsv7M4_T_le_v4SPD16_eabi.lib</file>
         <name>hostclose.c.obj</name>
      </input_file>
      <input_file id="fl-143">
         <path>C:\ti\ccs1020\ccs\tools\compiler\ti-cgt-arm_20.2.2.LTS\lib\</path>
         <kind>archive</kind>
         <file>rtsv7M4_T_le_v4SPD16_eabi.lib</file>
         <name>hostlseek.c.obj</name>
      </input_file>
      <input_file id="fl-144">
         <path>C:\ti\ccs1020\ccs\tools\compiler\ti-cgt-arm_20.2.2.LTS\lib\</path>
         <kind>archive</kind>
         <file>rtsv7M4_T_le_v4SPD16_eabi.lib</file>
         <name>hostopen.c.obj</name>
      </input_file>
      <input_file id="fl-145">
         <path>C:\ti\ccs1020\ccs\tools\compiler\ti-cgt-arm_20.2.2.LTS\lib\</path>
         <kind>archive</kind>
         <file>rtsv7M4_T_le_v4SPD16_eabi.lib</file>
         <name>hostread.c.obj</name>
      </input_file>
      <input_file id="fl-146">
         <path>C:\ti\ccs1020\ccs\tools\compiler\ti-cgt-arm_20.2.2.LTS\lib\</path>
         <kind>archive</kind>
         <file>rtsv7M4_T_le_v4SPD16_eabi.lib</file>
         <name>hostrename.c.obj</name>
      </input_file>
      <input_file id="fl-147">
         <path>C:\ti\ccs1020\ccs\tools\compiler\ti-cgt-arm_20.2.2.LTS\lib\</path>
         <kind>archive</kind>
         <file>rtsv7M4_T_le_v4SPD16_eabi.lib</file>
         <name>hostunlink.c.obj</name>
      </input_file>
      <input_file id="fl-148">
         <path>C:\ti\ccs1020\ccs\tools\compiler\ti-cgt-arm_20.2.2.LTS\lib\</path>
         <kind>archive</kind>
         <file>rtsv7M4_T_le_v4SPD16_eabi.lib</file>
         <name>hostwrite.c.obj</name>
      </input_file>
      <input_file id="fl-149">
         <path>C:\ti\ccs1020\ccs\tools\compiler\ti-cgt-arm_20.2.2.LTS\lib\</path>
         <kind>archive</kind>
         <file>rtsv7M4_T_le_v4SPD16_eabi.lib</file>
         <name>trgmsg.c.obj</name>
      </input_file>
      <input_file id="fl-14a">
         <path>C:\ti\ccs1020\ccs\tools\compiler\ti-cgt-arm_20.2.2.LTS\lib\</path>
         <kind>archive</kind>
         <file>rtsv7M4_T_le_v4SPD16_eabi.lib</file>
         <name>open.c.obj</name>
      </input_file>
      <input_file id="fl-14b">
         <path>C:\ti\ccs1020\ccs\tools\compiler\ti-cgt-arm_20.2.2.LTS\lib\</path>
         <kind>archive</kind>
         <file>rtsv7M4_T_le_v4SPD16_eabi.lib</file>
         <name>lseek.c.obj</name>
      </input_file>
      <input_file id="fl-14c">
         <path>C:\ti\ccs1020\ccs\tools\compiler\ti-cgt-arm_20.2.2.LTS\lib\</path>
         <kind>archive</kind>
         <file>rtsv7M4_T_le_v4SPD16_eabi.lib</file>
         <name>fclose.c.obj</name>
      </input_file>
      <input_file id="fl-14d">
         <path>C:\ti\ccs1020\ccs\tools\compiler\ti-cgt-arm_20.2.2.LTS\lib\</path>
         <kind>archive</kind>
         <file>rtsv7M4_T_le_v4SPD16_eabi.lib</file>
         <name>getdevice.c.obj</name>
      </input_file>
      <input_file id="fl-14e">
         <path>C:\ti\ccs1020\ccs\tools\compiler\ti-cgt-arm_20.2.2.LTS\lib\</path>
         <kind>archive</kind>
         <file>rtsv7M4_T_le_v4SPD16_eabi.lib</file>
         <name>strncpy.c.obj</name>
      </input_file>
      <input_file id="fl-14f">
         <path>C:\ti\ccs1020\ccs\tools\compiler\ti-cgt-arm_20.2.2.LTS\lib\</path>
         <kind>archive</kind>
         <file>rtsv7M4_T_le_v4SPD16_eabi.lib</file>
         <name>remove.c.obj</name>
      </input_file>
      <input_file id="fl-150">
         <path>C:\ti\ccs1020\ccs\tools\compiler\ti-cgt-arm_20.2.2.LTS\lib\</path>
         <kind>archive</kind>
         <file>rtsv7M4_T_le_v4SPD16_eabi.lib</file>
         <name>close.c.obj</name>
      </input_file>
      <input_file id="fl-151">
         <path>C:\ti\ccs1020\ccs\tools\compiler\ti-cgt-arm_20.2.2.LTS\lib\</path>
         <kind>archive</kind>
         <file>rtsv7M4_T_le_v4SPD16_eabi.lib</file>
         <name>unlink.c.obj</name>
      </input_file>
      <input_file id="fl-152">
         <path>C:\ti\TivaWare_C_Series-2.2.0.295\usblib\ccs\Debug\</path>
         <kind>archive</kind>
         <file>usblib.lib</file>
         <name>usbhostenum.obj</name>
      </input_file>
      <input_file id="fl-153">
         <path>C:\ti\TivaWare_C_Series-2.2.0.295\usblib\ccs\Debug\</path>
         <kind>archive</kind>
         <file>usblib.lib</file>
         <name>usbhhub.obj</name>
      </input_file>
   </input_file_list>
   <object_component_list>
      <object_component id="oc-12">
         <name>.intvecs</name>
         <load_address>0x0</load_address>
         <run_address>0x0</run_address>
         <size>0x26c</size>
         <input_file_ref idref="fl-14"/>
      </object_component>
      <object_component id="oc-8c">
         <name>.text</name>
         <load_address>0x26c</load_address>
         <run_address>0x26c</run_address>
         <size>0x1ddc</size>
         <input_file_ref idref="fl-1d"/>
      </object_component>
      <object_component id="oc-a8">
         <name>.text</name>
         <load_address>0x2048</load_address>
         <run_address>0x2048</run_address>
         <size>0x15ba</size>
         <input_file_ref idref="fl-3f"/>
      </object_component>
      <object_component id="oc-622">
         <name>.text:_nop</name>
         <load_address>0x3602</load_address>
         <run_address>0x3602</run_address>
         <size>0x2</size>
         <input_file_ref idref="fl-130"/>
      </object_component>
      <object_component id="oc-ae">
         <name>.text</name>
         <load_address>0x3604</load_address>
         <run_address>0x3604</run_address>
         <size>0x11f4</size>
         <input_file_ref idref="fl-49"/>
      </object_component>
      <object_component id="oc-1c7">
         <name>.text</name>
         <load_address>0x47f8</load_address>
         <run_address>0x47f8</run_address>
         <size>0x1050</size>
         <input_file_ref idref="fl-1b"/>
      </object_component>
      <object_component id="oc-171">
         <name>.text</name>
         <load_address>0x5848</load_address>
         <run_address>0x5848</run_address>
         <size>0xef4</size>
         <input_file_ref idref="fl-39"/>
      </object_component>
      <object_component id="oc-17d">
         <name>.text</name>
         <load_address>0x673c</load_address>
         <run_address>0x673c</run_address>
         <size>0xe64</size>
         <input_file_ref idref="fl-50"/>
      </object_component>
      <object_component id="oc-5f6">
         <name>.text</name>
         <load_address>0x75a0</load_address>
         <run_address>0x75a0</run_address>
         <size>0xd10</size>
         <input_file_ref idref="fl-4c"/>
      </object_component>
      <object_component id="oc-360">
         <name>.text</name>
         <load_address>0x82b0</load_address>
         <run_address>0x82b0</run_address>
         <size>0xb88</size>
         <input_file_ref idref="fl-2e"/>
      </object_component>
      <object_component id="oc-2bf">
         <name>.text:__TI_printfi</name>
         <load_address>0x8e38</load_address>
         <run_address>0x8e38</run_address>
         <size>0xa4e</size>
         <input_file_ref idref="fl-11f"/>
      </object_component>
      <object_component id="oc-6ed">
         <name>.text</name>
         <load_address>0x9886</load_address>
         <run_address>0x9886</run_address>
         <size>0x2</size>
         <input_file_ref idref="fl-124"/>
      </object_component>
      <object_component id="oc-38e">
         <name>.text</name>
         <load_address>0x9888</load_address>
         <run_address>0x9888</run_address>
         <size>0x7c2</size>
         <input_file_ref idref="fl-21"/>
      </object_component>
      <object_component id="oc-3a3">
         <name>.text</name>
         <load_address>0xa04c</load_address>
         <run_address>0xa04c</run_address>
         <size>0x718</size>
         <input_file_ref idref="fl-34"/>
      </object_component>
      <object_component id="oc-3ae">
         <name>.text</name>
         <load_address>0xa764</load_address>
         <run_address>0xa764</run_address>
         <size>0x69c</size>
         <input_file_ref idref="fl-30"/>
      </object_component>
      <object_component id="oc-35a">
         <name>.text</name>
         <load_address>0xae00</load_address>
         <run_address>0xae00</run_address>
         <size>0x618</size>
         <input_file_ref idref="fl-3d"/>
      </object_component>
      <object_component id="oc-1f7">
         <name>.text</name>
         <load_address>0xb418</load_address>
         <run_address>0xb418</run_address>
         <size>0x538</size>
         <input_file_ref idref="fl-4"/>
      </object_component>
      <object_component id="oc-31d">
         <name>.text</name>
         <load_address>0xb950</load_address>
         <run_address>0xb950</run_address>
         <size>0x4e0</size>
         <input_file_ref idref="fl-3e"/>
      </object_component>
      <object_component id="oc-366">
         <name>.text</name>
         <load_address>0xbe30</load_address>
         <run_address>0xbe30</run_address>
         <size>0x49c</size>
         <input_file_ref idref="fl-57"/>
      </object_component>
      <object_component id="oc-3df">
         <name>.text</name>
         <load_address>0xc2cc</load_address>
         <run_address>0xc2cc</run_address>
         <size>0x49c</size>
         <input_file_ref idref="fl-53"/>
      </object_component>
      <object_component id="oc-209">
         <name>.text</name>
         <load_address>0xc768</load_address>
         <run_address>0xc768</run_address>
         <size>0x458</size>
         <input_file_ref idref="fl-16"/>
      </object_component>
      <object_component id="oc-1d3">
         <name>.text</name>
         <load_address>0xcbc0</load_address>
         <run_address>0xcbc0</run_address>
         <size>0x3fc</size>
         <input_file_ref idref="fl-8"/>
      </object_component>
      <object_component id="oc-5c0">
         <name>.text:USBHostIntHandlerInternal</name>
         <load_address>0xcfbc</load_address>
         <run_address>0xcfbc</run_address>
         <size>0x3f4</size>
         <input_file_ref idref="fl-152"/>
      </object_component>
      <object_component id="oc-169">
         <name>.text</name>
         <load_address>0xd3b0</load_address>
         <run_address>0xd3b0</run_address>
         <size>0x3c0</size>
         <input_file_ref idref="fl-31"/>
      </object_component>
      <object_component id="oc-1a2">
         <name>.text</name>
         <load_address>0xd770</load_address>
         <run_address>0xd770</run_address>
         <size>0x388</size>
         <input_file_ref idref="fl-47"/>
      </object_component>
      <object_component id="oc-3cf">
         <name>.text</name>
         <load_address>0xdaf8</load_address>
         <run_address>0xdaf8</run_address>
         <size>0x346</size>
         <input_file_ref idref="fl-37"/>
      </object_component>
      <object_component id="oc-203">
         <name>.text</name>
         <load_address>0xde40</load_address>
         <run_address>0xde40</run_address>
         <size>0x324</size>
         <input_file_ref idref="fl-e"/>
      </object_component>
      <object_component id="oc-19c">
         <name>.text</name>
         <load_address>0xe164</load_address>
         <run_address>0xe164</run_address>
         <size>0x2de</size>
         <input_file_ref idref="fl-45"/>
      </object_component>
      <object_component id="oc-3e5">
         <name>.text</name>
         <load_address>0xe444</load_address>
         <run_address>0xe444</run_address>
         <size>0x2dc</size>
         <input_file_ref idref="fl-4d"/>
      </object_component>
      <object_component id="oc-35">
         <name>.text</name>
         <load_address>0xe720</load_address>
         <run_address>0xe720</run_address>
         <size>0x28c</size>
         <input_file_ref idref="fl-1f"/>
      </object_component>
      <object_component id="oc-4c9">
         <name>.text:_pconv_a</name>
         <load_address>0xe9ac</load_address>
         <run_address>0xe9ac</run_address>
         <size>0x270</size>
         <input_file_ref idref="fl-11f"/>
      </object_component>
      <object_component id="oc-1df">
         <name>.text</name>
         <load_address>0xec1c</load_address>
         <run_address>0xec1c</run_address>
         <size>0x214</size>
         <input_file_ref idref="fl-2"/>
      </object_component>
      <object_component id="oc-dd">
         <name>.text</name>
         <load_address>0xee30</load_address>
         <run_address>0xee30</run_address>
         <size>0x1f8</size>
         <input_file_ref idref="fl-11"/>
      </object_component>
      <object_component id="oc-345">
         <name>.text</name>
         <load_address>0xf028</load_address>
         <run_address>0xf028</run_address>
         <size>0x1d2</size>
         <input_file_ref idref="fl-4a"/>
      </object_component>
      <object_component id="oc-4b7">
         <name>.text:_pconv_g</name>
         <load_address>0xf1fc</load_address>
         <run_address>0xf1fc</run_address>
         <size>0x1d0</size>
         <input_file_ref idref="fl-11f"/>
      </object_component>
      <object_component id="oc-106">
         <name>.text</name>
         <load_address>0xf3cc</load_address>
         <run_address>0xf3cc</run_address>
         <size>0x1c0</size>
         <input_file_ref idref="fl-b"/>
      </object_component>
      <object_component id="oc-21e">
         <name>.text</name>
         <load_address>0xf58c</load_address>
         <run_address>0xf58c</run_address>
         <size>0x1bc</size>
         <input_file_ref idref="fl-10"/>
      </object_component>
      <object_component id="oc-672">
         <name>.text</name>
         <load_address>0xf748</load_address>
         <run_address>0xf748</run_address>
         <size>0x1b6</size>
         <input_file_ref idref="fl-125"/>
      </object_component>
      <object_component id="oc-798">
         <name>.text:ProcessUSBDeviceStateMachine</name>
         <load_address>0xf900</load_address>
         <run_address>0xf900</run_address>
         <size>0x190</size>
         <input_file_ref idref="fl-152"/>
      </object_component>
      <object_component id="oc-1fd">
         <name>.text</name>
         <load_address>0xfa90</load_address>
         <run_address>0xfa90</run_address>
         <size>0x190</size>
         <input_file_ref idref="fl-f"/>
      </object_component>
      <object_component id="oc-1d9">
         <name>.text</name>
         <load_address>0xfc20</load_address>
         <run_address>0xfc20</run_address>
         <size>0x188</size>
         <input_file_ref idref="fl-6"/>
      </object_component>
      <object_component id="oc-218">
         <name>.text</name>
         <load_address>0xfda8</load_address>
         <run_address>0xfda8</run_address>
         <size>0x17c</size>
         <input_file_ref idref="fl-a"/>
      </object_component>
      <object_component id="oc-77e">
         <name>.text:USBHCDInitInternal</name>
         <load_address>0xff24</load_address>
         <run_address>0xff24</run_address>
         <size>0x174</size>
         <input_file_ref idref="fl-152"/>
      </object_component>
      <object_component id="oc-792">
         <name>.text:USBHHubMain</name>
         <load_address>0x10098</load_address>
         <run_address>0x10098</run_address>
         <size>0x174</size>
         <input_file_ref idref="fl-153"/>
      </object_component>
      <object_component id="oc-1e5">
         <name>.text</name>
         <load_address>0x1020c</load_address>
         <run_address>0x1020c</run_address>
         <size>0x144</size>
         <input_file_ref idref="fl-3"/>
      </object_component>
      <object_component id="oc-4c3">
         <name>.text:_pconv_e</name>
         <load_address>0x10350</load_address>
         <run_address>0x10350</run_address>
         <size>0x13c</size>
         <input_file_ref idref="fl-11f"/>
      </object_component>
      <object_component id="oc-658">
         <name>.text</name>
         <load_address>0x1048c</load_address>
         <run_address>0x1048c</run_address>
         <size>0x136</size>
         <input_file_ref idref="fl-127"/>
      </object_component>
      <object_component id="oc-212">
         <name>.text</name>
         <load_address>0x105c4</load_address>
         <run_address>0x105c4</run_address>
         <size>0x130</size>
         <input_file_ref idref="fl-c"/>
      </object_component>
      <object_component id="oc-10c">
         <name>.text</name>
         <load_address>0x106f4</load_address>
         <run_address>0x106f4</run_address>
         <size>0x12a</size>
         <input_file_ref idref="fl-1a"/>
      </object_component>
      <object_component id="oc-684">
         <name>.text:fcvt</name>
         <load_address>0x10820</load_address>
         <run_address>0x10820</run_address>
         <size>0x124</size>
         <input_file_ref idref="fl-11f"/>
      </object_component>
      <object_component id="oc-1eb">
         <name>.text</name>
         <load_address>0x10944</load_address>
         <run_address>0x10944</run_address>
         <size>0x118</size>
         <input_file_ref idref="fl-7"/>
      </object_component>
      <object_component id="oc-55f">
         <name>.text:fputs</name>
         <load_address>0x10a5c</load_address>
         <run_address>0x10a5c</run_address>
         <size>0x114</size>
         <input_file_ref idref="fl-121"/>
      </object_component>
      <object_component id="oc-698">
         <name>.text:scalbn</name>
         <load_address>0x10b70</load_address>
         <run_address>0x10b70</run_address>
         <size>0x110</size>
         <input_file_ref idref="fl-13d"/>
      </object_component>
      <object_component id="oc-1cd">
         <name>.text</name>
         <load_address>0x10c80</load_address>
         <run_address>0x10c80</run_address>
         <size>0x104</size>
         <input_file_ref idref="fl-9"/>
      </object_component>
      <object_component id="oc-a20">
         <name>.text:USBHCDEnumHandler</name>
         <load_address>0x10d84</load_address>
         <run_address>0x10d84</run_address>
         <size>0x100</size>
         <input_file_ref idref="fl-152"/>
      </object_component>
      <object_component id="oc-9da">
         <name>.text:aligned_alloc</name>
         <load_address>0x10e84</load_address>
         <run_address>0x10e84</run_address>
         <size>0x100</size>
         <input_file_ref idref="fl-137"/>
      </object_component>
      <object_component id="oc-653">
         <name>.text</name>
         <load_address>0x10f84</load_address>
         <run_address>0x10f84</run_address>
         <size>0xfc</size>
         <input_file_ref idref="fl-128"/>
      </object_component>
      <object_component id="oc-985">
         <name>.text:USBHCDControlTransfer</name>
         <load_address>0x11080</load_address>
         <run_address>0x11080</run_address>
         <size>0xf0</size>
         <input_file_ref idref="fl-152"/>
      </object_component>
      <object_component id="oc-5d2">
         <name>.text:USBHCDInit</name>
         <load_address>0x11170</load_address>
         <run_address>0x11170</run_address>
         <size>0xf0</size>
         <input_file_ref idref="fl-152"/>
      </object_component>
      <object_component id="oc-1f1">
         <name>.text</name>
         <load_address>0x11260</load_address>
         <run_address>0x11260</run_address>
         <size>0xec</size>
         <input_file_ref idref="fl-5"/>
      </object_component>
      <object_component id="oc-183">
         <name>.text</name>
         <load_address>0x1134c</load_address>
         <run_address>0x1134c</run_address>
         <size>0xec</size>
         <input_file_ref idref="fl-55"/>
      </object_component>
      <object_component id="oc-945">
         <name>.text:free</name>
         <load_address>0x11438</load_address>
         <run_address>0x11438</run_address>
         <size>0xe4</size>
         <input_file_ref idref="fl-137"/>
      </object_component>
      <object_component id="oc-5e8">
         <name>.text:USBHCDMain</name>
         <load_address>0x1151c</load_address>
         <run_address>0x1151c</run_address>
         <size>0xe0</size>
         <input_file_ref idref="fl-152"/>
      </object_component>
      <object_component id="oc-82d">
         <name>.text:setvbuf</name>
         <load_address>0x115fc</load_address>
         <run_address>0x115fc</run_address>
         <size>0xdc</size>
         <input_file_ref idref="fl-123"/>
      </object_component>
      <object_component id="oc-30">
         <name>.text</name>
         <load_address>0x116d8</load_address>
         <run_address>0x116d8</run_address>
         <size>0xda</size>
         <input_file_ref idref="fl-20"/>
      </object_component>
      <object_component id="oc-376">
         <name>.text</name>
         <load_address>0x117b4</load_address>
         <run_address>0x117b4</run_address>
         <size>0xd2</size>
         <input_file_ref idref="fl-13"/>
      </object_component>
      <object_component id="oc-177">
         <name>.text</name>
         <load_address>0x11886</load_address>
         <run_address>0x11886</run_address>
         <size>0xc8</size>
         <input_file_ref idref="fl-56"/>
      </object_component>
      <object_component id="oc-1c1">
         <name>.text</name>
         <load_address>0x11950</load_address>
         <run_address>0x11950</run_address>
         <size>0xc0</size>
         <input_file_ref idref="fl-2d"/>
      </object_component>
      <object_component id="oc-4ac">
         <name>.text:_ltostr</name>
         <load_address>0x11a10</load_address>
         <run_address>0x11a10</run_address>
         <size>0xb1</size>
         <input_file_ref idref="fl-11f"/>
      </object_component>
      <object_component id="oc-8d2">
         <name>.text:USBHCDDeviceDisconnected</name>
         <load_address>0x11ac4</load_address>
         <run_address>0x11ac4</run_address>
         <size>0x9c</size>
         <input_file_ref idref="fl-152"/>
      </object_component>
      <object_component id="oc-5ee">
         <name>.text:USBHCDFeatureSet</name>
         <load_address>0x11b60</load_address>
         <run_address>0x11b60</run_address>
         <size>0x9c</size>
         <input_file_ref idref="fl-152"/>
      </object_component>
      <object_component id="oc-4f">
         <name>.text</name>
         <load_address>0x11bfc</load_address>
         <run_address>0x11bfc</run_address>
         <size>0x9c</size>
         <input_file_ref idref="fl-113"/>
      </object_component>
      <object_component id="oc-64c">
         <name>.text</name>
         <load_address>0x11c98</load_address>
         <run_address>0x11c98</run_address>
         <size>0x96</size>
         <input_file_ref idref="fl-12b"/>
      </object_component>
      <object_component id="oc-8ea">
         <name>.text:USBHCDOpenDriver</name>
         <load_address>0x11d30</load_address>
         <run_address>0x11d30</run_address>
         <size>0x90</size>
         <input_file_ref idref="fl-152"/>
      </object_component>
      <object_component id="oc-4b2">
         <name>.text:__aeabi_cdcmple</name>
         <load_address>0x11dc0</load_address>
         <run_address>0x11dc0</run_address>
         <size>0x86</size>
         <input_file_ref idref="fl-126"/>
      </object_component>
      <object_component id="oc-65d">
         <name>.text:__aeabi_cdrcmple</name>
         <load_address>0x11e46</load_address>
         <run_address>0x11e46</run_address>
         <size>0x86</size>
         <input_file_ref idref="fl-126"/>
      </object_component>
      <object_component id="oc-565">
         <name>.text:fflush</name>
         <load_address>0x11ecc</load_address>
         <run_address>0x11ecc</run_address>
         <size>0x7c</size>
         <input_file_ref idref="fl-120"/>
      </object_component>
      <object_component id="oc-d1">
         <name>.text</name>
         <load_address>0x11f48</load_address>
         <run_address>0x11f48</run_address>
         <size>0x7a</size>
         <input_file_ref idref="fl-114"/>
      </object_component>
      <object_component id="oc-8d8">
         <name>.text:USBHCDGetConfigDescriptor</name>
         <load_address>0x11fc2</load_address>
         <run_address>0x11fc2</run_address>
         <size>0x74</size>
         <input_file_ref idref="fl-152"/>
      </object_component>
      <object_component id="oc-9e1">
         <name>.text:__TI_closefile</name>
         <load_address>0x12038</load_address>
         <run_address>0x12038</run_address>
         <size>0x74</size>
         <input_file_ref idref="fl-14c"/>
      </object_component>
      <object_component id="oc-a42">
         <name>.text:split</name>
         <load_address>0x120ac</load_address>
         <run_address>0x120ac</run_address>
         <size>0x70</size>
         <input_file_ref idref="fl-137"/>
      </object_component>
      <object_component id="oc-67d">
         <name>.text:_mcpy</name>
         <load_address>0x1211c</load_address>
         <run_address>0x1211c</run_address>
         <size>0x6e</size>
         <input_file_ref idref="fl-11f"/>
      </object_component>
      <object_component id="oc-a0e">
         <name>.text:HOSTrename</name>
         <load_address>0x1218c</load_address>
         <run_address>0x1218c</run_address>
         <size>0x6c</size>
         <input_file_ref idref="fl-146"/>
      </object_component>
      <object_component id="oc-a02">
         <name>.text:HOSTlseek</name>
         <load_address>0x121f8</load_address>
         <run_address>0x121f8</run_address>
         <size>0x68</size>
         <input_file_ref idref="fl-143"/>
      </object_component>
      <object_component id="oc-15">
         <name>.text:decompress:lzss:__TI_decompress_lzss</name>
         <load_address>0x12260</load_address>
         <run_address>0x12260</run_address>
         <size>0x68</size>
         <input_file_ref idref="fl-118"/>
      </object_component>
      <object_component id="oc-78c">
         <name>.text:USBHostCheckPipes</name>
         <load_address>0x122c8</load_address>
         <run_address>0x122c8</run_address>
         <size>0x64</size>
         <input_file_ref idref="fl-152"/>
      </object_component>
      <object_component id="oc-692">
         <name>.text:frexp</name>
         <load_address>0x1232c</load_address>
         <run_address>0x1232c</run_address>
         <size>0x64</size>
         <input_file_ref idref="fl-13c"/>
      </object_component>
      <object_component id="oc-827">
         <name>.text:fseek</name>
         <load_address>0x12390</load_address>
         <run_address>0x12390</run_address>
         <size>0x64</size>
         <input_file_ref idref="fl-141"/>
      </object_component>
      <object_component id="oc-6f8">
         <name>.text:__TI_wrt_ok</name>
         <load_address>0x123f4</load_address>
         <run_address>0x123f4</run_address>
         <size>0x62</size>
         <input_file_ref idref="fl-122"/>
      </object_component>
      <object_component id="oc-9ea">
         <name>.text:HOSTopen</name>
         <load_address>0x12458</load_address>
         <run_address>0x12458</run_address>
         <size>0x60</size>
         <input_file_ref idref="fl-144"/>
      </object_component>
      <object_component id="oc-9ac">
         <name>.text:ConfigDescAlloc</name>
         <load_address>0x124b8</load_address>
         <run_address>0x124b8</run_address>
         <size>0x5c</size>
         <input_file_ref idref="fl-152"/>
      </object_component>
      <object_component id="oc-8fc">
         <name>.text:USBHCDGetDeviceDescriptor</name>
         <load_address>0x12514</load_address>
         <run_address>0x12514</run_address>
         <size>0x5c</size>
         <input_file_ref idref="fl-152"/>
      </object_component>
      <object_component id="oc-a49">
         <name>.text:close</name>
         <load_address>0x12570</load_address>
         <run_address>0x12570</run_address>
         <size>0x5c</size>
         <input_file_ref idref="fl-150"/>
      </object_component>
      <object_component id="oc-9f6">
         <name>.text:HOSTread</name>
         <load_address>0x125cc</load_address>
         <run_address>0x125cc</run_address>
         <size>0x58</size>
         <input_file_ref idref="fl-145"/>
      </object_component>
      <object_component id="oc-9fc">
         <name>.text:HOSTwrite</name>
         <load_address>0x12624</load_address>
         <run_address>0x12624</run_address>
         <size>0x58</size>
         <input_file_ref idref="fl-148"/>
      </object_component>
      <object_component id="oc-a74">
         <name>.text:USBHCDEP0StateTx</name>
         <load_address>0x1267c</load_address>
         <run_address>0x1267c</run_address>
         <size>0x58</size>
         <input_file_ref idref="fl-152"/>
      </object_component>
      <object_component id="oc-89c">
         <name>.text:USBHCDHubDeviceConnected</name>
         <load_address>0x126d4</load_address>
         <run_address>0x126d4</run_address>
         <size>0x58</size>
         <input_file_ref idref="fl-152"/>
      </object_component>
      <object_component id="oc-4bd">
         <name>.text:_pconv_f</name>
         <load_address>0x1272c</load_address>
         <run_address>0x1272c</run_address>
         <size>0x56</size>
         <input_file_ref idref="fl-11f"/>
      </object_component>
      <object_component id="oc-667">
         <name>.text:__TI_ltoa</name>
         <load_address>0x12782</load_address>
         <run_address>0x12782</run_address>
         <size>0x54</size>
         <input_file_ref idref="fl-131"/>
      </object_component>
      <object_component id="oc-677">
         <name>.text:_ecpy</name>
         <load_address>0x127d6</load_address>
         <run_address>0x127d6</run_address>
         <size>0x52</size>
         <input_file_ref idref="fl-11f"/>
      </object_component>
      <object_component id="oc-8a2">
         <name>.text:HubGetPortStatus</name>
         <load_address>0x12828</load_address>
         <run_address>0x12828</run_address>
         <size>0x50</size>
         <input_file_ref idref="fl-153"/>
      </object_component>
      <object_component id="oc-8ae">
         <name>.text:HubDriverDeviceDisconnect</name>
         <load_address>0x12878</load_address>
         <run_address>0x12878</run_address>
         <size>0x4c</size>
         <input_file_ref idref="fl-153"/>
      </object_component>
      <object_component id="oc-5d8">
         <name>.text:USBHCDPowerConfigSet</name>
         <load_address>0x128c4</load_address>
         <run_address>0x128c4</run_address>
         <size>0x4c</size>
         <input_file_ref idref="fl-152"/>
      </object_component>
      <object_component id="oc-704">
         <name>.text:__TI_doflush</name>
         <load_address>0x12910</load_address>
         <run_address>0x12910</run_address>
         <size>0x4c</size>
         <input_file_ref idref="fl-120"/>
      </object_component>
      <object_component id="oc-4a6">
         <name>.text:atoi</name>
         <load_address>0x1295c</load_address>
         <run_address>0x1295c</run_address>
         <size>0x4c</size>
         <input_file_ref idref="fl-133"/>
      </object_component>
      <object_component id="oc-224">
         <name>.text</name>
         <load_address>0x129a8</load_address>
         <run_address>0x129a8</run_address>
         <size>0x4c</size>
         <input_file_ref idref="fl-12"/>
      </object_component>
      <object_component id="oc-908">
         <name>.text:USBHCDSetAddress</name>
         <load_address>0x129f4</load_address>
         <run_address>0x129f4</run_address>
         <size>0x48</size>
         <input_file_ref idref="fl-152"/>
      </object_component>
      <object_component id="oc-889">
         <name>.text:USBHHubInit</name>
         <load_address>0x12a3c</load_address>
         <run_address>0x12a3c</run_address>
         <size>0x48</size>
         <input_file_ref idref="fl-153"/>
      </object_component>
      <object_component id="oc-231">
         <name>.text:exit</name>
         <load_address>0x12a84</load_address>
         <run_address>0x12a84</run_address>
         <size>0x48</size>
         <input_file_ref idref="fl-12f"/>
      </object_component>
      <object_component id="oc-662">
         <name>.text</name>
         <load_address>0x12acc</load_address>
         <run_address>0x12acc</run_address>
         <size>0x48</size>
         <input_file_ref idref="fl-129"/>
      </object_component>
      <object_component id="oc-9f0">
         <name>.text:HOSTclose</name>
         <load_address>0x12b14</load_address>
         <run_address>0x12b14</run_address>
         <size>0x44</size>
         <input_file_ref idref="fl-142"/>
      </object_component>
      <object_component id="oc-a08">
         <name>.text:HOSTunlink</name>
         <load_address>0x12b58</load_address>
         <run_address>0x12b58</run_address>
         <size>0x44</size>
         <input_file_ref idref="fl-147"/>
      </object_component>
      <object_component id="oc-237">
         <name>.text:__TI_auto_init_nobinit_nopinit:__TI_auto_init_nobinit_nopinit</name>
         <load_address>0x12b9c</load_address>
         <run_address>0x12b9c</run_address>
         <size>0x44</size>
         <input_file_ref idref="fl-12c"/>
      </object_component>
      <object_component id="oc-a86">
         <name>.text:getdevice</name>
         <load_address>0x12be0</load_address>
         <run_address>0x12be0</run_address>
         <size>0x44</size>
         <input_file_ref idref="fl-14d"/>
      </object_component>
      <object_component id="oc-553">
         <name>.text</name>
         <load_address>0x12c24</load_address>
         <run_address>0x12c24</run_address>
         <size>0x40</size>
         <input_file_ref idref="fl-115"/>
      </object_component>
      <object_component id="oc-139">
         <name>.text:sprintf</name>
         <load_address>0x12c64</load_address>
         <run_address>0x12c64</run_address>
         <size>0x40</size>
         <input_file_ref idref="fl-112"/>
      </object_component>
      <object_component id="oc-68a">
         <name>.text:_fcpy</name>
         <load_address>0x12ca4</load_address>
         <run_address>0x12ca4</run_address>
         <size>0x3e</size>
         <input_file_ref idref="fl-11f"/>
      </object_component>
      <object_component id="oc-2e9">
         <name>.text</name>
         <load_address>0x12ce2</load_address>
         <run_address>0x12ce2</run_address>
         <size>0x3e</size>
         <input_file_ref idref="fl-25"/>
      </object_component>
      <object_component id="oc-8ba">
         <name>.text:HubDriverReset</name>
         <load_address>0x12d20</load_address>
         <run_address>0x12d20</run_address>
         <size>0x3c</size>
         <input_file_ref idref="fl-153"/>
      </object_component>
      <object_component id="oc-8f6">
         <name>.text:USBHCDReset</name>
         <load_address>0x12d5c</load_address>
         <run_address>0x12d5c</run_address>
         <size>0x38</size>
         <input_file_ref idref="fl-152"/>
      </object_component>
      <object_component id="oc-a58">
         <name>.text:__TI_writemsg</name>
         <load_address>0x12d94</load_address>
         <run_address>0x12d94</run_address>
         <size>0x38</size>
         <input_file_ref idref="fl-149"/>
      </object_component>
      <object_component id="oc-8a8">
         <name>.text:HubClearPortFeature</name>
         <load_address>0x12dcc</load_address>
         <run_address>0x12dcc</run_address>
         <size>0x36</size>
         <input_file_ref idref="fl-153"/>
      </object_component>
      <object_component id="oc-97c">
         <name>.text:HubSetPortFeature</name>
         <load_address>0x12e02</load_address>
         <run_address>0x12e02</run_address>
         <size>0x36</size>
         <input_file_ref idref="fl-153"/>
      </object_component>
      <object_component id="oc-aa7">
         <name>.text:strncpy</name>
         <load_address>0x12e38</load_address>
         <run_address>0x12e38</run_address>
         <size>0x36</size>
         <input_file_ref idref="fl-14e"/>
      </object_component>
      <object_component id="oc-8e4">
         <name>.text:USBHCDSetConfig</name>
         <load_address>0x12e6e</load_address>
         <run_address>0x12e6e</run_address>
         <size>0x34</size>
         <input_file_ref idref="fl-152"/>
      </object_component>
      <object_component id="oc-951">
         <name>.text:__TI_cleanup</name>
         <load_address>0x12ea4</load_address>
         <run_address>0x12ea4</run_address>
         <size>0x34</size>
         <input_file_ref idref="fl-140"/>
      </object_component>
      <object_component id="oc-a5e">
         <name>.text:__TI_readmsg</name>
         <load_address>0x12ed8</load_address>
         <run_address>0x12ed8</run_address>
         <size>0x34</size>
         <input_file_ref idref="fl-149"/>
      </object_component>
      <object_component id="oc-6d">
         <name>.text:_c_int00_noargs:_c_int00_noargs</name>
         <load_address>0x12f0c</load_address>
         <run_address>0x12f0c</run_address>
         <size>0x34</size>
         <input_file_ref idref="fl-11e"/>
      </object_component>
      <object_component id="oc-aad">
         <name>.text:finddevice</name>
         <load_address>0x12f40</load_address>
         <run_address>0x12f40</run_address>
         <size>0x30</size>
         <input_file_ref idref="fl-14d"/>
      </object_component>
      <object_component id="oc-66d">
         <name>.text</name>
         <load_address>0x12f70</load_address>
         <run_address>0x12f70</run_address>
         <size>0x2e</size>
         <input_file_ref idref="fl-12a"/>
      </object_component>
      <object_component id="oc-9a5">
         <name>.text:ConfigDescFree</name>
         <load_address>0x12fa0</load_address>
         <run_address>0x12fa0</run_address>
         <size>0x2c</size>
         <input_file_ref idref="fl-152"/>
      </object_component>
      <object_component id="oc-5de">
         <name>.text:InternalUSBHCDSendEvent</name>
         <load_address>0x12fcc</load_address>
         <run_address>0x12fcc</run_address>
         <size>0x2c</size>
         <input_file_ref idref="fl-152"/>
      </object_component>
      <object_component id="oc-a4f">
         <name>.text:unlink</name>
         <load_address>0x12ff8</load_address>
         <run_address>0x12ff8</run_address>
         <size>0x2c</size>
         <input_file_ref idref="fl-151"/>
      </object_component>
      <object_component id="oc-121">
         <name>.text</name>
         <load_address>0x13024</load_address>
         <run_address>0x13024</run_address>
         <size>0x2a</size>
         <input_file_ref idref="fl-d"/>
      </object_component>
      <object_component id="oc-9d3">
         <name>.text:free_list_insert</name>
         <load_address>0x13050</load_address>
         <run_address>0x13050</run_address>
         <size>0x28</size>
         <input_file_ref idref="fl-137"/>
      </object_component>
      <object_component id="oc-93d">
         <name>.text:lseek</name>
         <load_address>0x13078</load_address>
         <run_address>0x13078</run_address>
         <size>0x28</size>
         <input_file_ref idref="fl-14b"/>
      </object_component>
      <object_component id="oc-70a">
         <name>.text:write</name>
         <load_address>0x130a0</load_address>
         <run_address>0x130a0</run_address>
         <size>0x28</size>
         <input_file_ref idref="fl-139"/>
      </object_component>
      <object_component id="oc-8b4">
         <name>.text:HubDriverDeviceConnect</name>
         <load_address>0x130c8</load_address>
         <run_address>0x130c8</run_address>
         <size>0x20</size>
         <input_file_ref idref="fl-153"/>
      </object_component>
      <object_component id="oc-896">
         <name>.text:HubDriverDeviceReset</name>
         <load_address>0x130e8</load_address>
         <run_address>0x130e8</run_address>
         <size>0x20</size>
         <input_file_ref idref="fl-153"/>
      </object_component>
      <object_component id="oc-6fe">
         <name>.text:memchr</name>
         <load_address>0x13108</load_address>
         <run_address>0x13108</run_address>
         <size>0x20</size>
         <input_file_ref idref="fl-136"/>
      </object_component>
      <object_component id="oc-370">
         <name>.text:_abort_msg</name>
         <load_address>0x13128</load_address>
         <run_address>0x13128</run_address>
         <size>0x1c</size>
         <input_file_ref idref="fl-119"/>
      </object_component>
      <object_component id="oc-9cd">
         <name>.text:free_list_remove</name>
         <load_address>0x13144</load_address>
         <run_address>0x13144</run_address>
         <size>0x1c</size>
         <input_file_ref idref="fl-137"/>
      </object_component>
      <object_component id="oc-4cf">
         <name>.text:memccpy</name>
         <load_address>0x13160</load_address>
         <run_address>0x13160</run_address>
         <size>0x1c</size>
         <input_file_ref idref="fl-135"/>
      </object_component>
      <object_component id="oc-80a">
         <name>.text:copysign</name>
         <load_address>0x1317c</load_address>
         <run_address>0x1317c</run_address>
         <size>0x1a</size>
         <input_file_ref idref="fl-13f"/>
      </object_component>
      <object_component id="oc-8f0">
         <name>.text:USBHHubEnumerationComplete</name>
         <load_address>0x13198</load_address>
         <run_address>0x13198</run_address>
         <size>0x18</size>
         <input_file_ref idref="fl-153"/>
      </object_component>
      <object_component id="oc-902">
         <name>.text:USBHHubEnumerationError</name>
         <load_address>0x131b0</load_address>
         <run_address>0x131b0</run_address>
         <size>0x18</size>
         <input_file_ref idref="fl-153"/>
      </object_component>
      <object_component id="oc-2c5">
         <name>.text:_outs</name>
         <load_address>0x131c8</load_address>
         <run_address>0x131c8</run_address>
         <size>0x18</size>
         <input_file_ref idref="fl-112"/>
      </object_component>
      <object_component id="oc-383">
         <name>.text:strcmp</name>
         <load_address>0x131e0</load_address>
         <run_address>0x131e0</run_address>
         <size>0x18</size>
         <input_file_ref idref="fl-11b"/>
      </object_component>
      <object_component id="oc-3b">
         <name>.text</name>
         <load_address>0x131f8</load_address>
         <run_address>0x131f8</run_address>
         <size>0x18</size>
         <input_file_ref idref="fl-4b"/>
      </object_component>
      <object_component id="oc-69e">
         <name>.text:strchr</name>
         <load_address>0x13210</load_address>
         <run_address>0x13210</run_address>
         <size>0x16</size>
         <input_file_ref idref="fl-138"/>
      </object_component>
      <object_component id="oc-5cc">
         <name>.text:USBHCDPowerAutomatic</name>
         <load_address>0x13228</load_address>
         <run_address>0x13228</run_address>
         <size>0x14</size>
         <input_file_ref idref="fl-152"/>
      </object_component>
      <object_component id="oc-8c0">
         <name>.text:USBHubPortSpeedSet</name>
         <load_address>0x1323c</load_address>
         <run_address>0x1323c</run_address>
         <size>0x14</size>
         <input_file_ref idref="fl-153"/>
      </object_component>
      <object_component id="oc-12d">
         <name>.text:strcpy</name>
         <load_address>0x13250</load_address>
         <run_address>0x13250</run_address>
         <size>0x14</size>
         <input_file_ref idref="fl-11c"/>
      </object_component>
      <object_component id="oc-133">
         <name>.text:strlen</name>
         <load_address>0x13264</load_address>
         <run_address>0x13264</run_address>
         <size>0x14</size>
         <input_file_ref idref="fl-11d"/>
      </object_component>
      <object_component id="oc-8de">
         <name>.text:SendUnknownConnect</name>
         <load_address>0x13278</load_address>
         <run_address>0x13278</run_address>
         <size>0x12</size>
         <input_file_ref idref="fl-152"/>
      </object_component>
      <object_component id="oc-4d5">
         <name>.text:wcslen</name>
         <load_address>0x1328a</load_address>
         <run_address>0x1328a</run_address>
         <size>0x12</size>
         <input_file_ref idref="fl-13e"/>
      </object_component>
      <object_component id="oc-1b">
         <name>.text:decompress:none:__TI_decompress_none</name>
         <load_address>0x1329c</load_address>
         <run_address>0x1329c</run_address>
         <size>0xe</size>
         <input_file_ref idref="fl-117"/>
      </object_component>
      <object_component id="oc-992">
         <name>.text:USBHCDHubDeviceDisconnected</name>
         <load_address>0x132ac</load_address>
         <run_address>0x132ac</run_address>
         <size>0xc</size>
         <input_file_ref idref="fl-152"/>
      </object_component>
      <object_component id="oc-5c6">
         <name>.text:USBHCDPowerConfigGet</name>
         <load_address>0x132b8</load_address>
         <run_address>0x132b8</run_address>
         <size>0xc</size>
         <input_file_ref idref="fl-152"/>
      </object_component>
      <object_component id="oc-61">
         <name>.text:decompress:ZI:__TI_zero_init</name>
         <load_address>0x132c4</load_address>
         <run_address>0x132c4</run_address>
         <size>0xc</size>
         <input_file_ref idref="fl-116"/>
      </object_component>
      <object_component id="oc-2a">
         <name>.text</name>
         <load_address>0x132d0</load_address>
         <run_address>0x132d0</run_address>
         <size>0xc</size>
         <input_file_ref idref="fl-14"/>
      </object_component>
      <object_component id="oc-2cb">
         <name>.text:_outc</name>
         <load_address>0x132dc</load_address>
         <run_address>0x132dc</run_address>
         <size>0xa</size>
         <input_file_ref idref="fl-112"/>
      </object_component>
      <object_component id="oc-4db">
         <name>.text:__aeabi_errno_addr</name>
         <load_address>0x132e8</load_address>
         <run_address>0x132e8</run_address>
         <size>0x8</size>
         <input_file_ref idref="fl-13b"/>
      </object_component>
      <object_component id="oc-94b">
         <name>.text:malloc</name>
         <load_address>0x132f0</load_address>
         <run_address>0x132f0</run_address>
         <size>0x8</size>
         <input_file_ref idref="fl-137"/>
      </object_component>
      <object_component id="oc-314">
         <name>.text:SysCtlDelay</name>
         <load_address>0x132f8</load_address>
         <run_address>0x132f8</run_address>
         <size>0x6</size>
         <input_file_ref idref="fl-39"/>
      </object_component>
      <object_component id="oc-d7">
         <name>.text:_system_pre_init</name>
         <load_address>0x132fe</load_address>
         <run_address>0x132fe</run_address>
         <size>0x4</size>
         <input_file_ref idref="fl-12d"/>
      </object_component>
      <object_component id="oc-22b">
         <name>.text:abort:abort</name>
         <load_address>0x13302</load_address>
         <run_address>0x13302</run_address>
         <size>0x4</size>
         <input_file_ref idref="fl-12f"/>
      </object_component>
      <object_component id="oc-30e">
         <name>.const:g_pppui32XTALtoVCO</name>
         <load_address>0x13308</load_address>
         <run_address>0x13308</run_address>
         <size>0x120</size>
         <input_file_ref idref="fl-39"/>
      </object_component>
      <object_component id="oc-647">
         <name>.const:.string:_ctypes_</name>
         <load_address>0x13428</load_address>
         <run_address>0x13428</run_address>
         <size>0x101</size>
         <input_file_ref idref="fl-134"/>
      </object_component>
      <object_component id="oc-53f">
         <name>.const:g_ppui32GPIOIntMapBlizzard</name>
         <load_address>0x1352c</load_address>
         <run_address>0x1352c</run_address>
         <size>0xc0</size>
         <input_file_ref idref="fl-2e"/>
      </object_component>
      <object_component id="oc-542">
         <name>.const:g_ppui32GPIOIntMapSnowflake</name>
         <load_address>0x135ec</load_address>
         <run_address>0x135ec</run_address>
         <size>0xc0</size>
         <input_file_ref idref="fl-2e"/>
      </object_component>
      <object_component id="oc-2f5">
         <name>.const:g_pui32Regs</name>
         <load_address>0x136ac</load_address>
         <run_address>0x136ac</run_address>
         <size>0x9c</size>
         <input_file_ref idref="fl-31"/>
      </object_component>
      <object_component id="oc-545">
         <name>.const:g_pui32GPIOBaseAddrs</name>
         <load_address>0x13748</load_address>
         <run_address>0x13748</run_address>
         <size>0x90</size>
         <input_file_ref idref="fl-2e"/>
      </object_component>
      <object_component id="oc-30b">
         <name>.const:g_pui32Xtals</name>
         <load_address>0x137d8</load_address>
         <run_address>0x137d8</run_address>
         <size>0x6c</size>
         <input_file_ref idref="fl-39"/>
      </object_component>
      <object_component id="oc-59f">
         <name>.const:g_ppui32I2CIntMapSnowflake</name>
         <load_address>0x13844</load_address>
         <run_address>0x13844</run_address>
         <size>0x50</size>
         <input_file_ref idref="fl-30"/>
      </object_component>
      <object_component id="oc-537">
         <name>.const:g_ppui32UARTIntMap</name>
         <load_address>0x13894</load_address>
         <run_address>0x13894</run_address>
         <size>0x40</size>
         <input_file_ref idref="fl-3d"/>
      </object_component>
      <object_component id="oc-53a">
         <name>.const:g_ppui32UARTIntMapSnowflake</name>
         <load_address>0x138d4</load_address>
         <run_address>0x138d4</run_address>
         <size>0x40</size>
         <input_file_ref idref="fl-3d"/>
      </object_component>
      <object_component id="oc-7b1">
         <name>.const:.string:g_pui8GameReportDescriptor</name>
         <load_address>0x13914</load_address>
         <run_address>0x13914</run_address>
         <size>0x3a</size>
         <input_file_ref idref="fl-4d"/>
      </object_component>
      <object_component id="oc-845">
         <name>.const:.string</name>
         <load_address>0x13950</load_address>
         <run_address>0x13950</run_address>
         <size>0x34</size>
         <input_file_ref idref="fl-6"/>
      </object_component>
      <object_component id="oc-7d6">
         <name>.const:.string:g_pui8ConfigString</name>
         <load_address>0x13984</load_address>
         <run_address>0x13984</run_address>
         <size>0x34</size>
         <input_file_ref idref="fl-15"/>
      </object_component>
      <object_component id="oc-199">
         <name>.const:g_psUSBDStdRequests</name>
         <load_address>0x139b8</load_address>
         <run_address>0x139b8</run_address>
         <size>0x34</size>
         <input_file_ref idref="fl-49"/>
      </object_component>
      <object_component id="oc-850">
         <name>.const:.string</name>
         <load_address>0x139ec</load_address>
         <run_address>0x139ec</run_address>
         <size>0x30</size>
         <input_file_ref idref="fl-2"/>
      </object_component>
      <object_component id="oc-59c">
         <name>.const:g_ppui32I2CIntMap</name>
         <load_address>0x13a1c</load_address>
[...]
      </symbol>
      <symbol id="sm-183d">
         <name>__aeabi_memcpy</name>
         <value>0x11bfd</value>
         <object_component_ref idref="oc-4f"/>
      </symbol>
      <symbol id="sm-183e">
         <name>__aeabi_memcpy8</name>
         <value>0x11bfd</value>
         <object_component_ref idref="oc-4f"/>
      </symbol>
      <symbol id="sm-183f">
         <name>__aeabi_memcpy4</name>
         <value>0x11bfd</value>
         <object_component_ref idref="oc-4f"/>
      </symbol>
      <symbol id="sm-184e">
         <name>__aeabi_memset</name>
         <value>0x11f4b</value>
         <object_component_ref idref="oc-d1"/>
      </symbol>
      <symbol id="sm-184f">
         <name>memset</name>
         <value>0x11f51</value>
         <object_component_ref idref="oc-d1"/>
      </symbol>
      <symbol id="sm-1850">
         <name>__aeabi_memset8</name>
         <value>0x11f4b</value>
         <object_component_ref idref="oc-d1"/>
      </symbol>
      <symbol id="sm-1851">
         <name>__aeabi_memset4</name>
         <value>0x11f4b</value>
         <object_component_ref idref="oc-d1"/>
      </symbol>
      <symbol id="sm-1852">
         <name>__aeabi_memclr8</name>
         <value>0x11f49</value>
         <object_component_ref idref="oc-d1"/>
      </symbol>
      <symbol id="sm-1853">
         <name>__aeabi_memclr4</name>
         <value>0x11f49</value>
         <object_component_ref idref="oc-d1"/>
      </symbol>
      <symbol id="sm-1854">
         <name>__aeabi_memclr</name>
         <value>0x11f49</value>
         <object_component_ref idref="oc-d1"/>
      </symbol>
      <symbol id="sm-1863">
         <name>__aeabi_uidivmod</name>
         <value>0x12c25</value>
         <object_component_ref idref="oc-553"/>
      </symbol>
      <symbol id="sm-1864">
         <name>__aeabi_uidiv</name>
         <value>0x12c25</value>
         <object_component_ref idref="oc-553"/>
      </symbol>
      <symbol id="sm-1876">
         <name>__TI_zero_init</name>
         <value>0x132c5</value>
         <object_component_ref idref="oc-61"/>
      </symbol>
      <symbol id="sm-188d">
         <name>__TI_decompress_none</name>
         <value>0x1329d</value>
         <object_component_ref idref="oc-1b"/>
      </symbol>
      <symbol id="sm-18b0">
         <name>__TI_decompress_lzss</name>
         <value>0x12261</value>
         <object_component_ref idref="oc-15"/>
      </symbol>
      <symbol id="sm-18c4">
         <name>_abort_msg</name>
         <value>0x13129</value>
         <object_component_ref idref="oc-370"/>
      </symbol>
      <symbol id="sm-18d9">
         <name>__TI_tmpnams</name>
         <value>0x200071e8</value>
      </symbol>
      <symbol id="sm-18da">
         <name>__aeabi_stdout</name>
         <value>0x20007b5c</value>
         <object_component_ref idref="oc-712"/>
      </symbol>
      <symbol id="sm-18db">
         <name>__aeabi_stderr</name>
         <value>0x20007b60</value>
         <object_component_ref idref="oc-712"/>
      </symbol>
      <symbol id="sm-18dc">
         <name>__aeabi_stdin</name>
         <value>0x20007b58</value>
         <object_component_ref idref="oc-712"/>
      </symbol>
      <symbol id="sm-18dd">
         <name>_ftable</name>
         <value>0x20007654</value>
         <object_component_ref idref="oc-56b"/>
      </symbol>
      <symbol id="sm-18de">
         <name>__TI_ft_end</name>
         <value>0x20007b54</value>
         <object_component_ref idref="oc-712"/>
      </symbol>
      <symbol id="sm-18ed">
         <name>strcmp</name>
         <value>0x131e1</value>
         <object_component_ref idref="oc-383"/>
      </symbol>
      <symbol id="sm-18fb">
         <name>strcpy</name>
         <value>0x13251</value>
         <object_component_ref idref="oc-12d"/>
      </symbol>
      <symbol id="sm-1909">
         <name>strlen</name>
         <value>0x13265</value>
         <object_component_ref idref="oc-133"/>
      </symbol>
      <symbol id="sm-191c">
         <name>__stack</name>
         <value>0x20007c20</value>
         <object_component_ref idref="oc-24"/>
      </symbol>
      <symbol id="sm-191d">
         <name>_c_int00_noargs</name>
         <value>0x12f0d</value>
         <object_component_ref idref="oc-6d"/>
      </symbol>
      <symbol id="sm-1a82">
         <name>__TI_printfi</name>
         <value>0x8e39</value>
         <object_component_ref idref="oc-2bf"/>
      </symbol>
      <symbol id="sm-1aa3">
         <name>__TI_doflush</name>
         <value>0x12911</value>
         <object_component_ref idref="oc-704"/>
      </symbol>
      <symbol id="sm-1aa4">
         <name>fflush</name>
         <value>0x11ecd</value>
         <object_component_ref idref="oc-565"/>
      </symbol>
      <symbol id="sm-1ac2">
         <name>fputs</name>
         <value>0x10a5d</value>
         <object_component_ref idref="oc-55f"/>
      </symbol>
      <symbol id="sm-1ada">
         <name>__TI_wrt_ok</name>
         <value>0x123f5</value>
         <object_component_ref idref="oc-6f8"/>
      </symbol>
      <symbol id="sm-1af6">
         <name>setvbuf</name>
         <value>0x115fd</value>
         <object_component_ref idref="oc-82d"/>
      </symbol>
      <symbol id="sm-1b00">
         <name>__aeabi_idiv0</name>
         <value>0x9887</value>
         <object_component_ref idref="oc-6ed"/>
      </symbol>
      <symbol id="sm-1b01">
         <name>__aeabi_ldiv0</name>
         <value>0x9887</value>
         <object_component_ref idref="oc-6ed"/>
      </symbol>
      <symbol id="sm-1b18">
         <name>__aeabi_dsub</name>
         <value>0xf749</value>
         <object_component_ref idref="oc-672"/>
      </symbol>
      <symbol id="sm-1b19">
         <name>__aeabi_dadd</name>
         <value>0xf753</value>
         <object_component_ref idref="oc-672"/>
      </symbol>
      <symbol id="sm-1b3b">
         <name>__aeabi_cdcmpeq</name>
         <value>0x11dc1</value>
         <object_component_ref idref="oc-4b2"/>
      </symbol>
      <symbol id="sm-1b3c">
         <name>__aeabi_cdcmple</name>
         <value>0x11dc1</value>
         <object_component_ref idref="oc-4b2"/>
      </symbol>
      <symbol id="sm-1b3d">
         <name>__aeabi_cdrcmple</name>
         <value>0x11e47</value>
         <object_component_ref idref="oc-65d"/>
      </symbol>
      <symbol id="sm-1b51">
         <name>__aeabi_ddiv</name>
         <value>0x1048d</value>
         <object_component_ref idref="oc-658"/>
      </symbol>
      <symbol id="sm-1b5c">
         <name>__aeabi_dmul</name>
         <value>0x10f85</value>
         <object_component_ref idref="oc-653"/>
      </symbol>
      <symbol id="sm-1b66">
         <name>__aeabi_d2iz</name>
         <value>0x12acd</value>
         <object_component_ref idref="oc-662"/>
      </symbol>
      <symbol id="sm-1b70">
         <name>__aeabi_i2d</name>
         <value>0x12f71</value>
         <object_component_ref idref="oc-66d"/>
      </symbol>
      <symbol id="sm-1b7d">
         <name>__aeabi_uldivmod</name>
         <value>0x11c99</value>
         <object_component_ref idref="oc-64c"/>
      </symbol>
      <symbol id="sm-1ba5">
         <name>__TI_auto_init_nobinit_nopinit</name>
         <value>0x12b9d</value>
         <object_component_ref idref="oc-237"/>
      </symbol>
      <symbol id="sm-1baf">
         <name>_system_pre_init</name>
         <value>0x132ff</value>
         <object_component_ref idref="oc-d7"/>
      </symbol>
      <symbol id="sm-1bd6">
         <name>C$$EXIT</name>
         <value>0x13303</value>
         <object_component_ref idref="oc-22b"/>
      </symbol>
      <symbol id="sm-1bd7">
         <name>abort</name>
         <value>0x13303</value>
         <object_component_ref idref="oc-22b"/>
      </symbol>
      <symbol id="sm-1bd8">
         <name>__TI_dtors_ptr</name>
         <value>0x20007b68</value>
         <object_component_ref idref="oc-40d"/>
      </symbol>
      <symbol id="sm-1bd9">
         <name>__TI_cleanup_ptr</name>
         <value>0x20007b64</value>
         <object_component_ref idref="oc-40d"/>
      </symbol>
      <symbol id="sm-1bda">
         <name>__TI_enable_exit_profile_output</name>
         <value>0x20007b6c</value>
         <object_component_ref idref="oc-40d"/>
      </symbol>
      <symbol id="sm-1bdb">
         <name>exit</name>
         <value>0x12a85</value>
         <object_component_ref idref="oc-231"/>
      </symbol>
      <symbol id="sm-1bf0">
         <name>_nop</name>
         <value>0x3603</value>
         <object_component_ref idref="oc-622"/>
      </symbol>
      <symbol id="sm-1bf1">
         <name>_lock</name>
         <value>0x20007bb0</value>
         <object_component_ref idref="oc-410"/>
      </symbol>
      <symbol id="sm-1bf2">
         <name>_unlock</name>
         <value>0x20007bb4</value>
         <object_component_ref idref="oc-410"/>
      </symbol>
      <symbol id="sm-1c01">
         <name>__TI_ltoa</name>
         <value>0x12783</value>
         <object_component_ref idref="oc-667"/>
      </symbol>
      <symbol id="sm-1c18">
         <name>atoi</name>
         <value>0x1295d</value>
         <object_component_ref idref="oc-4a6"/>
      </symbol>
      <symbol id="sm-1c23">
         <name>_ctypes_</name>
         <value>0x13428</value>
         <object_component_ref idref="oc-647"/>
      </symbol>
      <symbol id="sm-1c33">
         <name>memccpy</name>
         <value>0x13161</value>
         <object_component_ref idref="oc-4cf"/>
      </symbol>
      <symbol id="sm-1c43">
         <name>memchr</name>
         <value>0x13109</value>
         <object_component_ref idref="oc-6fe"/>
      </symbol>
      <symbol id="sm-1ccc">
         <name>_sys_memory</name>
         <value>0x20007e20</value>
         <object_component_ref idref="oc-27"/>
      </symbol>
      <symbol id="sm-1ccd">
         <name>free</name>
         <value>0x11439</value>
         <object_component_ref idref="oc-945"/>
      </symbol>
      <symbol id="sm-1cce">
         <name>memalign</name>
         <value>0x10e85</value>
         <object_component_ref idref="oc-9da"/>
      </symbol>
      <symbol id="sm-1ccf">
         <name>malloc</name>
         <value>0x132f1</value>
         <object_component_ref idref="oc-94b"/>
      </symbol>
      <symbol id="sm-1cd0">
         <name>aligned_alloc</name>
         <value>0x10e85</value>
         <object_component_ref idref="oc-9da"/>
      </symbol>
      <symbol id="sm-1ce0">
         <name>strchr</name>
         <value>0x13211</value>
         <object_component_ref idref="oc-69e"/>
      </symbol>
      <symbol id="sm-1cfa">
         <name>write</name>
         <value>0x130a1</value>
         <object_component_ref idref="oc-70a"/>
      </symbol>
      <symbol id="sm-1d0b">
         <name>_stream</name>
         <value>0x200078e0</value>
         <object_component_ref idref="oc-838"/>
      </symbol>
      <symbol id="sm-1d0c">
         <name>_device</name>
         <value>0x20007868</value>
         <object_component_ref idref="oc-962"/>
      </symbol>
      <symbol id="sm-1d22">
         <name>__aeabi_errno_addr</name>
         <value>0x132e9</value>
         <object_component_ref idref="oc-4db"/>
      </symbol>
      <symbol id="sm-1d23">
         <name>errno</name>
         <value>0x20007c18</value>
         <object_component_ref idref="oc-6ae"/>
      </symbol>
      <symbol id="sm-1d43">
         <name>frexpl</name>
         <value>0x1232d</value>
         <object_component_ref idref="oc-692"/>
      </symbol>
      <symbol id="sm-1d44">
         <name>frexp</name>
         <value>0x1232d</value>
         <object_component_ref idref="oc-692"/>
      </symbol>
      <symbol id="sm-1d61">
         <name>scalbn</name>
         <value>0x10b71</value>
         <object_component_ref idref="oc-698"/>
      </symbol>
      <symbol id="sm-1d62">
         <name>scalbnl</name>
         <value>0x10b71</value>
         <object_component_ref idref="oc-698"/>
      </symbol>
      <symbol id="sm-1d63">
         <name>ldexpl</name>
         <value>0x10b71</value>
         <object_component_ref idref="oc-698"/>
      </symbol>
      <symbol id="sm-1d64">
         <name>ldexp</name>
         <value>0x10b71</value>
         <object_component_ref idref="oc-698"/>
      </symbol>
      <symbol id="sm-1d7d">
         <name>wcslen</name>
         <value>0x1328b</value>
         <object_component_ref idref="oc-4d5"/>
      </symbol>
      <symbol id="sm-1d87">
         <name>copysign</name>
         <value>0x1317d</value>
         <object_component_ref idref="oc-80a"/>
      </symbol>
      <symbol id="sm-1d88">
         <name>copysignl</name>
         <value>0x1317d</value>
         <object_component_ref idref="oc-80a"/>
      </symbol>
      <symbol id="sm-1d98">
         <name>__TI_cleanup</name>
         <value>0x12ea5</value>
         <object_component_ref idref="oc-951"/>
      </symbol>
      <symbol id="sm-1daa">
         <name>fseek</name>
         <value>0x12391</value>
         <object_component_ref idref="oc-827"/>
      </symbol>
      <symbol id="sm-1dbb">
         <name>HOSTclose</name>
         <value>0x12b15</value>
         <object_component_ref idref="oc-9f0"/>
      </symbol>
      <symbol id="sm-1dcc">
         <name>HOSTlseek</name>
         <value>0x121f9</value>
         <object_component_ref idref="oc-a02"/>
      </symbol>
      <symbol id="sm-1dde">
         <name>parmbuf</name>
         <value>0x20007604</value>
      </symbol>
      <symbol id="sm-1ddf">
         <name>HOSTopen</name>
         <value>0x12459</value>
         <object_component_ref idref="oc-9ea"/>
      </symbol>
      <symbol id="sm-1df0">
         <name>HOSTread</name>
         <value>0x125cd</value>
         <object_component_ref idref="oc-9f6"/>
      </symbol>
      <symbol id="sm-1e01">
         <name>HOSTrename</name>
         <value>0x1218d</value>
         <object_component_ref idref="oc-a0e"/>
      </symbol>
      <symbol id="sm-1e12">
         <name>HOSTunlink</name>
         <value>0x12b59</value>
         <object_component_ref idref="oc-a08"/>
      </symbol>
      <symbol id="sm-1e23">
         <name>HOSTwrite</name>
         <value>0x12625</value>
         <object_component_ref idref="oc-9fc"/>
      </symbol>
      <symbol id="sm-1e47">
         <name>__TI_readmsg</name>
         <value>0x12ed9</value>
         <object_component_ref idref="oc-a5e"/>
      </symbol>
      <symbol id="sm-1e48">
         <name>C$$IO$$</name>
         <value>0x12dc3</value>
         <object_component_ref idref="oc-a58"/>
      </symbol>
      <symbol id="sm-1e49">
         <name>__CIOBUF_</name>
         <value>0x20006ec8</value>
         <object_component_ref idref="oc-a90"/>
      </symbol>
      <symbol id="sm-1e4a">
         <name>__TI_writemsg</name>
         <value>0x12d95</value>
         <object_component_ref idref="oc-a58"/>
      </symbol>
      <symbol id="sm-1e5b">
         <name>lseek</name>
         <value>0x13079</value>
         <object_component_ref idref="oc-93d"/>
      </symbol>
      <symbol id="sm-1e70">
         <name>__TI_closefile</name>
         <value>0x12039</value>
         <object_component_ref idref="oc-9e1"/>
      </symbol>
      <symbol id="sm-1e93">
         <name>finddevice</name>
         <value>0x12f41</value>
         <object_component_ref idref="oc-aad"/>
      </symbol>
      <symbol id="sm-1e94">
         <name>getdevice</name>
         <value>0x12be1</value>
         <object_component_ref idref="oc-a86"/>
      </symbol>
      <symbol id="sm-1ea4">
         <name>strncpy</name>
         <value>0x12e39</value>
         <object_component_ref idref="oc-aa7"/>
      </symbol>
      <symbol id="sm-1eb9">
         <name>close</name>
         <value>0x12571</value>
         <object_component_ref idref="oc-a49"/>
      </symbol>
      <symbol id="sm-1ec9">
         <name>unlink</name>
         <value>0x12ff9</value>
         <object_component_ref idref="oc-a4f"/>
      </symbol>
      <symbol id="sm-20f0">
         <name>USBHCDSetAddress</name>
         <value>0x129f5</value>
         <object_component_ref idref="oc-908"/>
      </symbol>
      <symbol id="sm-20f1">
         <name>USBHCDHubDeviceDisconnected</name>
         <value>0x132ad</value>
         <object_component_ref idref="oc-992"/>
      </symbol>
      <symbol id="sm-20f2">
         <name>USBHCDFeatureSet</name>
         <value>0x11b61</value>
         <object_component_ref idref="oc-5ee"/>
      </symbol>
      <symbol id="sm-20f3">
         <name>USBHCDHubDeviceConnected</name>
         <value>0x126d5</value>
         <object_component_ref idref="oc-89c"/>
      </symbol>
      <symbol id="sm-20f4">
         <name>USBHCDPowerConfigSet</name>
         <value>0x128c5</value>
         <object_component_ref idref="oc-5d8"/>
      </symbol>
      <symbol id="sm-20f5">
         <name>USBHCDReset</name>
         <value>0x12d5d</value>
         <object_component_ref idref="oc-8f6"/>
      </symbol>
      <symbol id="sm-20f6">
         <name>USBHostIntHandlerInternal</name>
         <value>0xcfbd</value>
         <object_component_ref idref="oc-5c0"/>
      </symbol>
      <symbol id="sm-20f7">
         <name>USBHCDInit</name>
         <value>0x11171</value>
         <object_component_ref idref="oc-5d2"/>
      </symbol>
      <symbol id="sm-20f8">
         <name>USBHCDMain</name>
         <value>0x1151d</value>
         <object_component_ref idref="oc-5e8"/>
      </symbol>
      <symbol id="sm-20f9">
         <name>USBHCDPowerAutomatic</name>
         <value>0x13229</value>
         <object_component_ref idref="oc-5cc"/>
      </symbol>
      <symbol id="sm-20fa">
         <name>ConfigDescFree</name>
         <value>0x12fa1</value>
         <object_component_ref idref="oc-9a5"/>
      </symbol>
      <symbol id="sm-20fb">
         <name>USBHCDControlTransfer</name>
         <value>0x11081</value>
         <object_component_ref idref="oc-985"/>
      </symbol>
      <symbol id="sm-20fc">
         <name>USBHostCheckPipes</name>
         <value>0x122c9</value>
         <object_component_ref idref="oc-78c"/>
      </symbol>
      <symbol id="sm-20fd">
         <name>InternalUSBHCDSendEvent</name>
         <value>0x12fcd</value>
         <object_component_ref idref="oc-5de"/>
      </symbol>
      <symbol id="sm-20fe">
         <name>USBHCDPowerConfigGet</name>
         <value>0x132b9</value>
         <object_component_ref idref="oc-5c6"/>
      </symbol>
      <symbol id="sm-20ff">
         <name>USBHCDSetConfig</name>
         <value>0x12e6f</value>
         <object_component_ref idref="oc-8e4"/>
      </symbol>
      <symbol id="sm-2100">
         <name>ConfigDescAlloc</name>
         <value>0x124b9</value>
         <object_component_ref idref="oc-9ac"/>
      </symbol>
      <symbol id="sm-21b8">
         <name>USBHHubInit</name>
         <value>0x12a3d</value>
         <object_component_ref idref="oc-889"/>
      </symbol>
      <symbol id="sm-21b9">
         <name>USBHHubMain</name>
         <value>0x10099</value>
         <object_component_ref idref="oc-792"/>
      </symbol>
      <symbol id="sm-21ba">
         <name>USBHHubEnumerationComplete</name>
         <value>0x13199</value>
         <object_component_ref idref="oc-8f0"/>
      </symbol>
      <symbol id="sm-21bb">
         <name>USBHHubEnumerationError</name>
         <value>0x131b1</value>
         <object_component_ref idref="oc-902"/>
      </symbol>
      <symbol id="sm-21bc">
         <name>__TI_static_base__</name>
         <value>0x0</value>
      </symbol>
      <symbol id="sm-21bf">
         <name>__mpu_init</name>
         <value>0x0</value>
      </symbol>
      <symbol id="sm-21c0">
         <name>_system_post_cinit</name>
         <value>0x0</value>
      </symbol>
      <symbol id="sm-21c1">
         <name>remove</name>
         <value>0x12ff9</value>
      </symbol>
   </symbol_table>
   <title>Link successful</title>
</link_info>
